01-19 21:59:52.988   212   212 I stm_ts_spi spi1.0: [sec_input]    Rx00 Rx01 Rx02 Rx03 Rx04 Rx05 Rx06 Rx07 Rx08 Rx09 Rx10 Rx11 Rx12 Rx13 Rx14 Rx15 Rx16 Rx17 Rx18 Rx19 Rx20 Rx21 Rx22 Rx23 Rx24 Rx25 Rx26 Rx27 Rx28 Rx29 Rx30 Rx31 Rx32 Rx33 Rx34 Rx35 Rx36 Rx37 Rx38
01-19 21:59:52.988   212   212 I stm_ts_spi spi1.0: [sec_input]  ---------------------------------------------------------------------------------------------------------------------------------------------------------------------------------------------------
01-19 21:59:52.988   212   212 I stm_ts_spi spi1.0: [sec_input] Tx00 |  796  866  887  894  873  875  865  871  873  877  871  874  874  873  879  869  876  879  877  895  990  937  924  909  916  913  916  910  923  912  915  894  894  902  895  902  909  904  789
01-19 21:59:52.988   212   212 I stm_ts_spi spi1.0: [sec_input] Tx01 |  814  900  910  917  896  896  889  894  898  900  892  896  894  892  901  891  895  895  893  910  928  899  895  884  898  893  897  891  905  896  898  876  876  886  880  885  892  897  850
01-19 21:59:52.988   212   212 I stm_ts_spi spi1.0: [sec_input] Tx02 |  826  895  904  912  890  892  884  890  893  897  890  893  894  892  899  889  894  894  891  910  915  887  886  879  890  889  894  890  904  893  893  876  876  884  876  882  891  894  866
01-19 21:59:52.988   212   212 I stm_ts_spi spi1.0: [sec_input] Tx03 |  832  902  911  918  894  896  886  893  896  899  892  894  894  890  896  886  891  891  888  906  909  884  884  874  887  884  887  884  898  889  892  871  871  879  874  880  888  893  865
01-19 21:59:52.988   212   212 I stm_ts_spi spi1.0: [sec_input] Tx04 |  833  900  908  915  891  894  885  891  894  899  892  893  892  888  896  887  891  893  891  908  908  884  883  875  887  887  890  888  904  893  895  877  878  885  876  883  890  895  867
01-19 21:59:52.988   212   212 I stm_ts_spi spi1.0: [sec_input] Tx05 |  829  895  904  911  887  890  882  887  890  895  887  889  890  885  892  881  890  890  887  906  907  882  883  873  886  885  890  887  902  893  893  877  877  884  877  884  891  894  867
01-19 21:59:52.988   212   212 I stm_ts_spi spi1.0: [sec_input] Tx06 |  829  889  900  903  881  885  875  881  886  889  882  885  884  881  888  877  883  885  883  901  901  877  880  870  885  883  891  888  902  892  893  874  876  882  876  882  888  892  864
01-19 21:59:52.988   212   212 I stm_ts_spi spi1.0: [sec_input] Tx07 |  841  892  903  910  887  888  880  885  887  891  882  887  885  883  888  877  885  883  881  900  903  878  877  869  883  881  885  883  899  890  892  874  874  881  877  883  891  895  866
01-19 21:59:52.988   212   212 I stm_ts_spi spi1.0: [sec_input] Tx08 |  847  894  903  909  887  889  880  886  889  893  885  887  887  882  890  880  885  885  883  902  903  878  877  868  883  882  887  883  900  889  891  874  873  883  878  884  893  853  855
01-19 21:59:52.988   212   212 I stm_ts_spi spi1.0: [sec_input] Tx09 |  856  897  906  913  890  892  883  888  892  896  887  890  890  887  893  883  888  889  887  904  906  882  881  871  886  886  890  887  903  892  893  877  878  886  881  888  897  850  846
01-19 21:59:52.988   212   212 I stm_ts_spi spi1.0: [sec_input] Tx10 |  845  895  906  911  887  891  882  889  892  897  888  890  889  886  894  882  887  890  886  905  907  881  878  871  886  886  893  888  901  891  893  874  877  888  884  889  897  902  875
01-19 21:59:52.988   212   212 I stm_ts_spi spi1.0: [sec_input] Tx11 |  840  899  907  913  892  895  886  892  895  900  889  891  892  888  896  886  892  893  890  909  907  883  883  876  892  892  897  892  908  896  896  880  881  890  884  892  899  904  878
01-19 21:59:52.988   212   212 I stm_ts_spi spi1.0: [sec_input] Tx12 |  830  890  899  904  882  887  876  883  887  890  882  882  882  879  886  875  882  883  879  900  898  873  874  868  882  881  887  884  898  886  888  870  871  879  875  881  888  894  869
01-19 21:59:52.988   212   212 I stm_ts_spi spi1.0: [sec_input] Tx13 |  834  892  898  903  880  885  876  881  886  889  880  883  882  879  887  877  882  884  879  897  897  872  874  866  881  880  885  881  896  886  887  870  870  878  873  881  888  895  870
01-19 21:59:52.988   212   212 I stm_ts_spi spi1.0: [sec_input] Tx14 |  923  892  953  905  883  885  878  884  887  891  882  883  883  880  887  877  884  884  883  900  899  875  876  868  883  883  889  884  897  886  888  870  871  875  869  877  887  893  867
01-19 21:59:52.988   212   212 I stm_ts_spi spi1.0: [sec_input] Tx15 |  853  979  973  911  887  890  880  886  891  895  884  886  886  883  890  881  885  888  885  903  903  877  877  869  883  883  886  882  897  888  888  869  869  878  872  877  888  894  872
01-19 21:59:52.988   212   212 I stm_ts_spi spi1.0: [sec_input] Tx16 |  861  903  951  913  892  889  881  886  888  891  883  884  883  881  886  874  882  883  878  897  896  870  872  864  875  874  878  871  887  879  880  861  860  869  864  871  881  891  847
01-19 21:59:52.988   212   212 I stm_ts_spi spi1.0: [sec_input] Tx17 |  885  899  936  914  906  883  873  879  883  885  877  882  884  879  886  876  883  886  884  904  882  855  855  846  860  857  863  858  871  859  861  842  841  852  846  853  863  859  766
01-19 21:59:52.988   212   212 I stm_ts_spi spi1.0: [sec_input] stm_ts_print_frame, min:766, max:990
01-19 21:59:52.988   212   212 I stm_ts_spi spi1.0: [sec_input] run_nonsync_rawcap_read: 766,990
01-19 21:59:52.967   698   698 W auditd  : type=1403 audit(0.0:2): auid=4294967295 ses=4294967295 lsm=selinux res=1
01-19 21:59:53.002     1     1 I selinux : SELinux: Loaded file_contexts
01-19 21:59:53.002     1     1 I selinux :  
01-19 21:59:53.009     1     1 I init    : init second stage started!
01-19 21:59:53.011   212   212 I stm_ts_spi spi1.0: [sec_input] stm_ts_wait_for_echo_event: event 43, 05, 01, 00, 00, 00, 00, 01, 00, 00, 00, 00, 00, 00, 00, 00
01-19 21:59:53.014     1     1 I init    : Using Android DT directory /proc/device-tree/firmware/android/
01-19 21:59:53.015     1     1 W init    : Overriding previous property 'persist.sys.usb.config':'adb' with new value 'none'
01-19 21:59:53.015     1     1 W init    : Couldn't load property file '/system/build.prop': open() failed: No such file or directory: No such file or directory
01-19 21:59:53.015     1     1 W init    : Couldn't load property file '/system_ext/etc/build.prop': open() failed: No such file or directory: No such file or directory
01-19 21:59:53.015     1     1 W init    : Couldn't load property file '/system_ext/default.prop': open() failed: No such file or directory: No such file or directory
01-19 21:59:53.015     1     1 W init    : Couldn't load property file '/system_ext/build.prop': open() failed: No such file or directory: No such file or directory
01-19 21:59:53.015     1     1 W init    : Couldn't load property file '/system_ext/default.prop': open() failed: No such file or directory: No such file or directory
01-19 21:59:53.015     1     1 W init    : Couldn't load property file '/system_ext/build.prop': open() failed: No such file or directory: No such file or directory
01-19 21:59:53.015     1     1 W init    : Couldn't load property file '/vendor/default.prop': open() failed: No such file or directory: No such file or directory
01-19 21:59:53.015     1     1 W init    : Couldn't load property file '/vendor/build.prop': open() failed: No such file or directory: No such file or directory
01-19 21:59:53.015     1     1 W init    : Couldn't load property file '/vendor_dlkm/etc/build.prop': open() failed: No such file or directory: No such file or directory
01-19 21:59:53.015     1     1 W init    : Couldn't load property file '/odm_dlkm/etc/build.prop': open() failed: No such file or directory: No such file or directory
01-19 21:59:53.015     1     1 W init    : Couldn't load property file '/odm/etc/build.prop': open() failed: No such file or directory: No such file or directory
01-19 21:59:53.015     1     1 W init    : Couldn't load property file '/odm/default.prop': open() failed: No such file or directory: No such file or directory
01-19 21:59:53.015     1     1 W init    : Couldn't load property file '/odm/build.prop': open() failed: No such file or directory: No such file or directory
01-19 21:59:53.015     1     1 W init    : Couldn't load property file '/odm/default.prop': open() failed: No such file or directory: No such file or directory
01-19 21:59:53.015     1     1 W init    : Couldn't load property file '/odm/build.prop': open() failed: No such file or directory: No such file or directory
01-19 21:59:53.015     1     1 W init    : Couldn't load property file '/product/etc/build.prop': open() failed: No such file or directory: No such file or directory
01-19 21:59:53.015     1     1 W init    : Couldn't load property file '/product/default.prop': open() failed: No such file or directory: No such file or directory
01-19 21:59:53.015     1     1 W init    : Couldn't load property file '/product/build.prop': open() failed: No such file or directory: No such file or directory
01-19 21:59:53.015     1     1 W init    : Couldn't load property file '/product/default.prop': open() failed: No such file or directory: No such file or directory
01-19 21:59:53.015     1     1 W init    : Couldn't load property file '/product/build.prop': open() failed: No such file or directory: No such file or directory
01-19 21:59:53.015     1     1 E init    : Could not set 'ro.boot.bootdevice' to '1d84000.ufshc' while loading .prop filesRead-only property was already set
01-19 21:59:53.015     1     1 I init    : Setting product property ro.product.brand to 'samsung' (from ro.product.product.brand)
01-19 21:59:53.015     1     1 I init    : Setting product property ro.product.device to 'dm2q' (from ro.product.product.device)
01-19 21:59:53.015     1     1 I init    : Setting product property ro.product.manufacturer to 'samsung' (from ro.product.product.manufacturer)
01-19 21:59:53.015     1     1 I init    : Setting product property ro.product.model to 'SM-S916B' (from ro.product.product.model)
01-19 21:59:53.015     1     1 I init    : Setting product property ro.product.name to 'fox_dm2q' (from ro.product.product.name)
01-19 21:59:53.015     1     1 I init    : Setting property 'ro.build.fingerprint' to 'samsung/fox_dm2q/dm2q:12/SP2A.220405.004/eng.runner.20251207.063209:eng/test-keys'
01-19 21:59:53.015     1     1 I init    : Setting property 'ro.product.cpu.abilist' to 'arm64-v8a,armeabi-v7a,armeabi'
01-19 21:59:53.015     1     1 I init    : Setting property 'ro.product.cpu.abilist32' to 'armeabi-v7a,armeabi'
01-19 21:59:53.015     1     1 I init    : Setting property 'ro.product.cpu.abilist64' to 'arm64-v8a'
01-19 21:59:53.015     1     1 I selinux : SELinux: Loaded file_contexts
01-19 21:59:53.015     1     1 I selinux :  
01-19 21:59:53.015     1     1 I init    : Running restorecon...
01-19 21:59:53.017     1     1 E selinux : SELinux: Could not get canonical path for /metadata/ota/rollback-indicator restorecon: No such file or directory.
01-19 21:59:53.017     1     1 E selinux :  
01-19 21:59:53.017     1     1 E selinux : SELinux:  Could not stat /metadata/gsi: No such file or directory.
01-19 21:59:53.017     1     1 E selinux :  
01-19 21:59:53.017     1     1 I init    : Created socket '/dev/socket/property_service', mode 666, user 0, group 0
01-19 21:59:53.017     1     1 I init    : SetupMountNamespaces done
01-19 21:59:53.017     1     1 I init    : Forked subcontext for 'u:r:vendor_init:s0' with pid 687
01-19 21:59:53.017     1     1 I init    : Parsing file /system/etc/init/hw/init.rc...
01-19 21:59:53.018     1     1 I init    : Added '/init.recovery.logd.rc' to import list
01-19 21:59:53.018     1     1 I init    : Added '/init.recovery.ldconfig.rc' to import list
01-19 21:59:53.018     1     1 I init    : Added '/init.recovery.mksh.rc' to import list
01-19 21:59:53.018     1     1 I init    : Added '/init.recovery.usb.rc' to import list
01-19 21:59:53.018     1     1 I init    : Added '/init.recovery.service.rc' to import list
01-19 21:59:53.018     1     1 I init    : Added '/init.recovery.qcom.rc' to import list
01-19 21:59:53.018     1     1 I init    : Parsing file /init.recovery.logd.rc...
01-19 21:59:53.018     1     1 I init    : Parsing file /init.recovery.ldconfig.rc...
01-19 21:59:53.018     1     1 I init    : Parsing file /init.recovery.mksh.rc...
01-19 21:59:53.018     1     1 I init    : Unable to read config file '/init.recovery.mksh.rc': open() failed: No such file or directory
01-19 21:59:53.018     1     1 I init    : Parsing file /init.recovery.usb.rc...
01-19 21:59:53.018     1     1 I init    : Parsing file /init.recovery.service.rc...
01-19 21:59:53.018     1     1 I init    : Parsing file /init.recovery.qcom.rc...
01-19 21:59:53.018     1     1 I init    : Added '/init.recovery.qcom_decrypt.rc' to import list
01-19 21:59:53.018     1     1 I init    : Parsing file /init.recovery.qcom_decrypt.rc...
01-19 21:59:53.018     1     1 I init    : Unable to read config file '/init.recovery.qcom_decrypt.rc': open() failed: No such file or directory
01-19 21:59:53.018     1     1 I init    : Parsing directory /system/etc/init...
01-19 21:59:53.018     1     1 I init    : Parsing file /system/etc/init/android.hardware.health-service.qti_recovery.rc...
01-19 21:59:53.018     1     1 I init    : Parsing file /system/etc/init/android.hardware.health@2.0-service.rc...
01-19 21:59:53.018     1     1 I init    : Parsing file /system/etc/init/android.hardware.health@2.1-service.rc...
01-19 21:59:53.018     1     1 I init    : Parsing file /system/etc/init/dsms.rc...
01-19 21:59:53.018     1     1 I init    : Parsing file /system/etc/init/dsms_common.rc...
01-19 21:59:53.018     1     1 E init    : /system/etc/init/dsms_common.rc: 3: Unable to find UID for 'vendor_dsms': getpwnam failed: No such file or directory
01-19 21:59:53.018     1     1 E init    : /system/etc/init/dsms_common.rc: 4: Unable to decode GID for 'vendor_dsms': getpwnam failed: No such file or directory
01-19 21:59:53.018     1     1 I init    : Parsing file /system/etc/init/hwservicemanager.rc...
01-19 21:59:53.018     1     1 I init    : Parsing file /system/etc/init/keystore2.rc...
01-19 21:59:53.018     1     1 I init    : Parsing file /system/etc/init/lpdumpd.rc...
01-19 21:59:53.018     1     1 I init    : Parsing file /system/etc/init/servicemanager.rc...
01-19 21:59:53.018     1     1 I init    : Parsing file /system/etc/init/servicemanager.recovery.rc...
01-19 21:59:53.018     1     1 E init    : /system/etc/init/servicemanager.recovery.rc: 1: ignored duplicate definition of service 'servicemanager'
01-19 21:59:53.018     1     1 I init    : Parsing file /system/etc/init/vendor.samsung.hardware.vibrator-default.rc...
01-19 21:59:53.018     1     1 I init    : Parsing file /system/etc/init/vndservicemanager.rc...
01-19 21:59:53.018     1     1 I init    : Parsing file /system_ext/etc/init...
01-19 21:59:53.018     1     1 I init    : Unable to read config file '/system_ext/etc/init': open() failed: No such file or directory
01-19 21:59:53.018     1     1 I init    : Parsing directory /vendor/etc/init...
01-19 21:59:53.018     1     1 I init    : Parsing file /vendor/etc/init/android.hardware.keymaster@4.0-strongbox-service-qti.rc...
01-19 21:59:53.018     1     1 I init    : Parsing file /vendor/etc/init/android.hardware.security.keymint-service.rc...
01-19 21:59:53.018     1     1 I init    : Parsing file /odm/etc/init...
01-19 21:59:53.018     1     1 I init    : Unable to read config file '/odm/etc/init': open() failed: No such file or directory
01-19 21:59:53.018     1     1 I init    : Parsing file /product/etc/init...
01-19 21:59:53.018     1     1 I init    : Unable to read config file '/product/etc/init': open() failed: No such file or directory
01-19 21:59:53.018     1     1 I init    : processing action (SetupCgroups) from (<Builtin Action>:0)
01-19 21:59:53.019     1     1 E cgroup  : Unknown subsys name 'schedtune'
01-19 21:59:53.019     1     1 E libprocessgroup: Failed to mount schedtune cgroup: Invalid argument
01-19 21:59:53.019     1     1 W libprocessgroup: Failed to setup schedtune cgroup
01-19 21:59:53.019     1     1 I init    : processing action (SetKptrRestrict) from (<Builtin Action>:0)
01-19 21:59:53.019     1     1 I init    : processing action (TestPerfEventSelinux) from (<Builtin Action>:0)
01-19 21:59:53.019     1     1 I init    : Permissive SELinux boot, forcing sys.init.perf_lsm_hooks to 1.
01-19 21:59:53.019     1     1 I init    : processing action (early-init) from (/system/etc/init/hw/init.rc:8)
01-19 21:59:53.019     1     1 I init    : Command 'mount cgroup none /acct cpuacct' action=early-init (/system/etc/init/hw/init.rc:13) took 0ms and failed: mount() failed: Device or resource busy
01-19 21:59:53.019     1     1 I init    : starting service 'ueventd'...
01-19 21:59:53.020     1     1 I init    : processing action (wait_for_coldboot_done) from (<Builtin Action>:0)
01-19 21:59:52.995   688   688 I ueventd : type=1400 audit(0.0:3): avc: denied { sys_nice } for capability=23 scontext=u:r:ueventd:s0 tcontext=u:r:ueventd:s0 tclass=capability permissive=1
01-19 21:59:53.027   688   688 I ueventd : ueventd started!
01-19 21:59:53.027   688   688 I selinux : SELinux: Loaded file_contexts
01-19 21:59:53.027   688   688 I selinux :  
01-19 21:59:53.027   688   688 I ueventd : Parsing file /system/etc/ueventd.rc...
01-19 21:59:53.027   688   688 I ueventd : Added '/vendor/etc/ueventd.rc' to import list
01-19 21:59:53.027   688   688 I ueventd : Added '/odm/etc/ueventd.rc' to import list
01-19 21:59:53.027   688   688 E ueventd : /system/etc/ueventd.rc: 46: invalid uid 'prng_seeder'
01-19 21:59:53.027   688   688 E ueventd : /system/etc/ueventd.rc: 100: parallel_restorecon_dir takes either 'enabled' or 'disabled' as a parameter
01-19 21:59:53.027   688   688 E ueventd : /system/etc/ueventd.rc: 101: parallel_restorecon_dir takes either 'enabled' or 'disabled' as a parameter
01-19 21:59:53.027   688   688 E ueventd : /system/etc/ueventd.rc: 102: parallel_restorecon_dir takes either 'enabled' or 'disabled' as a parameter
01-19 21:59:53.027   688   688 E ueventd : /system/etc/ueventd.rc: 103: parallel_restorecon_dir takes either 'enabled' or 'disabled' as a parameter
01-19 21:59:53.027   688   688 E ueventd : /system/etc/ueventd.rc: 104: parallel_restorecon_dir takes either 'enabled' or 'disabled' as a parameter
01-19 21:59:53.027   688   688 E ueventd : /system/etc/ueventd.rc: 105: parallel_restorecon_dir takes either 'enabled' or 'disabled' as a parameter
01-19 21:59:53.027   688   688 E ueventd : /system/etc/ueventd.rc: 106: parallel_restorecon_dir takes either 'enabled' or 'disabled' as a parameter
01-19 21:59:53.027   688   688 E ueventd : /system/etc/ueventd.rc: 107: parallel_restorecon_dir takes either 'enabled' or 'disabled' as a parameter
01-19 21:59:53.027   688   688 E ueventd : /system/etc/ueventd.rc: 108: parallel_restorecon_dir takes either 'enabled' or 'disabled' as a parameter
01-19 21:59:53.027   688   688 E ueventd : /system/etc/ueventd.rc: 109: parallel_restorecon_dir takes either 'enabled' or 'disabled' as a parameter
01-19 21:59:53.027   688   688 E ueventd : /system/etc/ueventd.rc: 110: parallel_restorecon_dir takes either 'enabled' or 'disabled' as a parameter
01-19 21:59:53.027   688   688 I ueventd : Parsing file /vendor/etc/ueventd.rc...
01-19 21:59:53.027   688   688 E ueventd : /vendor/etc/ueventd.rc: 69: ignoring duplicate subsystem entry
01-19 21:59:53.027   688   688 E ueventd : /vendor/etc/ueventd.rc: 94: invalid gid 'system_ext_bridge_rw'
01-19 21:59:53.028   688   688 E ueventd : /vendor/etc/ueventd.rc: 282: /sys/ lines must have 5 or 6 entries
01-19 21:59:53.028   688   688 E ueventd : /vendor/etc/ueventd.rc: 315: invalid uid 'prng_seeder'
01-19 21:59:53.028   688   688 E ueventd : /vendor/etc/ueventd.rc: 502: /sys/ lines must have 5 or 6 entries
01-19 21:59:53.028   688   688 E ueventd : /vendor/etc/ueventd.rc: 503: /sys/ lines must have 5 or 6 entries
01-19 21:59:53.028   688   688 E ueventd : /vendor/etc/ueventd.rc: 596: Invalid section keyword found
01-19 21:59:53.028   688   688 E ueventd : /vendor/etc/ueventd.rc: 961: Invalid section keyword found
01-19 21:59:53.028   688   688 I ueventd : Parsing file /odm/etc/ueventd.rc...
01-19 21:59:53.028   688   688 I ueventd : Unable to read config file '/odm/etc/ueventd.rc': open() failed: No such file or directory
01-19 21:59:53.035   212   212 I stm_ts_spi spi1.0: [sec_input] stm_ts_wait_for_echo_event: event 43, 01, A0, 00, 01, 00, 00, 00, 00, 00, 00, 00, 00, 00, 00, 00
01-19 21:59:53.035   212   212 I stm_ts_spi spi1.0: [sec_input] stm_ts_set_scanmode: 0x01
01-19 21:59:53.050   688   688 I mfc_s2miw04_chg_get_property: cable_type =1
01-19 21:59:53.051   688   688 E power_supply max77705-fuelgauge: driver failed to report `online' property: -22
01-19 21:59:53.051   688   688 W synth uevent: /devices/platform/soc/9c0000.qcom,qupv3_i2c_geni_se/9a0000.i2c/i2c-37/37-0066/max77705-fuelgauge/power_supply/max77705-fuelgauge: failed to send uevent
01-19 21:59:53.051   688   688 E power_supply max77705-fuelgauge: uevent: failed to send synthetic uevent
01-19 21:59:53.056   688   688 D max77705_fg_read_current: current=-1177mA
01-19 21:59:53.056   688   688 I max77705_fg_read_vcell: VCELL(3702)mV, data(0xb924)
01-19 21:59:53.056   688   688 D max77705_fg_read_avg_current: avg_current=-600mA
01-19 21:59:53.056   688   688 D max77705_fg_read_current: current=-1177mA
01-19 21:59:53.057   688   688 D max77705_fg_read_avg_current: avg_current=-600mA
01-19 21:59:53.092   212   212 I stm_ts_spi spi1.0: [sec_input] [Raw Data]
01-19 21:59:53.092   212   212 I stm_ts_spi spi1.0: [sec_input]    Rx00 Rx01 Rx02 Rx03 Rx04 Rx05 Rx06 Rx07 Rx08 Rx09 Rx10 Rx11 Rx12 Rx13 Rx14 Rx15 Rx16 Rx17 Rx18 Rx19 Rx20 Rx21 Rx22 Rx23 Rx24 Rx25 Rx26 Rx27 Rx28 Rx29 Rx30 Rx31 Rx32 Rx33 Rx34 Rx35 Rx36 Rx37 Rx38
01-19 21:59:53.092   212   212 I stm_ts_spi spi1.0: [sec_input]  ---------------------------------------------------------------------------------------------------------------------------------------------------------------------------------------------------
01-19 21:59:53.092   212   212 I stm_ts_spi spi1.0: [sec_input] Tx00 |   13   46  133 -133  -75  246  267  167  137  106  -67 -218 -275  -93  181  -32    2 -159    4   58  -51   32  223  443  277  129   13   -1  -59  -19  -56  -68   32 -164 -193    6    2  244  177
01-19 21:59:53.092   212   212 I stm_ts_spi spi1.0: [sec_input] Tx01 |   13   46  151   45  115  170   81   71  155  102  129 -126 -189  -93  -79  -20 -102   11  192   42 -205  -62   21  119  223  139  223  105  -45 -201    6  -70  -62 -146 -203   76  180  118 -233
01-19 21:59:53.092   212   212 I stm_ts_spi spi1.0: [sec_input] Tx02 |   -3   10   59  439  393   66  -27   65   63  -92 -157 -246   15  -87  -97   60  180  181  102 -148 -241 -138 -139 -151 -153  415  409   39    5   81   10   38 -150  -68 -107   88   -4 -164 -109
01-19 21:59:53.092   212   212 I stm_ts_spi spi1.0: [sec_input] Tx03 |  -19   18  149  245  199  170  163  157   45 -272 -145 -150  -91  -79  183   48   96   -1  -82   24 -203  -24  147   21  117   53   27  -51   19   87  112   16  -60  -78 -105   -2 -198   18  -15
01-19 21:59:53.092   212   212 I stm_ts_spi spi1.0: [sec_input] Tx04 |  -24   33   98   85  109  162  320  208   27  -34   23  -64 -167  -51 -138  -79  233  201   44  -97 -167 -164  -41  -46  -11   91  183  211  186  119  -20   -8 -112  -42  -83  -95 -160  -84  -61
01-19 21:59:53.092   212   212 I stm_ts_spi spi1.0: [sec_input] Tx05 |  -38  113    6   85  217  262   36   34   99  158  309  -44 -267 -153 -144  -79  -39   13   40  107    5  -78 -129  -56 -103   -9   99  223  270  107   58  -22   82  -36  -83 -105   18   -6   23
01-19 21:59:53.092   212   212 I stm_ts_spi spi1.0: [sec_input] Tx06 | -118   89  112  179  211  162  -72   20  201  238  131 -160  -81 -143 -128  101   61    3 -132  -11  171 -154 -127 -236 -105  175  187   45  168  293  -26  -18  -12 -142   19 -193  120   -4  -83
01-19 21:59:53.092   212   212 I stm_ts_spi spi1.0: [sec_input] Tx07 | -124  121    8  191  119   50  216  222   97  242   13 -136 -177 -241 -150  -91  149  183   56    1  -37  -72 -227 -226  -13  267  287  221   76  -59 -120  168  -22   60 -149 -191  -70  -98   13
01-19 21:59:53.092   212   212 I stm_ts_spi spi1.0: [sec_input] Tx08 | -106  171  190  189  199   72   73  169    5   11  114   -3 -231  -41   -1 -173  -92   89  148  -37   -1  -28  -41  -65  -44   96 -106   18  133  115  106  -19  -32  110   18  -55 -264  -93  -75
01-19 21:59:53.092   212   212 I stm_ts_spi spi1.0: [sec_input] Tx09 | -190  219  190   97  203  344  -11  -29  111  107  -66   91 -121 -141    7  -85 -102  107   44   41   -7 -214   43  129  -50 -184 -188  124  225  187  102   81  -16    6  -74   39 -362 -151   91
01-19 21:59:53.092   212   212 I stm_ts_spi spi1.0: [sec_input] Tx10 | -118  119   98  197  115  254  175   87  105   13  114  173  -45 -221 -273  -99  -90   95   48   39   57 -122 -143 -139 -136    0   88  116  211  119 -168   81  -12   18   34  -49 -162   99  109
01-19 21:59:53.092   212   212 I stm_ts_spi spi1.0: [sec_input] Tx11 | -114   83   86  281  127  -18  263  249   11   97  122   83 -135 -133 -269 -187  -92  109  140  117   35   64 -223 -325 -142   92  182   26  119  199    8  -11  -16  -78  -70 -151  -60  109  -69
01-19 21:59:53.092   212   212 I stm_ts_spi spi1.0: [sec_input] Tx12 |   22   40   96   82  163   36  175   20  -33   23  114  272    6 -100   48 -167 -235   15  136  191  -76  -27  147   51 -105 -268 -142  117   21  139   71  203  -58 -162 -167   81  170  -79 -101
01-19 21:59:53.092   212   212 I stm_ts_spi spi1.0: [sec_input] Tx13 |   30  -54  -16 -124   77  120  377  128   59  109  210  188 -182  -10  158 -165 -245 -173  308  279    0  -25   65 -149 -283 -176  -56  -73  211  165  247   21  -62  -78   17   -3  -16 -167  -13
01-19 21:59:53.092   212   212 I stm_ts_spi spi1.0: [sec_input] Tx14 | -162  190   96   86  167  212   79  204  161   99   24  -14  -80  -78 -142    5 -131   97  -44  -23   58  -17 -221 -143  -87  100  244   33  121  -23 -125  -67  -64  -76  127   -1  -86 -263   83
01-19 21:59:53.092   212   212 I stm_ts_spi spi1.0: [sec_input] Tx15 |  -98  -28  -36  328  257  108 -111  132  245  185  300   94  -88 -184 -220    3 -145  -91  148 -111  -62  153   49 -143  -97   -4  126 -165  -77  -21   51  119  -64 -168  -53   91  100 -147 -181
01-19 21:59:53.092   212   212 I stm_ts_spi spi1.0: [sec_input] Tx16 |  -25  100   87  135   33  122   89  115  108   12   18  129   59  -43  -49   60   98    9  -20  -37  -69   14 -313 -465 -387 -142  202  307  303  498  298   86   -5 -117 -154  -30 -125  -70   -3
01-19 21:59:53.092   212   212 I stm_ts_spi spi1.0: [sec_input] Tx17 |   -1    2  151  357   69  106  169   23  118   96   10   61 -117  -53 -139  -16   -2   31  -88  -31  119   -2 -225 -103  -91  -54    0  211  223  106   20 -106 -105 -185  -68  -24 -111   36  -33
01-19 21:59:53.092   212   212 I stm_ts_spi spi1.0: [sec_input] stm_ts_print_frame, min:-465, max:498
01-19 21:59:53.092   212   212 I stm_ts_spi spi1.0: [sec_input] run_rawcap_read: -465,498
01-19 21:59:53.092   212   212 I stm_ts_spi spi1.0: [sec_input] run_self_raw_read
01-19 21:59:53.092   212   212 I stm_ts_spi spi1.0: [sec_input]  TX    00    01    02    03    04    05    06    07    08    09    10    11    12    13    14    15    16    17
01-19 21:59:53.092   212   212 I stm_ts_spi spi1.0: [sec_input]  +------------------------------------------------------------------------------------------------------------
01-19 21:59:53.092   212   212 I stm_ts_spi spi1.0: [sec_input]  |   2130  -593  -752  -383   108   -62   176   -55   271    56    36   -44  -298    -2   131   237   717   880
01-19 21:59:53.092   212   212 I stm_ts_spi spi1.0: [sec_input]  RX    00    01    02    03    04    05    06    07    08    09    10    11    12    13    14    15    16    17
01-19 21:59:53.092   212   212 I stm_ts_spi spi1.0: [sec_input]  +------------------------------------------------------------------------------------------------------------
01-19 21:59:53.092   212   212 I stm_ts_spi spi1.0: [sec_input]  |    803  -169  -170   -98    85    95  -132    -1   -85     0   -20    64    90    46    17  -119    44   -55
01-19 21:59:53.092   212   212 I stm_ts_spi spi1.0: [sec_input]  |    -52    91  -221   -13   102   -60    67    -8    46   -41    26     4    94    68   -17   -77   -34    84
01-19 21:59:53.092   212   212 I stm_ts_spi spi1.0: [sec_input]  |     74   290   152
01-19 21:59:53.092   212   212 I stm_ts_spi spi1.0: [sec_input] stm_ts_read_self_raw_frame: MIN_TX_SELF_RAW: -752 MAX_TX_SELF_RAW : 880
01-19 21:59:53.092   212   212 I stm_ts_spi spi1.0: [sec_input] stm_ts_read_self_raw_frame: MIN_RX_SELF_RAW : -221 MIN_RX_SELF_RAW : 290
01-19 21:59:53.092   212   212 I stm_ts_spi spi1.0: [sec_input] stm_ts_read_self_raw_frame: -752,880,-221,290
01-19 21:59:53.092   212   212 I stm_ts_spi spi1.0: [sec_input] stm_ts_systemreset
01-19 21:59:53.094   695   695 E ueventd : Failed to symlink /dev/block/sdb4 to /dev/block/platform/soc/1d84000.ufshc/by-name/pad, which already links to: /dev/block/sdd4: File exists
01-19 21:59:53.094   695   695 E ueventd : Failed to symlink /dev/block/sdb4 to /dev/block/by-name/pad, which already links to: /dev/block/sdd4: File exists
01-19 21:59:53.101   694   694 E ueventd : Failed to symlink /dev/block/sdf2 to /dev/block/platform/soc/1d84000.ufshc/by-name/pad, which already links to: /dev/block/sdd4: File exists
01-19 21:59:53.101   694   694 E ueventd : Failed to symlink /dev/block/sdf2 to /dev/block/by-name/pad, which already links to: /dev/block/sdd4: File exists
01-19 21:59:53.103   212   212 I stm_ts_spi spi1.0: [sec_input] stm_ts_wait_for_ready: 49, 00, 10, 00, 00, 00, 00, 00
01-19 21:59:53.109   689   689 E ueventd : Failed to symlink /dev/block/sde45 to /dev/block/platform/soc/1d84000.ufshc/by-name/pad, which already links to: /dev/block/sdd4: File exists
01-19 21:59:53.109   689   689 E ueventd : Failed to symlink /dev/block/sde45 to /dev/block/by-name/pad, which already links to: /dev/block/sdd4: File exists
01-19 21:59:53.117   693   693 E ueventd : Failed to symlink /dev/block/sdc3 to /dev/block/platform/soc/1d84000.ufshc/by-name/pad, which already links to: /dev/block/sdd4: File exists
01-19 21:59:53.117   693   693 E ueventd : Failed to symlink /dev/block/sdc3 to /dev/block/by-name/pad, which already links to: /dev/block/sdd4: File exists
01-19 21:59:53.189   686   686 I init    : Wait for property 'ro.cold_boot_done=true' took 169ms
01-19 21:59:53.189     1     1 I init    : processing action (SetMmapRndBits) from (<Builtin Action>:0)
01-19 21:59:53.189     1     1 I init    : processing action (KeychordInit) from (<Builtin Action>:0)
01-19 21:59:53.189     1     1 I init    : processing action (init) from (/system/etc/init/hw/init.rc:23)
01-19 21:59:53.189     1     1 I init    : Command 'symlink /system/bin /bin' action=init (/system/etc/init/hw/init.rc:35) took 0ms and failed: symlink() failed: File exists
01-19 21:59:53.189     1     1 I init    : Command 'symlink /system/etc /etc' action=init (/system/etc/init/hw/init.rc:36) took 0ms and failed: symlink() failed: File exists
01-19 21:59:53.189     1     1 I init    : Command 'mount cgroup none /acct cpuacct' action=init (/system/etc/init/hw/init.rc:38) took 0ms and failed: mount() failed: Device or resource busy
01-19 21:59:53.190     1     1 I init    : processing action (init) from (/init.recovery.logd.rc:1)
01-19 21:59:53.190     1     1 I init    : starting service 'logd'...
01-19 21:59:53.190     1     1 I init    : Created socket '/dev/socket/logdr', mode 666, user 0, group 0
01-19 21:59:53.190     1     1 I init    : Created socket '/dev/socket/logdw', mode 222, user 0, group 0
01-19 21:59:53.190     1     1 I init    : Opened file '/proc/kmsg', flags 0
01-19 21:59:53.190     1     1 I init    : Opened file '/dev/kmsg', flags 1
01-19 21:59:53.191     1     1 I init    : processing action (init) from (/init.recovery.qcom.rc:30)
01-19 21:59:53.159     1     1 I init    : type=1400 audit(0.0:4): avc: denied { write } for name="siop_level" dev="sysfs" ino=114774 scontext=u:r:init:s0 tcontext=u:object_r:sysfs:s0 tclass=file permissive=1
01-19 21:59:53.191     1     1 I sec-battery samsung_mobile_device: battery: sec_bat_store_attrs: siop level: 0
01-19 21:59:53.191     1     1 I sec_bat_set_current_event: current event before(0x40000000), after(0x40800000)
01-19 21:59:53.159     1     1 I init    : type=1400 audit(0.0:5): avc: denied { open } for path="/sys/devices/platform/samsung_mobile_device/samsung_mobile_device:battery/power_supply/battery/siop_level" dev="sysfs" ino=114774 scontext=u:r:init:s0 tcontext=u:object_r:sysfs:s0 tclass=file permissive=1
01-19 21:59:53.191     1     1 I init    : processing action (init) from (/system/etc/init/hwservicemanager.rc:1)
01-19 21:59:53.191     1     1 I init    : starting service 'hwservicemanager'...
01-19 21:59:53.191   688   688 I ueventd : Coldboot took 0.162 seconds
01-19 21:59:53.159   698   698 I init    : type=1400 audit(0.0:6): avc: denied { entrypoint } for path="/system/bin/logd" dev="rootfs" ino=674 scontext=u:r:logd:s0 tcontext=u:object_r:rootfs:s0 tclass=file permissive=1
01-19 21:59:53.159   698   698 I logd    : type=1400 audit(0.0:7): avc: denied { map } for path="/system/bin/logd" dev="rootfs" ino=674 scontext=u:r:logd:s0 tcontext=u:object_r:rootfs:s0 tclass=file permissive=1
01-19 21:59:53.159   698   698 I logd    : type=1400 audit(0.0:8): avc: denied { read } for path="/system/bin/logd" dev="rootfs" ino=674 scontext=u:r:logd:s0 tcontext=u:object_r:rootfs:s0 tclass=file permissive=1
01-19 21:59:53.159   698   698 I logd    : type=1400 audit(0.0:9): avc: denied { execute } for path="/system/bin/logd" dev="rootfs" ino=674 scontext=u:r:logd:s0 tcontext=u:object_r:rootfs:s0 tclass=file permissive=1
01-19 21:59:53.191     1     1 I init    : processing action (init) from (/system/etc/init/servicemanager.rc:1)
01-19 21:59:53.191     1     1 I init    : starting service 'servicemanager'...
01-19 21:59:53.159   698   698 I logd    : type=1400 audit(0.0:10): avc: denied { getattr } for path="/system/bin/logd" dev="rootfs" ino=674 scontext=u:r:logd:s0 tcontext=u:object_r:rootfs:s0 tclass=file permissive=1
01-19 21:59:53.192     1     1 I init    : processing action (init) from (/system/etc/init/vndservicemanager.rc:1)
01-19 21:59:53.192     1     1 I init    : starting service 'vndservicemanager'...
01-19 21:59:53.192     1     1 I init    : processing action (late-init) from (/system/etc/init/hw/init.rc:82)
01-19 21:59:53.192     1     1 I init    : processing action (late-init) from (/system/etc/init/keystore2.rc:9)
01-19 21:59:53.192     1     1 I init    : processing action (queue_property_triggers) from (<Builtin Action>:0)
01-19 21:59:53.192     1     1 I init    : processing action (early-fs) from (/init.recovery.usb.rc:28)
01-19 21:59:53.192     1     1 I init    : processing action (ro.debuggable=1 && fs) from (/system/etc/init/hw/init.rc:115)
01-19 21:59:53.192     1     1 I init    : processing action (sys.usb.configfs=0 && fs) from (/system/etc/init/hw/init.rc:140)
01-19 21:59:53.193     1     1 I init    : processing action (fs) from (/system/etc/init/hw/init.rc:147)
01-19 21:59:53.193     1     1 W         : request_module fs-functionfs succeeded, but still no fs?
01-19 21:59:53.193     1     1 I init    : Command 'mount functionfs adb /dev/usb-ffs/adb uid=2000,gid=2000' action=fs (/system/etc/init/hw/init.rc:151) took 0ms and failed: mount() failed: No such device
01-19 21:59:53.193     1     1 I init    : Command 'mount functionfs fastboot /dev/usb-ffs/fastboot rmode=0770,fmode=0660,uid=1000,gid=1000' action=fs (/system/etc/init/hw/init.rc:153) took 0ms and failed: mount() failed: No such device
01-19 21:59:53.193     1     1 I init    : processing action (fs) from (/init.recovery.ldconfig.rc:1)
01-19 21:59:53.193     1     1 I init    : processing action (fs) from (/init.recovery.usb.rc:31)
01-19 21:59:53.193     1     1 I         : file system registered
01-19 21:59:53.194     1     1 I init    : processing action (fs) from (/init.recovery.qcom.rc:34)
01-19 21:59:53.194     1     1 I init    : wait for '/dev/block/platform/soc/1d84000.ufshc' took 0ms
01-19 21:59:53.194     1     1 I init    : processing action (post-fs) from (/system/etc/init/vendor.samsung.hardware.vibrator-default.rc:1)
01-19 21:59:53.194     1     1 I init    : processing action (post-fs) from (/vendor/etc/init/android.hardware.security.keymint-service.rc:8)
01-19 21:59:53.195   698   698 W logd    : libprocessgroup: Controller freezer is not found
01-19 21:59:53.195   698   698 W logd    : libprocessgroup: Controller sfreezer is not found
01-19 21:59:53.195   698   698 W logd    : libprocessgroup: Controller sfreezer is not found
01-19 21:59:53.195   698   698 W logd    : libprocessgroup: Controller sfreezer is not found
01-19 21:59:53.195   698   698 W logd    : libprocessgroup: SetAttribute: unknown attribute: FreezerState
01-19 21:59:53.195   698   698 W logd    : libprocessgroup: SetAttribute: unknown attribute: FreezerState
01-19 21:59:53.195   698   698 W logd    : libprocessgroup: JoinCgroup: controller sfreezer is not found
01-19 21:59:53.195   698   698 W logd    : libprocessgroup: JoinCgroup: controller sfreezer is not found
01-19 21:59:53.195   698   698 W logd    : libprocessgroup: JoinCgroup: controller sfreezer is not found
01-19 21:59:53.195   698   698 W logd    : libprocessgroup: Unknown profile action: SetSchedulerPolicy
01-19 21:59:53.195   698   698 W logd    : libprocessgroup: JoinCgroup: controller sfreezer is not found
01-19 21:59:53.195   698   698 W logd    : libprocessgroup: SetAttribute: unknown attribute: SlowdownState
01-19 21:59:53.195   698   698 W logd    : libprocessgroup: SetAttribute: unknown attribute: SlowdownState
01-19 21:59:53.195   698   698 W logd    : libprocessgroup: SetAttribute: unknown attribute: OlafState
01-19 21:59:53.195   698   698 W logd    : libprocessgroup: SetAttribute: unknown attribute: OlafState
01-19 21:59:53.196   698   698 I logd.auditd: start
01-19 21:59:53.163   700   700 I servicemanager: type=1400 audit(0.0:19): avc: denied { create } for scontext=u:r:recovery:s0 tcontext=u:r:recovery:s0 tclass=netlink_selinux_socket permissive=1
01-19 21:59:53.163   700   700 I servicemanager: type=1400 audit(0.0:20): avc: denied { bind } for scontext=u:r:recovery:s0 tcontext=u:r:recovery:s0 tclass=netlink_selinux_socket permissive=1
01-19 21:59:53.163   700   700 I servicemanager: type=1400 audit(0.0:21): avc: denied { read } for name="perms" dev="selinuxfs" ino=67112490 scontext=u:r:recovery:s0 tcontext=u:object_r:selinuxfs:s0 tclass=dir permissive=1
01-19 21:59:53.163   700   700 I servicemanager: type=1400 audit(0.0:22): avc: denied { open } for path="/sys/fs/selinux/class/service_manager/perms" dev="selinuxfs" ino=67112490 scontext=u:r:recovery:s0 tcontext=u:object_r:selinuxfs:s0 tclass=dir permissive=1
01-19 21:59:53.163   700   700 I servicemanager: type=1400 audit(0.0:23): avc: denied { write } for name="access" dev="selinuxfs" ino=6 scontext=u:r:recovery:s0 tcontext=u:object_r:selinuxfs:s0 tclass=file permissive=1
01-19 21:59:53.163   700   700 I servicemanager: type=1400 audit(0.0:24): avc: denied { compute_av } for scontext=u:r:recovery:s0 tcontext=u:object_r:kernel:s0 tclass=security permissive=1
01-19 21:59:53.163   700   700 I servicemanager: type=1400 audit(0.0:25): avc: denied { set_context_mgr } for scontext=u:r:recovery:s0 tcontext=u:r:recovery:s0 tclass=binder permissive=1
01-19 21:59:53.167     1     1 I unknown : type=1107 audit(0.0:26): uid=0 auid=4294967295 ses=4294967295 subj=u:r:init:s0 msg='avc: denied { set } for property=hwservicemanager.ready pid=699 uid=0 gid=0 scontext=u:r:recovery:s0 tcontext=u:object_r:hwservicemanager_prop:s0 tclass=property_service permissive=1'
01-19 21:59:53.175   701   701 I vndservicemanag: type=1400 audit(0.0:27): avc: denied { read } for name="vndbinder" dev="binder" ino=6 scontext=u:r:recovery:s0 tcontext=u:object_r:vndbinder_device:s0 tclass=chr_file permissive=1
01-19 21:59:53.175   701   701 I vndservicemanag: type=1400 audit(0.0:28): avc: denied { write } for name="vndbinder" dev="binder" ino=6 scontext=u:r:recovery:s0 tcontext=u:object_r:vndbinder_device:s0 tclass=chr_file permissive=1
01-19 21:59:53.175   701   701 I vndservicemanag: type=1400 audit(0.0:29): avc: denied { open } for path="/dev/binderfs/vndbinder" dev="binder" ino=6 scontext=u:r:recovery:s0 tcontext=u:object_r:vndbinder_device:s0 tclass=chr_file permissive=1
01-19 21:59:53.175   701   701 I vndservicemanag: type=1400 audit(0.0:30): avc: denied { ioctl } for path="/dev/binderfs/vndbinder" dev="binder" ino=6 ioctlcmd=0x6209 scontext=u:r:recovery:s0 tcontext=u:object_r:vndbinder_device:s0 tclass=chr_file permissive=1
01-19 21:59:53.175   701   701 I vndservicemanag: type=1400 audit(0.0:31): avc: denied { map } for path="/dev/binderfs/vndbinder" dev="binder" ino=6 scontext=u:r:recovery:s0 tcontext=u:object_r:vndbinder_device:s0 tclass=chr_file permissive=1
01-19 21:59:53.183   705   705 I recovery: type=1400 audit(0.0:32): avc: denied { getattr } for path="/sys/devices/virtual/thermal/thermal_zone31/temp" dev="sysfs" ino=37526 scontext=u:r:recovery:s0 tcontext=u:object_r:sysfs:s0 tclass=file permissive=1
01-19 21:59:53.183     1     1 I unknown : type=1107 audit(0.0:33): uid=0 auid=4294967295 ses=4294967295 subj=u:r:init:s0 msg='avc: denied { set } for property=ro.fastbootd.available pid=705 uid=0 gid=0 scontext=u:r:recovery:s0 tcontext=u:object_r:default_prop:s0 tclass=property_service permissive=1'
01-19 21:59:53.191   705   705 I recovery: type=1400 audit(0.0:34): avc: denied { write } for name="brightness" dev="sysfs" ino=128293 scontext=u:r:recovery:s0 tcontext=u:object_r:sysfs:s0 tclass=file permissive=1
01-19 21:59:53.191   705   705 I recovery: type=1400 audit(0.0:35): avc: denied { open } for path="/sys/devices/platform/soc/ae00000.qcom,mdss_mdp/backlight/panel0-backlight/brightness" dev="sysfs" ino=128293 scontext=u:r:recovery:s0 tcontext=u:object_r:sysfs:s0 tclass=file permissive=1
01-19 21:59:53.199     1     1 I init    : processing action (post-fs-data) from (/system/etc/init/hw/init.rc:94)
01-19 21:59:53.199     1     1 I init    : processing action (post-fs-data) from (/system/etc/init/dsms.rc:1)
01-19 21:59:53.199     1     1 I init    : Command 'mkdir /efs/dsms 0310 vendor_dsms vendor_dsms' action=post-fs-data (/system/etc/init/dsms.rc:2) took 0ms and failed: Unable to decode UID for 'vendor_dsms': getpwnam failed: No such file or directory
01-19 21:59:53.199     1     1 I init    : Command 'chown vendor_dsms vendor_dsms /efs/dsms/recovery.log' action=post-fs-data (/system/etc/init/dsms.rc:3) took 0ms and failed: Unable to decode UID for 'vendor_dsms': getpwnam failed: No such file or directory
01-19 21:59:53.199     1     1 I init    : Command 'chown vendor_dsms vendor_dsms /efs/dsms/factory.log' action=post-fs-data (/system/etc/init/dsms.rc:5) took 0ms and failed: Unable to decode UID for 'vendor_dsms': getpwnam failed: No such file or directory
01-19 21:59:53.199     1     1 E selinux : SELinux:  Could not stat /efs/dsms: No such file or directory.
01-19 21:59:53.199     1     1 E selinux :  
01-19 21:59:53.199     1     1 I init    : processing action (post-fs-data) from (/vendor/etc/init/android.hardware.security.keymint-service.rc:14)
01-19 21:59:53.199     1     1 I init    : processing action (firmware_mounts_complete) from (/system/etc/init/hw/init.rc:78)
01-19 21:59:53.199     1     1 I init    : processing action (boot) from (/system/etc/init/hw/init.rc:71)
01-19 21:59:53.200     1     1 I init    : starting service 'recovery'...
01-19 21:59:53.200     1     1 I init    : Created socket '/dev/socket/recovery', mode 422, user 1000, group 1000
01-19 21:59:53.200     1     1 I init    : processing action (boot) from (/init.recovery.qcom.rc:38)
01-19 21:59:53.200     1     1 I init    : processing action (boot) from (/system/etc/init/dsms_common.rc:8)
01-19 21:59:53.200     1     1 I init    : processing action (enable_property_trigger) from (<Builtin Action>:0)
01-19 21:59:53.200     1     1 I init    : processing action (ro.debuggable=1) from (/system/etc/init/hw/init.rc:109)
01-19 21:59:53.200     1     1 I init    : processing action (sys.usb.config=adb) from (/system/etc/init/hw/init.rc:155)
01-19 21:59:53.200     1     1 I init    : starting service 'adbd'...
01-19 21:59:53.200     1     1 I init    : Created socket '/dev/socket/adbd', mode 660, user 1000, group 1000
01-19 21:59:53.201     1     1 I init    : processing action (sys.usb.config=adb && sys.usb.configfs=0) from (/system/etc/init/hw/init.rc:167)
01-19 21:59:53.201     1     1 I init    : Command 'write /sys/class/android_usb/android0/idProduct D001' action=sys.usb.config=adb && sys.usb.configfs=0 (/system/etc/init/hw/init.rc:168) took 0ms and failed: Unable to write to file '/sys/class/android_usb/android0/idProduct': open() failed: Permission denied
01-19 21:59:53.201     1     1 I init    : Command 'write /sys/class/android_usb/android0/functions adb' action=sys.usb.config=adb && sys.usb.configfs=0 (/system/etc/init/hw/init.rc:169) took 0ms and failed: Unable to write to file '/sys/class/android_usb/android0/functions': open() failed: Permission denied
01-19 21:59:53.201     1     1 I init    : Command 'write /sys/class/android_usb/android0/enable 1' action=sys.usb.config=adb && sys.usb.configfs=0 (/system/etc/init/hw/init.rc:170) took 0ms and failed: Unable to write to file '/sys/class/android_usb/android0/enable': open() failed: Permission denied
01-19 21:59:53.201     1     1 I init    : processing action (sys.usb.config=adb) from (/init.recovery.usb.rc:53)
01-19 21:59:53.201     1     1 I init    : processing action (service.adb.root=1) from (/system/etc/init/hw/init.rc:124)
01-19 21:59:53.201     1     1 I init    : Sending signal 9 to service 'adbd' (pid 706) process group...
01-19 21:59:53.201   701   701 E init    : failed to write pid to files: couldn't write 701 to /dev/cpuset/system-background/tasks: No such file or directory
01-19 21:59:53.207   212   212 I stm_ts_spi spi1.0: [sec_input] stm_ts_wait_for_echo_event: event 43, 01, 62, 00, 00, 00, 00, 00, 00, 00, 00, 00, 00, 00, 00, 00
01-19 21:59:53.211     1     1 I libprocessgroup: Successfully killed process cgroup uid 0 pid 706 in 10ms
01-19 21:59:53.211     1     1 I init    : Service 'adbd' (pid 706) received signal 9
01-19 21:59:53.199   710   710 I chmod   : type=1400 audit(0.0:36): avc: denied { setattr } for name="bash" dev="rootfs" ino=543 scontext=u:r:recovery:s0 tcontext=u:object_r:rootfs:s0 tclass=file permissive=1
01-19 21:59:53.215     1     1 I unknown : type=1107 audit(0.0:37): uid=0 auid=4294967295 ses=4294967295 subj=u:r:init:s0 msg='avc: denied { set } for property=ro.product.device pid=705 uid=0 gid=0 scontext=u:r:recovery:s0 tcontext=u:object_r:build_prop:s0 tclass=property_service permissive=1'
01-19 21:59:53.219   705   705 W libc    : Unable to set property "ro.product.device" to "dm2q": error code: 0xb
01-19 21:59:53.247   686   686 E init    : Unable to set property 'ro.product.device' from uid:0 gid:0 pid:705: Read-only property was already set
01-19 21:59:53.224   705   705 W libc    : Unable to set property "ro.fastbootd.available" to "1": error code: 0xb
01-19 21:59:53.251   686   686 E init    : Unable to set property 'ro.fastbootd.available' from uid:0 gid:0 pid:705: Read-only property was already set
01-19 21:59:53.232   705   705 I recovery: Boot command: boot-recovery
01-19 21:59:53.227   705   705 I recovery: type=1400 audit(0.0:38): avc: denied { write } for name="etc" dev="rootfs" ino=828 scontext=u:r:recovery:s0 tcontext=u:object_r:rootfs:s0 tclass=dir permissive=1
01-19 21:59:53.227   705   705 I recovery: type=1400 audit(0.0:39): avc: denied { add_name } for name="mtab" scontext=u:r:recovery:s0 tcontext=u:object_r:rootfs:s0 tclass=dir permissive=1
01-19 21:59:53.227   705   705 I recovery: type=1400 audit(0.0:40): avc: denied { create } for name="mtab" scontext=u:r:recovery:s0 tcontext=u:object_r:rootfs:s0 tclass=lnk_file permissive=1
01-19 21:59:53.234   705   705 I recovery: [libfs_mgr]Created logical partition system on device /dev/block/dm-0
01-19 21:59:53.235   705   705 I recovery: [libfs_mgr]Created logical partition vendor on device /dev/block/dm-1
01-19 21:59:53.236   705   705 I recovery: [libfs_mgr]Created logical partition product on device /dev/block/dm-2
01-19 21:59:53.238   705   705 I recovery: [libfs_mgr]Created logical partition system_ext on device /dev/block/dm-3
01-19 21:59:53.239   705   705 I recovery: [libfs_mgr]Created logical partition odm on device /dev/block/dm-4
01-19 21:59:53.240   705   705 I recovery: [libfs_mgr]Created logical partition vendor_dlkm on device /dev/block/dm-5
01-19 21:59:53.235   705   705 I recovery: type=1400 audit(0.0:41): avc: denied { create } for name="system_root" scontext=u:r:recovery:s0 tcontext=u:object_r:rootfs:s0 tclass=dir permissive=1
01-19 21:59:53.235   705   705 I recovery: type=1400 audit(0.0:42): avc: denied { ioctl } for path="/dev/block/dm-0" dev="tmpfs" ino=989 ioctlcmd=0x5331 scontext=u:r:recovery:s0 tcontext=u:object_r:dm_device:s0 tclass=blk_file permissive=1
01-19 21:59:53.241   705   705 I recovery: [libfs_mgr]Created logical partition system_dlkm on device /dev/block/dm-6
01-19 21:59:53.235   705   705 I recovery: type=1400 audit(0.0:43): avc: denied { sys_rawio } for capability=17 scontext=u:r:recovery:s0 tcontext=u:r:recovery:s0 tclass=capability permissive=1
