01-19 21:59:50.923     1     1 I [SDE_0] ss_parse_panel_legoop_table_str: [samsung,manual_aor_48hs_table_revA] len: 6130 (613 X 2)
01-19 21:59:50.923     1     1 I [SDE_0] ss_panel_parse_disable_vrr_modes: disable vrr modes: 0NS
01-19 21:59:50.923     1     1 I [SDE_0] ss_panel_parse_dt: set panel bl max level = 612
01-19 21:59:50.923     1     1 I [SDE_0] ss_panel_parse_dt: support_ss_cmd: 1, ss_cmd_dsc_long_write: 0, ss_cmd_dsc_short_write_param: 0, ss_cmd_always_last_command_set: 0, allow_level_key_once: 1
01-19 21:59:50.924     1     1 I [SDE_0] ss_wrapper_parse_symbol: Parsing Symbol(POWER_ON_PRE_SETTING) from DT node
01-19 21:59:50.924     1     1 I [SDE_0] ss_wrapper_parse_symbol: Parsing Symbol(POWER_ON_POST_SETTING) from DT node
01-19 21:59:50.924     1     1 I [SDE_0] ss_wrapper_parse_symbol: Parsing Symbol(POWER_OFF_SETTTING) from DT node
01-19 21:59:50.924     1     1 I [SDE_0] ss_wrapper_parse_symbol: Parsing Symbol(BRIGHTNESS_SETTING) from DT node
01-19 21:59:50.925     1     1 I [SDE_0] ss_wrapper_parse_symbol: Parsing Symbol(HLPM_BRIGHTNESS_SETTING) from DT node
01-19 21:59:50.925     1     1 I [SDE_0] ss_wrapper_parse_symbol: Parsing Symbol(HMD_BRIGHTNESS_SETTING) from DT node
01-19 21:59:50.925     1     1 I [SDE_0] ss_wrapper_parse_symbol: Parsing Symbol(HLPM_ON_SETTING) from DT node
01-19 21:59:50.925     1     1 I [SDE_0] ss_wrapper_parse_symbol: Parsing Symbol(HLPM_OFF_SETTING) from DT node
01-19 21:59:50.925     1     1 I [SDE_0] ss_wrapper_parse_symbol: Parsing Symbol(HLPM_AOR_SETTING) from DT node
01-19 21:59:50.926     1     1 I [SDE_0] ss_wrapper_parse_symbol: Parsing Symbol(HMD_ON_SETTING) from DT node
01-19 21:59:50.926     1     1 I [SDE_0] ss_wrapper_parse_symbol: Parsing Symbol(HMD_OFF_SETTING) from DT node
01-19 21:59:50.926     1     1 I [SDE_0] ss_wrapper_parse_symbol: Parsing Symbol(FFC_SET_0) from DT node
01-19 21:59:50.926     1     1 I [SDE_0] ss_wrapper_parse_symbol: Parsing Symbol(FFC_SET_1) from DT node
01-19 21:59:50.926     1     1 I [SDE_0] ss_wrapper_parse_symbol: Parsing Symbol(FFC_SET_2) from DT node
01-19 21:59:50.926     1     1 I [SDE_0] ss_wrapper_parse_symbol: Parsing Symbol(OSC_0) from DT node
01-19 21:59:50.926     1     1 I [SDE_0] ss_wrapper_parse_symbol: Parsing Symbol(OSC_1) from DT node
01-19 21:59:50.926     1     1 I [SDE_0] ss_wrapper_parse_symbol: Parsing Symbol(copr_enable_tx_cmd) from DT node
01-19 21:59:50.927     1     1 I [SDE_0] ss_wrapper_parse_symbol: Parsing Symbol(mcd_on_tx_cmd) from DT node
01-19 21:59:50.927     1     1 I [SDE_0] ss_wrapper_parse_symbol: Parsing Symbol(mcd_off_tx_cmd) from DT node
01-19 21:59:50.927     1     1 I [SDE_0] ss_wrapper_parse_symbol: Parsing Symbol(xtalk_on_tx_cmd) from DT node
01-19 21:59:50.927     1     1 I [SDE_0] ss_wrapper_parse_symbol: Parsing Symbol(xtalk_off_tx_cmd) from DT node
01-19 21:59:50.928     1     1 I [SDE_0] ss_wrapper_parse_symbol: Parsing Symbol(DIA_SETTING) from DT node
01-19 21:59:50.929     1     1 I [SDE_0] ss_wrapper_parse_symbol: Parsing Symbol(gct_ecc_rx_cmd) from DT node
01-19 21:59:50.929     1     1 I [SDE_0] ss_create_cmd_packets: set gpara offset : rx_addr F8 / offset 2
01-19 21:59:50.929     1     1 I [SDE_0] ss_wrapper_parse_symbol: Parsing Symbol(ssr_tx_cmd) from DT node
01-19 21:59:50.929     1     1 I [SDE_0] ss_create_cmd_packets: set gpara offset : rx_addr F6 / offset 9
01-19 21:59:50.929     1     1 I [SDE_0] ss_create_cmd_packets: set gpara offset : rx_addr FB / offset 23
01-19 21:59:50.929     1     1 I [SDE_0] ss_wrapper_parse_symbol: Parsing Symbol(gct_lv_tx_cmd) from DT node
01-19 21:59:50.929     1     1 I [SDE_0] ss_wrapper_parse_symbol: Parsing Symbol(gct_hv_tx_cmd) from DT node
01-19 21:59:50.929     1     1 I [SDE_0] ss_wrapper_parse_symbol: Parsing Symbol(gray_spot_on_tx_cmd) from DT node
01-19 21:59:50.929     1     1 I [SDE_0] ss_wrapper_parse_symbol: Parsing Symbol(gray_spot_off_tx_cmd) from DT node
01-19 21:59:50.929     1     1 I [SDE_0] ss_wrapper_parse_symbol: Parsing Symbol(micro_crack_on_tx_cmd) from DT node
01-19 21:59:50.929     1     1 I [SDE_0] ss_wrapper_parse_symbol: Parsing Symbol(micro_crack_off_tx_cmd) from DT node
01-19 21:59:50.929     1     1 I [SDE_0] ss_wrapper_parse_symbol: Parsing Symbol(ccd_on_tx_cmd) from DT node
01-19 21:59:50.929     1     1 I [SDE_0] ss_wrapper_parse_symbol: Parsing Symbol(ccd_off_tx_cmd) from DT node
01-19 21:59:50.930     1     1 I [SDE_0] ss_wrapper_parse_symbol: Parsing Symbol(dsc_crc_tx_cmd) from DT node
01-19 21:59:50.930     1     1 I [SDE_0] ss_wrapper_parse_symbol: Parsing Symbol(ANALOG_OFFSET_1) from DT node
01-19 21:59:50.930     1     1 I [SDE_0] ss_wrapper_parse_symbol: Parsing Symbol(ANALOG_OFFSET_2) from DT node
01-19 21:59:50.930     1     1 E [SDE_0] ss_bridge_qc_cmd_update: error: unmatched countcritical count err(0,0)
01-19 21:59:50.930     1     1 E [SDE_0] ss_wrapper_parse_cmd_sets: error: fail to update qc cmd(-14)
01-19 21:59:50.930     1     1 E [SDE_0] ss_dsi_panel_parse_cmd_sets: error: failed to parse set 351(samsung,vrr_gm2_gamma_comp2_tx_cmds_revA), rc: -14
01-19 21:59:50.930     1     1 I [SDE_0] ss_wrapper_parse_symbol: Parsing Symbol(ANALOG_OFFSET_3) from DT node
01-19 21:59:50.930     1     1 E [SDE_0] ss_bridge_qc_cmd_update: error: unmatched countcritical count err(0,0)
01-19 21:59:50.930     1     1 E [SDE_0] ss_wrapper_parse_cmd_sets: error: fail to update qc cmd(-14)
01-19 21:59:50.930     1     1 E [SDE_0] ss_dsi_panel_parse_cmd_sets: error: failed to parse set 352(samsung,vrr_gm2_gamma_comp3_tx_cmds_revA), rc: -14
01-19 21:59:50.931     1     1 I [SDE_0] ss_wrapper_parse_symbol: Parsing Symbol(flash_loading_check_tx_cmd) from DT node
01-19 21:59:50.931     1     1 I [SDE_0] ss_create_cmd_packets: set gpara offset : rx_addr 91 / offset 40
01-19 21:59:50.932     1     1 I [SDE_0] ss_dsi_panel_parse_cmd_sets_from_buf: File loading is not done. Skip parsing from buf
01-19 21:59:50.932     1     1 I [SDE_0] prep_otp: otp_len: 1, addr: 94, off: 18
01-19 21:59:50.932     1     1 I [SDE_0] ss_panel_parse_dt: vdd->pll_ssc_disabled = 0
01-19 21:59:50.932     1     1 I [SDE_0] ss_panel_parse_dt: support_lp_rx_err_recovery : 1
01-19 21:59:50.932     1     1 I irq     : IRQ387: trimming hierarchy from :soc:interrupt-controller@b220000-9
01-19 21:59:50.932     1     1 I [SDE_0] ss_panel_parse_dt_esd: [ESD] gpio : 487, irq : 387
01-19 21:59:50.932     1     1 I [SDE_0] ss_panel_parse_dt_esd: samsung esd enabled mode (5)
01-19 21:59:50.932     1     1 I irq     : IRQ388: trimming hierarchy from :soc:interrupt-controller@b220000-9
01-19 21:59:50.932     1     1 I [SDE_0] ss_panel_parse_dt_ub_con: [ub_con_det] gpio : 409, irq : 388 status : 0
01-19 21:59:50.932     1     1 I [SDE_0] ss_panel_parse_dt: gamma_step hbm: 0 normal: 0 hmt: 0
01-19 21:59:50.932     1     1 I [SDE_0] ss_panel_parse_dt: gamma_size gamma:34 aor:2 vint:1 elvss:3 irc:17 dbv:17
01-19 21:59:50.932     1     1 I [SDE_0] ss_panel_parse_dt_br_table: no samsung,flash_gamma_type, rc=-22
01-19 21:59:50.932     1     1 I [SDE_0] ss_panel_parse_dt_br_table: no br_tables root node to parse
01-19 21:59:50.932     1     1 I [SDE_0] ss_panel_parse_dt: rsc_4_frame_idle : 1
01-19 21:59:50.932     1     1 I [SDE_0] ss_panel_parse_dt: support: vrr: 1, brr: 0, black_frame: 0, delayed_perf: 0, lfd: 0, te_mod: 0
01-19 21:59:50.932     1     1 I [SDE_0] ss_panel_parse_dt: need_brightness_lock : Not support brightness_lock
01-19 21:59:50.932     1     1 I [SDE_0] ss_panel_parse_dt: no_qcom_pps : Not support no_qcom_pps
01-19 21:59:50.932     1     1 I [SDE_0] ss_panel_parse_dt: aot_enable : aot_enable doesn't support
01-19 21:59:50.932     1     1 I [SDE_0] ss_panel_parse_dt: aot_reset_regulator : Not aot_reset_regulator
01-19 21:59:50.932     1     1 I [SDE_0] ss_panel_parse_dt: aot_reset_regulator_late : disabled
01-19 21:59:50.932     1     1 I [SDE_0] ss_panel_parse_dt: aot_reset_early_off : disabled
01-19 21:59:50.932     1     1 I [SDE_0] ss_panel_parse_dt: esd_touch_notify is Not supported
01-19 21:59:50.932     1     1 I [SDE_0] ss_panel_parse_dt: support_early_id_read : doesn't support
01-19 21:59:50.932     1     1 I [SDE_0] ss_panel_parse_dt: lp11_sleep_ms_time : 0
01-19 21:59:50.932     1     1 I [SDE_0] ss_panel_parse_dt: cmd_set_on_splash_enabled [disabled]
01-19 21:59:50.932     1     1 I [SDE_0] ss_mafpc_parse_dt: mafpc crc_data[0] = df
01-19 21:59:50.932     1     1 I [SDE_0] ss_mafpc_parse_dt: mafpc crc_data[1] = b0
01-19 21:59:50.932     1     1 I [SDE_0] ss_self_disp_parse_dt: self mask crc_data[0] = 74
01-19 21:59:50.932     1     1 I [SDE_0] ss_self_disp_parse_dt: self mask crc_data[1] = 2e
01-19 21:59:50.932     1     1 I [SDE_0] ss_test_mode_parse_dt: gct valid_checksum: 0x30 0x30 0x30 0x30
01-19 21:59:50.932     1     1 I [SDE_0] ss_test_mode_parse_dt: vdd->gct.is_support = 1
01-19 21:59:50.932     1     1 I [SDE_0] ss_test_mode_parse_dt: CCD fail value [01]
01-19 21:59:50.932     1     1 I [SDE_0] ss_test_mode_parse_dt: dsc crc valid_chksum: 4D 16
01-19 21:59:50.932     1     1 I [SDE_0] ss_test_mode_parse_dt: ecc_pass_val: 0x00 0x00 0x00
01-19 21:59:50.932     1     1 I [SDE_0] ss_panel_parse_dt: use_flash_done_recovery [disabled]
01-19 21:59:50.932     1     1 I [SDE_0] ss_panel_parse_dt: bl_delay_until_disp_on : disabled
01-19 21:59:50.932     1     1 I [SDE_0] ss_spi_init: ss_spi_init : ++ ddi_spi
01-19 21:59:50.932     1     1 W         : SPI driver ddi_spi has no spi_device_id for ss,ddi-spi
01-19 21:59:50.932     1     1 I [SDE_0] ss_spi_init: ss_spi_init : --
01-19 21:59:50.932     1     1 I [SDE_0] ss_dsi_poc_init: ++
01-19 21:59:50.932     1     1 I         : dpui_logging_register register type PANEL
01-19 21:59:50.932     1     1 I [SDE_0] ss_dsi_poc_init: --
01-19 21:59:50.932     1     1 I [SDE_0] self_display_init_FAC: Success to register self_disp device..(0)
01-19 21:59:50.932     1     1 I [SDE_0] ss_self_display_data_init: ++
01-19 21:59:50.932     1     1 I [SDE_0] make_self_dispaly_img_cmds_FAC: ++
01-19 21:59:50.932     1     1 I [SDE_0] make_self_dispaly_img_cmds_FAC: [236] total data size [4560]
01-19 21:59:50.932     1     1 I [SDE_0] make_self_dispaly_img_cmds_FAC: cmd size [57] ss_txbuf size [80]
01-19 21:59:50.932     1     1 I [SDE_0] make_self_dispaly_img_cmds_FAC: allocate pcmds->cmds
01-19 21:59:50.932     1     1 I [SDE_0] make_self_dispaly_img_cmds_FAC: [CheckSum] cmd=236, data_size = 4560, cs_0 = 0x104D2, cs_1 = 0x1CCB4, cs_2 = 0x135D5, cs_3 = 0x1432B
01-19 21:59:50.932     1     1 I [SDE_0] make_self_dispaly_img_cmds_FAC: --
01-19 21:59:50.932     1     1 I [SDE_0] ss_self_display_data_init: --
01-19 21:59:50.932     1     1 I [SDE_0] ss_mafpc_init_FAC: Success to register mafpc device..(0)
01-19 21:59:50.932     1     1 I [SDE_0] ss_mafpc_data_init: mAFPC Panel Data init
01-19 21:59:50.932     1     1 I [SDE_0] ss_mafpc_make_img_mass_cmds_FAC: Command [TX_SELF_MAFPC_IMAGE not parsed from DTSI], Total data size [843480], total cmd len [846788], cmd count [1]
01-19 21:59:50.932     1     1 I [SDE_0] ss_mafpc_make_img_mass_cmds_FAC: alloc mem for mafpc cmd
01-19 21:59:50.933     1     1 I [SDE_0] ss_mafpc_make_img_mass_cmds_FAC: Total Cmd Count(1), Last Cmd Payload Len(846788)
01-19 21:59:50.933     1     1 I [SDE_0] ss_copr_init: ver[0] display_read[0] tx_bpw(0) rx_bpw(0) tx_size(0) rx_size(0) rx_addr(0) on(1)
01-19 21:59:50.933     1     1 I [SDE_0] ss_copr_init: Success to initialized copr ..
01-19 21:59:50.933     1     1 I [SDE_0] ss_panel_init: window_color : []
01-19 21:59:50.933     1     1 I [SDE_0] ss_panel_init: --
01-19 21:59:50.933     1     1 I [drm:dsi_display_bind [msm_drm]] [msm-dsi-info]: Successfully bind display panel 'DM2_S6E3FAC_AMB655AY01 '
01-19 21:59:50.933     1     1 I msm_drm ae00000.qcom,mdss_mdp: bound soc:qcom,dsi-display-primary (ops dsi_display_comp_ops [msm_drm])
01-19 21:59:50.933     1     1 I msm_drm ae00000.qcom,mdss_mdp: bound soc:qcom,dsi-display-secondary (ops dsi_display_comp_ops [msm_drm])
01-19 21:59:50.933     1     1 I msm_drm ae00000.qcom,mdss_mdp: bound soc:qcom,smmu_sde_unsec_cb (ops msm_smmu_comp_ops [msm_drm])
01-19 21:59:50.933     1     1 I msm_drm ae00000.qcom,mdss_mdp: bound soc:qcom,wb-display@1 (ops sde_wb_comp_ops [msm_drm])
01-19 21:59:50.934     1     1 I msm_drm ae00000.qcom,mdss_mdp: bound soc:qcom,wb-display@2 (ops sde_wb_comp_ops [msm_drm])
01-19 21:59:50.934     1     1 I msm_drm ae00000.qcom,mdss_mdp: bound af20000.qcom,sde_rscc (ops sde_rsc_comp_ops [msm_drm])
01-19 21:59:50.934     1     1 I msm_drm ae00000.qcom,mdss_mdp: bound ae90000.qcom,dp_display (ops dp_display_comp_ops [msm_drm])
01-19 21:59:50.934     1     1 I         : [drm] mapped mdp address space @000000007e482934
01-19 21:59:50.935     1     1 I         : [drm:_sde_kms_hw_init_blocks:4961] sde hardware revision:0x90000001
01-19 21:59:50.935     1     1 I [drm:dsi_panel_get_mode [msm_drm]] [msm-dsi-info]: default topology: lm: 2 comp_enc:2 intf: 1
01-19 21:59:50.935     1     1 I [SDE_0] dsi_panel_get_mode: vdd->num_of_intf = 1
01-19 21:59:50.935     1     1 I [SDE_0] dsi_panel_get_mode: index(0) : mdp_transfer_time_us(7533), qsync fs(105)
01-19 21:59:50.935     1     1 I [drm:dsi_panel_get_mode [msm_drm]] [msm-dsi-info]: default topology: lm: 2 comp_enc:2 intf: 1
01-19 21:59:50.936     1     1 I [SDE_0] dsi_panel_get_mode: index(1) : mdp_transfer_time_us(9616), qsync fs(85)
01-19 21:59:50.936     1     1 I [drm:dsi_panel_get_mode [msm_drm]] [msm-dsi-info]: default topology: lm: 2 comp_enc:2 intf: 1
01-19 21:59:50.936     1     1 I [SDE_0] dsi_panel_get_mode: index(2) : mdp_transfer_time_us(14000), qsync fs(60)
01-19 21:59:50.936     1     1 I [drm:dsi_panel_get_mode [msm_drm]] [msm-dsi-info]: default topology: lm: 2 comp_enc:2 intf: 1
01-19 21:59:50.936     1     1 I [SDE_0] dsi_panel_get_mode: index(3) : mdp_transfer_time_us(7533), qsync fs(60)
01-19 21:59:50.936     1     1 I [drm:dsi_panel_get_mode [msm_drm]] [msm-dsi-info]: default topology: lm: 2 comp_enc:2 intf: 1
01-19 21:59:50.936     1     1 I [SDE_0] dsi_panel_get_mode: index(4) : mdp_transfer_time_us(20032), qsync fs(48)
01-19 21:59:50.936     1     1 I [drm:dsi_panel_get_mode [msm_drm]] [msm-dsi-info]: default topology: lm: 2 comp_enc:2 intf: 1
01-19 21:59:50.936     1     1 I [SDE_0] dsi_panel_get_mode: index(5) : mdp_transfer_time_us(9616), qsync fs(48)
01-19 21:59:50.936     1     1 I [drm:dsi_panel_get_mode [msm_drm]] [msm-dsi-info]: default topology: lm: 2 comp_enc:2 intf: 1
01-19 21:59:50.936     1     1 I [SDE_0] dsi_panel_get_mode: index(6) : mdp_transfer_time_us(9616), qsync fs(30)
01-19 21:59:50.936     1     1 I [drm:dsi_panel_get_mode [msm_drm]] [msm-dsi-info]: default topology: lm: 2 comp_enc:2 intf: 1
01-19 21:59:50.937     1     1 I [SDE_0] dsi_panel_get_mode: index(7) : mdp_transfer_time_us(7533), qsync fs(30)
01-19 21:59:50.937     1     1 I [drm:dsi_panel_get_mode [msm_drm]] [msm-dsi-info]: default topology: lm: 2 comp_enc:2 intf: 1
01-19 21:59:50.937     1     1 I [SDE_0] dsi_panel_get_mode: index(8) : mdp_transfer_time_us(9616), qsync fs(24)
01-19 21:59:50.937     1     1 I [drm:dsi_panel_get_mode [msm_drm]] [msm-dsi-info]: default topology: lm: 2 comp_enc:2 intf: 1
01-19 21:59:50.937     1     1 I [SDE_0] dsi_panel_get_mode: index(9) : mdp_transfer_time_us(7533), qsync fs(24)
01-19 21:59:50.937     1     1 I [drm:dsi_panel_get_mode [msm_drm]] [msm-dsi-info]: default topology: lm: 2 comp_enc:2 intf: 1
01-19 21:59:50.937     1     1 I [SDE_0] dsi_panel_get_mode: index(10) : mdp_transfer_time_us(9616), qsync fs(10)
01-19 21:59:50.937     1     1 I [drm:dsi_panel_get_mode [msm_drm]] [msm-dsi-info]: default topology: lm: 2 comp_enc:2 intf: 1
01-19 21:59:50.937     1     1 I [SDE_0] dsi_panel_get_mode: index(11) : mdp_transfer_time_us(7533), qsync fs(10)
01-19 21:59:50.937     1     1 I [msm-dp] dp_bridge_attach: [0] attached
01-19 21:59:50.937     1     1 I [msm-dp] dp_parser_aux: qcom,aux-cfg0-settings offset=0x20, cfg_cnt=1
01-19 21:59:50.937     1     1 I [msm-dp] dp_parser_aux: qcom,aux-cfg0-settings lut[0]=0x0
01-19 21:59:50.937     1     1 I [msm-dp] dp_parser_aux: qcom,aux-cfg1-settings offset=0x24, cfg_cnt=1
01-19 21:59:50.937     1     1 I [msm-dp] dp_parser_aux: qcom,aux-cfg1-settings lut[1]=0x13
01-19 21:59:50.937     1     1 I [msm-dp] dp_parser_aux: qcom,aux-cfg2-settings offset=0x28, cfg_cnt=1
01-19 21:59:50.937     1     1 I [msm-dp] dp_parser_aux: qcom,aux-cfg2-settings lut[2]=0xa4
01-19 21:59:50.937     1     1 I [msm-dp] dp_parser_aux: qcom,aux-cfg3-settings offset=0x2c, cfg_cnt=1
01-19 21:59:50.937     1     1 I [msm-dp] dp_parser_aux: qcom,aux-cfg3-settings lut[3]=0x0
01-19 21:59:50.937     1     1 I [msm-dp] dp_parser_aux: qcom,aux-cfg4-settings offset=0x30, cfg_cnt=1
01-19 21:59:50.937     1     1 I [msm-dp] dp_parser_aux: qcom,aux-cfg4-settings lut[4]=0xa
01-19 21:59:50.937     1     1 I [msm-dp] dp_parser_aux: qcom,aux-cfg5-settings offset=0x34, cfg_cnt=1
01-19 21:59:50.937     1     1 I [msm-dp] dp_parser_aux: qcom,aux-cfg5-settings lut[5]=0x26
01-19 21:59:50.937     1     1 I [msm-dp] dp_parser_aux: qcom,aux-cfg6-settings offset=0x38, cfg_cnt=1
01-19 21:59:50.937     1     1 I [msm-dp] dp_parser_aux: qcom,aux-cfg6-settings lut[6]=0xa
01-19 21:59:50.937     1     1 I [msm-dp] dp_parser_aux: qcom,aux-cfg7-settings offset=0x3c, cfg_cnt=1
01-19 21:59:50.937     1     1 I [msm-dp] dp_parser_aux: qcom,aux-cfg7-settings lut[7]=0x3
01-19 21:59:50.937     1     1 I [msm-dp] dp_parser_aux: qcom,aux-cfg8-settings offset=0x40, cfg_cnt=1
01-19 21:59:50.937     1     1 I [msm-dp] dp_parser_aux: qcom,aux-cfg8-settings lut[8]=0xb7
01-19 21:59:50.937     1     1 I [msm-dp] dp_parser_aux: qcom,aux-cfg9-settings offset=0x44, cfg_cnt=1
01-19 21:59:50.937     1     1 I [msm-dp] dp_parser_aux: qcom,aux-cfg9-settings lut[9]=0x3
01-19 21:59:50.937     1     1 I [msm-dp] dp_parser_clock: clock parsing successful
01-19 21:59:50.937     1     1 I [msm-dp] dp_parser_get_vreg: pm_supply_name: qcom,core-supply-entries
01-19 21:59:50.937     1     1 I [msm-dp] dp_parser_get_vreg: no supply entry present: qcom,core-supply-entries
01-19 21:59:50.937     1     1 I [msm-dp] dp_parser_get_vreg: pm_supply_name: qcom,ctrl-supply-entries
01-19 21:59:50.937     1     1 I [msm-dp] dp_parser_get_vreg: vreg found. count=1
01-19 21:59:50.937     1     1 I [msm-dp] dp_parser_get_vreg: vdda-1p2 min=1200000, max=1200000, enable=30100, disable=0
01-19 21:59:50.937     1     1 I [msm-dp] dp_parser_get_vreg: pm_supply_name: qcom,phy-supply-entries
01-19 21:59:50.937     1     1 I [msm-dp] dp_parser_get_vreg: vreg found. count=2
01-19 21:59:50.937     1     1 I [msm-dp] dp_parser_get_vreg: vdda-0p9 min=912000, max=912000, enable=115000, disable=0
01-19 21:59:50.937     1     1 I [msm-dp] dp_parser_get_vreg: vdda_usb-0p9 min=880000, max=880000, enable=323000, disable=0
01-19 21:59:50.937     1     1 I [msm-dp] dp_parser_get_vreg: pm_supply_name: ???
01-19 21:59:50.937     1     1 I [msm-dp] dp_parser_get_vreg: no supply entry present: ???
01-19 21:59:50.937     1     1 I [msm-dp] dp_parser_get_vreg: pm_supply_name: ???
01-19 21:59:50.937     1     1 I [msm-dp] dp_parser_get_vreg: no supply entry present: ???
01-19 21:59:50.937     1     1 I [msm-dp] dp_parser_get_vreg: pm_supply_name: ???
01-19 21:59:50.937     1     1 I [msm-dp] dp_parser_get_vreg: no supply entry present: ???
01-19 21:59:50.937     1     1 I [msm-dp] dp_parser_get_vreg: pm_supply_name: qcom,pll-supply-entries
01-19 21:59:50.937     1     1 I [msm-dp] dp_parser_get_vreg: vreg found. count=1
01-19 21:59:50.937     1     1 I [msm-dp] dp_parser_get_vreg: vdd_mx min=384, max=65535, enable=0, disable=0
01-19 21:59:50.938     1     1 I [msm-dp] secdp_get_aux_pullup_vreg: get aux-pullup vdd success
01-19 21:59:50.938     1     1 I [msm-dp] dp_parser_gpio: name:qcom,aux-en-gpio gpio:484 value:0
01-19 21:59:50.938     1     1 I [msm-dp] dp_parser_gpio: name:qcom,aux-sel-gpio gpio:481 value:0
01-19 21:59:50.938     1     1 I [msm-dp] dp_parser_gpio: name:qcom,usbplug-cc-gpio gpio:312 value:0
01-19 21:59:50.938     1     1 I [msm-dp] dp_parser_mst: [secdp] mst disable!
01-19 21:59:50.938     1     1 I [msm-dp] dp_parser_mst: mst parsing successful. mst:0
01-19 21:59:50.938     1     1 I [msm-dp] dp_parser_dsc: dsc parsing successful. dsc:0
01-19 21:59:50.938     1     1 I [msm-dp] dp_parser_dsc: cont_pps:1
01-19 21:59:50.938     1     1 I [msm-dp] dp_parser_fec: fec parsing successful. fec:0
01-19 21:59:50.938     1     1 I [msm-dp] dp_parser_widebus: widebus parsing successful. widebus:1
01-19 21:59:50.938     1     1 I [msm-dp] dp_parser_qos: qos parsing successful. mask:f latency:300
01-19 21:59:50.938     1     1 I [msm-dp] secdp_parse_misc: secdp,cc-dir-inv: 0
01-19 21:59:50.938     1     1 I [msm-dp] secdp_parse_misc: secdp,aux-sel-inv: 0
01-19 21:59:50.938     1     1 I [msm-dp] secdp_parse_misc: secdp,redrv: , SECDP_REDRV_NONE
01-19 21:59:50.938     1     1 I [msm-dp] secdp_parse_misc: secdp,dex-dft-res: , DEX_RES_NOT_SUPPORT
01-19 21:59:50.938     1     1 I [msm-dp] secdp_parse_misc: secdp,prefer-res: 1
01-19 21:59:50.938     1     1 I [msm-dp] secdp_parse_misc: secdp,mrr_fps_nolimit: 1
01-19 21:59:50.938     1     1 I [msm-dp] dp_pll_get: revision=DP_PLL_4NM_V1_1, ssc_en=0, bonding_en=0
01-19 21:59:50.938     1     1 I [msm-dp] secdp_redriver_register: ++ use_redrv(0)
01-19 21:59:50.938     1     1 I [msm-dp] secdp_redriver_register: nothing registered!
01-19 21:59:50.938     1     1 I [msm-dp] dp_power_pinctrl_set: pinctrl:0
01-19 21:59:50.938     1     1 I [msm-dp] dp_power_pinctrl_set: dp_sleep success
01-19 21:59:50.938     1     1 I [msm-dp] secdp_sysfs_init: already called!
01-19 21:59:50.938     1     1 I [msm-dp] secdp_init: secdp init done
01-19 21:59:50.938     1     1 I [msm-dp] dp_gpio_hpd_get: qcom,dp-hpd-gpio gpio not specified
01-19 21:59:50.938     1     1 I [msm-dp] dp_display_initialize_hdcp: HDCP 1.3 initialized
01-19 21:59:50.939     1     1 I [msm-dp] dp_display_initialize_hdcp: HDCP 2.2 initialized
01-19 21:59:50.939     1     1 I [msm-dp] dp_display_post_init: success
01-19 21:59:50.939     1     1 I gh_msgq : Registered client for label: 2
01-19 21:59:50.941     1     1 I         : [drm] Initialized msm_drm 1.4.0 20130625 for ae00000.qcom,mdss_mdp on minor 0
01-19 21:59:50.941     1     1 I         : [drm] cont_splash enabled in 1 of 1 display(s)
01-19 21:59:50.941     1     1 I [SDE_0] dsi_display_cont_splash_config: set samsung splash (1)
01-19 21:59:50.941     1     1 I [drm:dsi_ctrl_isr_configure [msm_drm]] [msm-dsi-info]: dsi-ctrl-0: IRQ 390 registered
01-19 21:59:50.942     1     1 I [msm-dp] dp_display_probe: DP probe done:0
01-19 21:59:50.942     1     1 I tcsr_cc-kalama 1fc0000.clock-controller: sync-state
01-19 21:59:50.942     1     1 I disp_cc-kalama af00000.clock-controller: sync-state
01-19 21:59:50.945     1     1 I init    : Loaded kernel module /lib/modules/msm_drm.ko
01-19 21:59:50.945     1     1 E init    : Failed to load kernel modules, starting console
01-19 21:59:50.945     1     1 I init    : Loaded 379 kernel modules took 1623 ms
01-19 21:59:50.945     1     1 I init    : First stage mount skipped (recovery mode)
01-19 21:59:50.946     1     1 I init    : [libfs_mgr]ReadFstabFromDt(): failed to read fstab from dt
01-19 21:59:50.946     1     1 I init    : Using Android DT directory /proc/device-tree/firmware/android/
01-19 21:59:50.959   174   174 I         : [2][FG] 0080h,ffa0h,7f80h,ff01h,1900h,0239h,22b1h,5e0bh,21b3h,badah,fd43h,fccbh,001ch,2418h,2379h,0257h,064ch,058fh,2a00h,5a00h,074bh,0148h,2121h,0bd0h,06d6h,ba80h,2f12h,da8ah,2ae2h,0314h,0247h,023ch,ffffh,6200h,1580h,066fh,1403h,1e05h,2121h,7f10h,2476h,cea4h,023ch,3870h,e3e1h,290eh,0400h,0001h,5205h,2cf8h,0b00h,ffffh,1e64h,0668h,0578h,05e0h,0029h,141eh,7d54h,fccbh,1680h,1008h,a9cah,e000h,07fch,bc36h,0900h,02bdh,bb90h,02e3h,59bch,02ach,5f82h,2440h,022bh,0335h,0801h,0405h,d1cbh,0668h,0000h,6c7fh,0006h,2ef2h,7f80h,0005h,0005h,05d1h,0000h,006bh,090ch,0055h,0449h,0204h,0077h,0000h,0a6ah,0000h,0000h,0000h,0000h,0000h,0000h,0000h,0000h,0000h,0000h,0010h,0002h,ffffh,2470h,0255h,05f1h,0009h,ffffh,f357h,f360h,0000h,ffffh,0002h,4b76h,0000h,4658h,0000h,4000h,0000h,a970h,1620h,ffffh,ffffh,ffffh,ffffh,2083h,0002h,0100h,fa71h,3f88h,4f3fh,ff08h,bdaah,0020h,2910h,badeh,216ch,
01-19 21:59:50.960   174   174 I sec_bat_monitor_work: Status(Discharging), mode(None), Health(Good), Cable(NONE, NONE, 0, 0), rp(0), HV(NONE), flash(0) mst(0)
01-19 21:59:50.960   174   174 I sec_bat_monitor_work: lcd(1), slate(0), store(0), siop_level(100), sleep_mode(0), Cycle(-1)
01-19 21:59:50.960   174   174 I sec-battery samsung_mobile_device: battery: sec_bat_set_polling: Polling time 30/30 sec.
01-19 21:59:50.960   174   174 I sec_bat_siop_level_work: set current by siop level(100), siop_step(1)
01-19 21:59:50.960   372   372 D max77705_fg_read_current: current=-631mA
01-19 21:59:50.960   372   372 D max77705_fg_read_avg_current: avg_current=-641mA
01-19 21:59:50.961   372   372 D max77705_fg_read_current: current=-631mA
01-19 21:59:50.961   372   372 D max77705_fg_read_avg_current: avg_current=-641mA
01-19 21:59:50.961   372   372 I max77705_fg_read_isys_avg: isys_avg_current=640mA
01-19 21:59:50.983    10    10 I stm_ts_spi spi1.0: [sec_input] stm_ts_wait_for_echo_event: event 43, 01, 30, 61, 00, 00, 00, 02, 00, 00, 00, 00, 00, 00, 00, 00
01-19 21:59:51.007    10    10 I stm_ts_spi spi1.0: [sec_input] stm_ts_wait_for_echo_event: event 43, 05, 02, 00, 00, 00, 00, 01, 00, 00, 00, 00, 00, 00, 00, 00
01-19 21:59:51.031    10    10 I stm_ts_spi spi1.0: [sec_input] stm_ts_wait_for_echo_event: event 43, 01, 13, 00, 00, 00, 00, 00, 00, 00, 00, 00, 00, 00, 00, 00
01-19 21:59:51.135    10    10 I stm_ts_spi spi1.0: [sec_input] stm_ts_wait_for_echo_event: event 43, 01, 62, 00, 00, 00, 00, 00, 00, 00, 00, 00, 00, 00, 00, 00
01-19 21:59:51.159    10    10 I stm_ts_spi spi1.0: [sec_input] stm_ts_wait_for_echo_event: event 43, 05, 01, 00, 00, 00, 00, 01, 00, 00, 00, 00, 00, 00, 00, 00
01-19 21:59:51.172   372   372 E msm-dwc3 a600000.ssusb: DWC3-msm runtime suspend
01-19 21:59:51.172   372   372 E msm_eusb2_phy 88e3000.hsphy: USB PHY is already suspended
01-19 21:59:51.172   372   372 E msm-usb-ssphy-qmp 88e8000.ssphy: QMP PHY set_suspend for suspend called with cable disconnected
01-19 21:59:51.172   372   372 E msm-usb-ssphy-qmp 88e8000.ssphy: msm_ssphy_qmp_set_suspend: USB PHY is already suspended.
01-19 21:59:51.172   372   372 E msm-dwc3 a600000.ssusb: dwc3_msm_suspend: power collapse
01-19 21:59:51.174   372   372 I msm-dwc3 a600000.ssusb: DWC3 in low power mode
01-19 21:59:51.174   174   174 E msm-dwc3 a600000.ssusb: idle state
01-19 21:59:51.183    10    10 I stm_ts_spi spi1.0: [sec_input] stm_ts_wait_for_echo_event: event 43, 01, A0, 00, 01, 00, 00, 00, 00, 00, 00, 00, 00, 00, 00, 00
01-19 21:59:51.183    10    10 I stm_ts_spi spi1.0: [sec_input] stm_ts_set_scanmode: 0x01
01-19 21:59:51.183    10    10 I stm_ts_spi spi1.0: [sec_input] stm_ts_hw_init: Initialized
01-19 21:59:51.183    10    10 I stm_ts_spi spi1.0: [sec_input] stm_ts_init_proc: done
01-19 21:59:51.183    10    10 I stm_ts_spi spi1.0: [sec_input] stm_ts_get_custom_library: aod_active_area - top:159, edge:66, bottom:155
01-19 21:59:51.183    10    10 I stm_ts_spi spi1.0: [sec_input] sec_input_set_fod_info: vi_event:0, x:18, y:19, size:43
01-19 21:59:51.183    10    10 I stm_ts_spi spi1.0: [sec_input] stm_ts_get_custom_library: sponge_mode 90
01-19 21:59:51.183    10    10 E stm_ts_spi spi1.0: [sec_input] stm_ts_set_custom_library: Sponge (0x00)
01-19 21:59:51.183    10    10 I stm_ts_spi spi1.0: [sec_input] stm_ts_set_custom_library: sponge_inf_dump:1, sponge_dump_format:10, sponge_dump_event:37
01-19 21:59:51.183    10    10 I stm_ts_spi spi1.0: [sec_input] stm_ts_probe: request_irq = 385
01-19 21:59:51.183    10    10 I         : hall_notifier_register
01-19 21:59:51.183    10    10 I stm_ts_spi spi1.0: [sec_input] stm_ts_probe: hall ic register
01-19 21:59:51.183    10    10 I vbus_notifier_register: listener=1 register
01-19 21:59:51.183    10    10 I stm_ts_spi spi1.0: [sec_input] stm_ts_vbus_notification: disabled
01-19 21:59:51.184    10    10 E stm_ts_spi spi1.0: [sec_input] stm_ts_probe: done
01-19 21:59:51.184    10    10 I stm_ts_spi spi1.0: [sec_input] stm_ts_rawdata_init: sysfs_create_group: ret: 0
01-19 21:59:51.184    10    10 I stm_ts_spi spi1.0: [sec_input] stm_ts_rawdata_init: misc_register: ret: 0
01-19 21:59:51.184    10    10 I         : hall_ic_request_notitfy hall open(1)
01-19 21:59:51.184    10    10 I hall_notifier_notify: name: hall value: 0
01-19 21:59:51.184    10    10 I         : [GRIP_0] hall detach
01-19 21:59:51.184    10    10 I stm_ts_spi spi1.0: [sec_input] stm_hall_ic_notify: hall
01-19 21:59:51.184    10    10 I         : hall_notifier_notify done(0x0)
01-19 21:59:51.184   685   685 I stm_ts_spi spi1.0: [sec_input] stm_ts_irq_thread: echo event 43 01 3F 00 00 00 00 00 00 00 00 00 00 00 00 00
01-19 21:59:51.274   685   685 I stm_ts_spi spi1.0: [sec_input] stm_ts_irq_thread:  event 43 11 01 00 00 00 00 00 00 00 00 00 00 00 00 00
01-19 21:59:51.443   645   645 I s2dos05-regulator 30-0060: handle_fd_work: Enable FD
01-19 21:59:51.444   645   645 I s2dos05-regulator 30-0060: handle_fd_work: uvlo_fd(0x00)
01-19 21:59:51.543   212   212 I stm_ts_spi spi1.0: [sec_input] stm_ts_wait_for_echo_event: event 43, 01, 62, 00, 00, 00, 00, 00, 00, 00, 00, 00, 00, 00, 00, 00
01-19 21:59:51.599   212   212 I stm_ts_spi spi1.0: [sec_input] stm_ts_wait_for_echo_event: event 43, 01, A4, 06, 90, 00, 00, 00, 00, 00, 00, 00, 00, 00, 00, 00
01-19 21:59:51.599   212   212 I stm_ts_spi spi1.0: [sec_input] get_nvm_data_by_size: offset [0], length [31]
01-19 21:59:51.599   212   212 I stm_ts_spi spi1.0: [sec_input] sec_tclm_check_cal_case: cal_count value [1]
01-19 21:59:51.827    10    10 I cs40l26 35-0040: sec_vib_inputff_load_firmware_retry
01-19 21:59:51.827    10    10 I cs40l26 35-0040: sec_vib_inputff_load_firmware ret(0), fw_id(0) retry(1) stat(1)
01-19 21:59:51.827    10    10 I cs40l26 35-0040: cs40l26_fw_swap: fw_id:0, id1573076
01-19 21:59:51.827    10    10 I cs40l26 35-0040: cs40l26_fw_upload
01-19 21:59:51.827    10    10 W cs40l26 35-0040: Direct firmware load for cs40l26.wmfw failed with error -2
01-19 21:59:51.827    10    10 E cs40l26 35-0040: samsung_fw_load: retry(1), fail(-2)
01-19 21:59:51.827    10    10 I cs40l26 35-0040: HW Reset
01-19 21:59:51.907   212   212 I stm_ts_spi spi1.0: [sec_input] stm_ts_wait_for_echo_event: event 43, 01, 62, 00, 00, 00, 00, 00, 00, 00, 00, 00, 00, 00, 00, 00
01-19 21:59:51.955   645   645 I [msm-dp] secdp_get_lpm_mode: lpcharge:0
01-19 21:59:51.955   645   645 I TCM     : manager_notifier_register: listener=pdic_dp(24) register
01-19 21:59:51.955   645   645 I TCM     : manager_notifier_register: [DP] dp.attach_state=0
01-19 21:59:51.955   645   645 I TCM     : manager_set_alternate_mode : listener=pdic_dp(24)
01-19 21:59:51.955   645   645 I TCM     : manager_set_alternate_mode : dp_is_support 1, alt_is_support 7
01-19 21:59:51.955   645   645 I [msm-dp] secdp_pdic_noti_register_ex: noti register success
01-19 21:59:51.955   645   645 I [msm-dp] secdp_pdic_noti_register: cancel_work,0
01-19 21:59:51.960     1     1 E init    : [libfs_avb]Device path not found: /dev/block/by-name/vbmeta
01-19 21:59:51.963   212   212 I stm_ts_spi spi1.0: [sec_input] stm_ts_wait_for_echo_event: event 43, 01, A4, 06, 90, 00, 00, 00, 00, 00, 00, 00, 00, 00, 00, 00
01-19 21:59:51.963   212   212 I stm_ts_spi spi1.0: [sec_input] get_nvm_data_by_size: offset [0], length [31]
01-19 21:59:51.963   212   212 I stm_ts_spi spi1.0: [sec_input] sec_tclm_get_nvm_all: cal_count:1, pos:4(LCIA), hist_count:1, lastp:0
01-19 21:59:51.963   212   212 I stm_ts_spi spi1.0: [sec_input] sec_tclm_position_history: [Now] LCIA1
01-19 21:59:51.963   212   212 I stm_ts_spi spi1.0: [sec_input] sec_tclm_position_history: [Old] O1
01-19 21:59:51.963   212   212 I stm_ts_spi spi1.0: [sec_input] stm_ts_read_info_work: sec_tclm_check_cal_case ret: 0
01-19 21:59:52.271   212   212 I stm_ts_spi spi1.0: [sec_input] stm_ts_wait_for_echo_event: event 43, 01, 62, 00, 00, 00, 00, 00, 00, 00, 00, 00, 00, 00, 00, 00
01-19 21:59:52.327   212   212 I stm_ts_spi spi1.0: [sec_input] stm_ts_wait_for_echo_event: event 43, 01, A4, 06, 90, 00, 00, 00, 00, 00, 00, 00, 00, 00, 00, 00
01-19 21:59:52.327   212   212 I stm_ts_spi spi1.0: [sec_input] get_nvm_data_by_size: offset [0], length [1]
01-19 21:59:52.327   212   212 I stm_ts_spi spi1.0: [sec_input] stm_ts_read_info_work: fac test result 00
01-19 21:59:52.327   212   212 I stm_ts_spi spi1.0: [sec_input] run_rawdata_read_all: start (noise:0, wet:0, tc:0)##
01-19 21:59:52.345    10    10 I cs40l26 35-0040: Cirrus Logic CS40L26 ID: 0x40A260, Revision: 0xA1
01-19 21:59:52.345    10    10 I cs40l26 35-0040: samsung_fw_load fw_id : 0 done
01-19 21:59:52.345    10    10 I cs40l26 35-0040: sec_vib_inputff_load_firmware done
01-19 21:59:52.345    10    10 E cs40l26 35-0040: sec_vib_inputff_load_firmware_retry fail(-2)
01-19 21:59:52.351   212   212 I stm_ts_spi spi1.0: [sec_input] stm_ts_wait_for_echo_event: event 43, 01, A0, 00, 00, 00, 00, 00, 00, 00, 00, 00, 00, 00, 00, 00
01-19 21:59:52.351   212   212 I stm_ts_spi spi1.0: [sec_input] stm_ts_set_scanmode: 0x00
01-19 21:59:52.491   212   212 I stm_ts_spi spi1.0: [sec_input] stm_ts_wait_for_echo_event: event 03, 00, 00, 00, 00, 00, 00, 01, 00, 00, 00, 00, 00, 00, 00, 00
01-19 21:59:52.515   212   212 I stm_ts_spi spi1.0: [sec_input] stm_ts_wait_for_echo_event: event 43, 01, A4, 04, FF, 01, 00, 00, 00, 00, 00, 00, 00, 00, 00, 00
01-19 21:59:52.515   212   212 I stm_ts_spi spi1.0: [sec_input] run_high_frequency_rawcap_read
01-19 21:59:52.515   212   212 I stm_ts_spi spi1.0: [sec_input] run_nonsync_rawcap_read
01-19 21:59:52.515   212   212 I stm_ts_spi spi1.0: [sec_input] stm_ts_read_nonsync_frame
01-19 21:59:52.515   685   685 I stm_ts_spi spi1.0: [sec_input] stm_ts_irq_thread: echo event 43 01 A4 06 01 00 00 00 00 00 00 00 00 00 00 00
01-19 21:59:52.572   212   212 I stm_ts_spi spi1.0: [sec_input]    Rx00 Rx01 Rx02 Rx03 Rx04 Rx05 Rx06 Rx07 Rx08 Rx09 Rx10 Rx11 Rx12 Rx13 Rx14 Rx15 Rx16 Rx17 Rx18 Rx19 Rx20 Rx21 Rx22 Rx23 Rx24 Rx25 Rx26 Rx27 Rx28 Rx29 Rx30 Rx31 Rx32 Rx33 Rx34 Rx35 Rx36 Rx37 Rx38
01-19 21:59:52.572   212   212 I stm_ts_spi spi1.0: [sec_input]  ---------------------------------------------------------------------------------------------------------------------------------------------------------------------------------------------------
01-19 21:59:52.572   212   212 I stm_ts_spi spi1.0: [sec_input] Tx00 |  945  991 1016 1015 1002  994  987  983  990  979  977  974  971  967  965  952  956  948  947  953 1059 1012  997  981  987  985  986  983  990  987  978  964  968  967  960  959  966  952  868
01-19 21:59:52.572   212   212 I stm_ts_spi spi1.0: [sec_input] Tx01 |  947 1013 1031 1026 1012 1008  999  995 1004  990  989  986  983  978  979  964  966  956  956  960  993  968  963  953  962  961  961  958  968  966  956  941  946  945  940  936  940  936  899
01-19 21:59:52.572   212   212 I stm_ts_spi spi1.0: [sec_input] Tx02 |  954 1005 1021 1018 1005 1000  990  987  996  982  982  977  977  972  971  957  962  948  948  953  974  953  950  941  950  951  951  949  956  956  945  931  936  933  928  922  928  921  898
01-19 21:59:52.572   212   212 I stm_ts_spi spi1.0: [sec_input] Tx03 |  973 1026 1043 1041 1025 1020 1012 1008 1016 1004 1004  999  998  992  991  976  979  969  968  973  988  971  967  957  967  966  967  965  975  973  964  948  954  949  945  940  945  937  913
01-19 21:59:52.572   212   212 I stm_ts_spi spi1.0: [sec_input] Tx04 |  970 1021 1035 1032 1018 1012 1005 1000 1009  997  997  991  988  984  984  969  972  965  963  969  980  962  960  950  957  958  960  959  968  968  958  943  948  944  935  932  936  929  904
01-19 21:59:52.572   212   212 I stm_ts_spi spi1.0: [sec_input] Tx05 |  976 1026 1041 1038 1023 1017 1011 1006 1016 1003 1002  997  994  988  989  976  981  970  969  975  989  968  965  956  965  966  967  965  975  972  963  948  953  949  942  937  942  934  909
01-19 21:59:52.572   212   212 I stm_ts_spi spi1.0: [sec_input] Tx06 |  985 1033 1048 1045 1029 1025 1018 1013 1023 1010 1009 1006 1004  996  998  984  989  980  980  987  997  978  976  966  975  976  977  975  986  984  974  959  966  961  954  949  951  943  916
01-19 21:59:52.572   212   212 I stm_ts_spi spi1.0: [sec_input] Tx07 |  976 1020 1033 1032 1015 1009 1002  999 1006  994  993  988  987  982  981  968  971  961  959  966  974  955  953  944  954  954  956  956  964  962  952  938  941  938  932  927  931  922  896
01-19 21:59:52.572   212   212 I stm_ts_spi spi1.0: [sec_input] Tx08 |  995 1032 1046 1043 1031 1026 1017 1014 1024 1012 1012 1008 1004 1001 1002  989  992  980  982  988  995  975  972  964  975  976  975  975  984  983  971  957  960  959  952  944  949  908  903
01-19 21:59:52.572   212   212 I stm_ts_spi spi1.0: [sec_input] Tx09 |  973 1004 1017 1016 1002  996  988  984  991  981  979  976  974  970  970  955  959  950  948  954  958  940  937  926  937  937  940  938  947  943  933  919  923  919  913  908  912  866  860
01-19 21:59:52.572   212   212 I stm_ts_spi spi1.0: [sec_input] Tx10 |  983 1024 1039 1036 1021 1016 1009 1007 1016 1005 1001  997  994  989  990  976  980  970  969  975  977  957  953  945  957  958  959  957  965  961  951  937  943  940  935  929  932  924  899
01-19 21:59:52.572   212   212 I stm_ts_spi spi1.0: [sec_input] Tx11 |  982 1029 1042 1041 1028 1024 1017 1013 1021 1010 1009 1004 1003  998 1000  986  990  981  979  984  985  967  966  958  967  968  970  968  977  973  963  948  953  950  943  936  940  932  907
01-19 21:59:52.572   212   212 I stm_ts_spi spi1.0: [sec_input] Tx12 |  980 1029 1042 1039 1025 1022 1014 1010 1020 1008 1007 1001  999  994  994  981  984  975  974  979  978  959  957  949  959  959  960  959  968  964  954  939  944  942  935  930  934  926  902
01-19 21:59:52.572   212   212 I stm_ts_spi spi1.0: [sec_input] Tx13 |  968 1012 1025 1022 1009 1005  999  993 1001  992  991  986  983  979  980  966  970  960  959  963  958  941  940  931  942  942  945  943  952  949  938  923  928  925  918  914  919  912  889
01-19 21:59:52.572   212   212 I stm_ts_spi spi1.0: [sec_input] Tx14 | 1049 1008 1073 1019 1005  999  993  988  997  985  983  978  975  972  971  958  964  952  954  957  949  932  931  922  932  934  935  933  941  937  928  912  917  912  907  903  909  903  881
01-19 21:59:52.572   212   212 I stm_ts_spi spi1.0: [sec_input] Tx15 |  982 1091 1092 1022 1006 1000  994  990  999  986  985  981  976  971  973  959  963  952  951  956  946  928  926  917  926  927  930  928  936  933  922  909  913  909  904  899  905  901  880
01-19 21:59:52.572   212   212 I stm_ts_spi spi1.0: [sec_input] Tx16 |  975  999 1054 1007  994  983  977  971  979  968  967  959  957  952  950  937  940  932  927  932  921  902  900  890  899  900  901  899  908  904  896  881  886  882  878  876  881  882  847
01-19 21:59:52.572   212   212 I stm_ts_spi spi1.0: [sec_input] Tx17 | 1005  999 1038 1007 1008  978  972  965  976  962  960  956  957  951  951  938  941  934  934  941  909  890  887  877  887  886  888  886  894  890  881  867  871  869  864  863  870  860  789
01-19 21:59:52.572   212   212 I stm_ts_spi spi1.0: [sec_input] stm_ts_print_frame, min:789, max:1092
01-19 21:59:52.572   212   212 I stm_ts_spi spi1.0: [sec_input] run_nonsync_rawcap_read: 789,1092
01-19 21:59:52.595   212   212 I stm_ts_spi spi1.0: [sec_input] stm_ts_wait_for_echo_event: event 43, 05, 01, 00, 00, 00, 00, 01, 00, 00, 00, 00, 00, 00, 00, 00
01-19 21:59:52.619   212   212 I stm_ts_spi spi1.0: [sec_input] stm_ts_wait_for_echo_event: event 43, 01, A0, 00, 01, 00, 00, 00, 00, 00, 00, 00, 00, 00, 00, 00
01-19 21:59:52.619   212   212 I stm_ts_spi spi1.0: [sec_input] stm_ts_set_scanmode: 0x01
01-19 21:59:52.619   212   212 I sec_input: run_high_frequency_rawcap_read - correlation
01-19 21:59:52.619   212   212 I sec_input: [ 0] 945, 991, 1016, 1015, 1002, 994, 987, 983, 990, 979, 977, 974, 971, 967, 965, 952, 956, 948, 947, 953, 1059, 1012, 997, 981, 987, 985, 986, 983, 990, 987, 978, 964, 968, 967, 960, 959, 966, 952, 868,
01-19 21:59:52.619   212   212 I sec_input: [ 1] 947, 1013, 1031, 1026, 1012, 1008, 999, 995, 1004, 990, 989, 986, 983, 978, 979, 964, 966, 956, 956, 960, 993, 968, 963, 953, 962, 961, 961, 958, 968, 966, 956, 941, 946, 945, 940, 936, 940, 936, 899,
01-19 21:59:52.619   212   212 I sec_input: [ 2] 954, 1005, 1021, 1018, 1005, 1000, 990, 987, 996, 982, 982, 977, 977, 972, 971, 957, 962, 948, 948, 953, 974, 953, 950, 941, 950, 951, 951, 949, 956, 956, 945, 931, 936, 933, 928, 922, 928, 921, 898,
01-19 21:59:52.619   212   212 I sec_input: [ 3] 973, 1026, 1043, 1041, 1025, 1020, 1012, 1008, 1016, 1004, 1004, 999, 998, 992, 991, 976, 979, 969, 968, 973, 988, 971, 967, 957, 967, 966, 967, 965, 975, 973, 964, 948, 954, 949, 945, 940, 945, 937, 913,
01-19 21:59:52.619   212   212 I sec_input: [ 4] 970, 1021, 1035, 1032, 1018, 1012, 1005, 1000, 1009, 997, 997, 991, 988, 984, 984, 969, 972, 965, 963, 969, 980, 962, 960, 950, 957, 958, 960, 959, 968, 968, 958, 943, 948, 944, 935, 932, 936, 929, 904,
01-19 21:59:52.619   212   212 I sec_input: [ 5] 976, 1026, 1041, 1038, 1023, 1017, 1011, 1006, 1016, 1003, 1002, 997, 994, 988, 989, 976, 981, 970, 969, 975, 989, 968, 965, 956, 965, 966, 967, 965, 975, 972, 963, 948, 953, 949, 942, 937, 942, 934, 909,
01-19 21:59:52.619   212   212 I sec_input: [ 6] 985, 1033, 1048, 1045, 1029, 1025, 1018, 1013, 1023, 1010, 1009, 1006, 1004, 996, 998, 984, 989, 980, 980, 987, 997, 978, 976, 966, 975, 976, 977, 975, 986, 984, 974, 959, 966, 961, 954, 949, 951, 943, 916,
01-19 21:59:52.619   212   212 I sec_input: [ 7] 976, 1020, 1033, 1032, 1015, 1009, 1002, 999, 1006, 994, 993, 988, 987, 982, 981, 968, 971, 961, 959, 966, 974, 955, 953, 944, 954, 954, 956, 956, 964, 962, 952, 938, 941, 938, 932, 927, 931, 922, 896,
01-19 21:59:52.619   212   212 I sec_input: [ 8] 995, 1032, 1046, 1043, 1031, 1026, 1017, 1014, 1024, 1012, 1012, 1008, 1004, 1001, 1002, 989, 992, 980, 982, 988, 995, 975, 972, 964, 975, 976, 975, 975, 984, 983, 971, 957, 960, 959, 952, 944, 949, 908, 903,
01-19 21:59:52.619   212   212 I sec_input: [ 9] 973, 1004, 1017, 1016, 1002, 996, 988, 984, 991, 981, 979, 976, 974, 970, 970, 955, 959, 950, 948, 954, 958, 940, 937, 926, 937, 937, 940, 938, 947, 943, 933, 919, 923, 919, 913, 908, 912, 866, 860,
01-19 21:59:52.619   212   212 I sec_input: [10] 983, 1024, 1039, 1036, 1021, 1016, 1009, 1007, 1016, 1005, 1001, 997, 994, 989, 990, 976, 980, 970, 969, 975, 977, 957, 953, 945, 957, 958, 959, 957, 965, 961, 951, 937, 943, 940, 935, 929, 932, 924, 899,
01-19 21:59:52.619   212   212 I sec_input: [11] 982, 1029, 1042, 1041, 1028, 1024, 1017, 1013, 1021, 1010, 1009, 1004, 1003, 998, 1000, 986, 990, 981, 979, 984, 985, 967, 966, 958, 967, 968, 970, 968, 977, 973, 963, 948, 953, 950, 943, 936, 940, 932, 907,
01-19 21:59:52.619   212   212 I sec_input: [12] 980, 1029, 1042, 1039, 1025, 1022, 1014, 1010, 1020, 1008, 1007, 1001, 999, 994, 994, 981, 984, 975, 974, 979, 978, 959, 957, 949, 959, 959, 960, 959, 968, 964, 954, 939, 944, 942, 935, 930, 934, 926, 902,
01-19 21:59:52.619   212   212 I sec_input: [13] 968, 1012, 1025, 1022, 1009, 1005, 999, 993, 1001, 992, 991, 986, 983, 979, 980, 966, 970, 960, 959, 963, 958, 941, 940, 931, 942, 942, 945, 943, 952, 949, 938, 923, 928, 925, 918, 914, 919, 912, 889,
01-19 21:59:52.619   212   212 I sec_input: [14] 1049, 1008, 1073, 1019, 1005, 999, 993, 988, 997, 985, 983, 978, 975, 972, 971, 958, 964, 952, 954, 957, 949, 932, 931, 922, 932, 934, 935, 933, 941, 937, 928, 912, 917, 912, 907, 903, 909, 903, 881,
01-19 21:59:52.619   212   212 I sec_input: [15] 982, 1091, 1092, 1022, 1006, 1000, 994, 990, 999, 986, 985, 981, 976, 971, 973, 959, 963, 952, 951, 956, 946, 928, 926, 917, 926, 927, 930, 928, 936, 933, 922, 909, 913, 909, 904, 899, 905, 901, 880,
01-19 21:59:52.619   212   212 I sec_input: [16] 975, 999, 1054, 1007, 994, 983, 977, 971, 979, 968, 967, 959, 957, 952, 950, 937, 940, 932, 927, 932, 921, 902, 900, 890, 899, 900, 901, 899, 908, 904, 896, 881, 886, 882, 878, 876, 881, 882, 847,
01-19 21:59:52.619   212   212 I sec_input: [17] 1005, 999, 1038, 1007, 1008, 978, 972, 965, 976, 962, 960, 956, 957, 951, 951, 938, 941, 934, 934, 941, 909, 890, 887, 877, 887, 886, 888, 886, 894, 890, 881, 867, 871, 869, 864, 863, 870, 860, 789,
01-19 21:59:52.643   212   212 I stm_ts_spi spi1.0: [sec_input] stm_ts_wait_for_echo_event: event 43, 01, A0, 00, 00, 00, 00, 00, 00, 00, 00, 00, 00, 00, 00, 00
01-19 21:59:52.643   212   212 I stm_ts_spi spi1.0: [sec_input] stm_ts_set_scanmode: 0x00
01-19 21:59:52.819   645   645 I         : [GRIP_0] isg6320_initialize
01-19 21:59:52.851    10    10 I mfc_s2miw04_chg_get_property: fw_ver (param:0x303A, build:0x3035)
01-19 21:59:52.851    10    10 I         : sec_bat_check_boost_mfc_condition
01-19 21:59:52.851    10    10 I mfc_s2miw04_chg_get_property: invalid gpio(mst_pwr_en)
01-19 21:59:52.851    10    10 I         : sec_bat_check_boost_mfc_condition wpc_det(0), mst_pwr_en(0), boost_status(0)
01-19 21:59:52.851    10    10 I         : sec_bat_fw_update
01-19 21:59:52.851    10    10 I _sec_vote(sec_bat_fw_update: 67): CHGEN (None, -22) -> (VOTER_FW, 0)
01-19 21:59:52.851    10    10 I         : sec_bat_set_charge set Buck-Off mode
01-19 21:59:52.851    10    10 I sec_direct_chg_set_property: batt status(2)
01-19 21:59:52.851    10    10 I         : sec_bat_reset_step_charging
01-19 21:59:52.851    10    10 I sec_direct_chg_check_charging_source: dc_retry_cnt(0)
01-19 21:59:52.851    10    10 I sec_direct_chg_check_charging_source: S/C was selected! charger_mode(0)
01-19 21:59:52.851    10    10 I sec_direct_chg_set_direct_charge: charger_mode(Max->Charging-Off)
01-19 21:59:52.851    10    10 I pca9481_chg_set_property: =========START=========
01-19 21:59:52.851    10    10 I pca9481_chg_set_property: prop=1111, val=0
01-19 21:59:52.851    10    10 I pca9481_stop_charging: END, ret=0
01-19 21:59:52.851    10    10 I pca9481_chg_set_property: End, ret=0
01-19 21:59:52.851    10    10 I _sec_vote(sec_bat_set_property: 5737): IV (None, -22) -> (VOTER_DC_MODE, 9000)
01-19 21:59:52.851    10    10 I sec_direct_chg_set_switching_charge: charger_mode(Max->Buck-Off)
01-19 21:59:52.851    10    10 I max77705_chg_set_mode_state: current_mode(0x4), state(0)
01-19 21:59:52.851    10    10 I max77705_chg_set_mode_state: current_mode(0x0)
01-19 21:59:52.852    10    10 I max77705_chg_set_mode_state: CNFG_00 (0x10)
01-19 21:59:52.901   645   645 I         : [GRIP_0] isg6320_set_normal_mode
01-19 21:59:52.902   645   645 I         : [GRIP_0] isg6320_force_calibration
01-19 21:59:52.907   212   212 I stm_ts_spi spi1.0: [sec_input] stm_ts_wait_for_echo_event: event 03, 00, 00, 00, 00, 00, 00, 01, 00, 00, 00, 00, 00, 00, 00, 00
01-19 21:59:52.931   212   212 I stm_ts_spi spi1.0: [sec_input] stm_ts_wait_for_echo_event: event 43, 01, A4, 04, 00, C0, 00, 00, 00, 00, 00, 00, 00, 00, 00, 00
01-19 21:59:52.931   212   212 I stm_ts_spi spi1.0: [sec_input] run_low_frequency_rawcap_read
01-19 21:59:52.931   212   212 I stm_ts_spi spi1.0: [sec_input] run_nonsync_rawcap_read
01-19 21:59:52.931   212   212 I stm_ts_spi spi1.0: [sec_input] stm_ts_read_nonsync_frame
01-19 21:59:52.931   685   685 I stm_ts_spi spi1.0: [sec_input] stm_ts_irq_thread: echo event 43 01 A4 06 01 00 00 00 00 00 00 00 00 00 00 00
01-19 21:59:52.962     1     1 E init    : [libfs_avb]Device path not found: /dev/block/by-name/boot
01-19 21:59:52.962     1     1 E init    : [libfs_avb]avb_slot_verify failed, result: 2
01-19 21:59:52.962     1     1 E init    : Failed to open AvbHandle for INIT_AVB_VERSION: No such file or directory
01-19 21:59:52.969     1     1 W init    : DM_DEV_STATUS failed for system_ext: No such device or address
01-19 21:59:52.969     1     1 E init    : Could not update logical partition
01-19 21:59:52.969     1     1 W init    : DM_DEV_STATUS failed for product: No such device or address
01-19 21:59:52.969     1     1 E init    : Could not update logical partition
01-19 21:59:52.969     1     1 I init    : Opening SELinux policy
01-19 21:59:52.970     1     1 I init    : Loading SELinux policy
01-19 21:59:52.972     1     1 I SELinux : Permission nlmsg_getneigh in class netlink_route_socket not defined in policy.
01-19 21:59:52.972     1     1 I SELinux : Permission bpf in class capability2 not defined in policy.
01-19 21:59:52.972     1     1 I SELinux : Permission checkpoint_restore in class capability2 not defined in policy.
01-19 21:59:52.972     1     1 I SELinux : Permission bpf in class cap2_userns not defined in policy.
01-19 21:59:52.972     1     1 I SELinux : Permission checkpoint_restore in class cap2_userns not defined in policy.
01-19 21:59:52.972     1     1 I SELinux : Class mctp_socket not defined in policy.
01-19 21:59:52.972     1     1 I SELinux : the above unknown classes and permissions will be denied
01-19 21:59:52.973     1     1 I SELinux : policy capability network_peer_controls=1
01-19 21:59:52.973     1     1 I SELinux : policy capability open_perms=1
01-19 21:59:52.973     1     1 I SELinux : policy capability extended_socket_class=1
01-19 21:59:52.973     1     1 I SELinux : policy capability always_check_network=0
01-19 21:59:52.973     1     1 I SELinux : policy capability cgroup_seclabel=0
01-19 21:59:52.973     1     1 I SELinux : policy capability nnp_nosuid_transition=1
01-19 21:59:52.973     1     1 I SELinux : policy capability genfs_seclabel_symlinks=0
01-19 21:59:52.973     1     1 I SELinux : policy capability ioctl_skip_cloexec=0
