--------- beginning of kernel
01-19 21:59:50.085     1     1 W         : switch_class usb_notify_layer sys_pm_vx dmesg_dumper panel_event_notifier rimps_log memlat_scmi memlat_vendor memlat usb_bam sps_drv core_hang_detect boot_stats pmic_pon_log llcc_perfmon microdump_collector eud adsp_sleepmon subsystem_sleep_stats sysmon_subsystem_stats cdsprm soc_sleep_stats cdsp_loader qcom_ramdump altmode_glink charger_ulog_glink qti_battery_debug glink_pkt glink_probe qcom_glink_spss qsee_ipc_irq_bridge smp2p_sleepstate smp2p msm_memshare heap_mem_ext_v01 qcom_cpuss_sleep_stats msm_gpi bam_dma gpucc_kalama debugcc_kalama lcd pwm_qti_lpg pinctrl_spmi_mpp pinctrl_spmi_gpio phy_qcom_ufs_qmp_v4_khaje phy_qcom_ufs_qmp_v4 phy_qcom_ufs_qmp_v4_waipio mhi_dev_satellite mhi_dev_uci mhi pci_msm_drv sec_qc_user_reset msm_show_resume_irq ssg blk_sec_stats msm_sysstats spmi_glink_debug pmic_glink pdr_interface qmi_helpers rproc_qcom_common qcom_smd qcom_glink_smem qcom_glink spmi_pmic_arb_debug sec_qc_param sec_qc_summary sec_qc_debug
01-19 21:59:50.085     1     1 W         : sec_qc_dbg_partition bcl_pmic5 c1dcvs_scmi c1dcvs_vendor qcom_rimps sdhci_msm ufs_qcom ufshcd_crypto_qti msm_qmp qcom_aoss stub_regulator softdog socinfo sec_qc_upload_cause sec_upload_cause sec_pmsg sec_param sec_crashkey_long sec_crashkey sec_key_notifier rtc_pm8xxx qrtr qcom_reboot_reason spmi_pmic_arb qcom_spmi_pmic regmap_spmi qti_regmap_debugfs pmu_scmi pmu_vendor qcom_pmu_lib qcom_llcc_pmu qcom_dload_mode arm_smmu qcom_iommu_util phy_qcom_ufs_qrbtc_sdm845 phy_qcom_ufs_qmp_v4_kalama phy_qcom_ufs nvmem_qcom_spmi_sdam ns qnoc_kalama qnoc_qos pinctrl_kalama pinctrl_msm memory_dump_v2 mem_buf qcom_dma_heaps msm_dma_iommu_mapping mem_buf_msgq mem_buf_dev mem_hooks llcc_qcom iommu_logger gunyah mdt_loader secure_buffer gh_ctrl videocc_kalama tcsrcc_kalama dispcc_kalama dcc_v2 crypto_qti_common crypto_qti_hwkm hwkm tmecom_intf cqhci clk_dummy cpu_hotplug thermal_pause sched_walt qcom_cpufreq_hw sec_pm_log bwmon qcom_dcvs dcvs_fp rpmh_regulator qcom_tsens
01-19 21:59:50.085     1     1 W         : qcom_pdc qcom_ipcc camcc_kalama icc_rpmh icc_debug icc_bcm_voter gcc_kalama clk_qcom gdsc_regulator proxy_consumer debug_regulator clk_rpmh qcom_rpmh cmd_db qcom_ipc_logging sec_debug qcom_cpu_vendor_hooks gh_virt_wdt qcom_wdt_core qcom_scm minidump gh_rm_drv gh_dbl gh_msgq gh_arm_drv smem qcom_hwspinlock abc sec_qc_logger sec_arm64_ap_context sec_debug_region sec_log_buf sec_boot_stat sec_class
01-19 21:59:50.085     1     1 W         : CPU: 7 PID: 1 Comm: init Tainted: G S      W         5.15.184-g7100b59a #1
01-19 21:59:50.085     1     1 W Hardware name: Samsung DM2Q PROJECT (board-id,13) (DT)
01-19 21:59:50.085     1     1 W pstate  : 624000c5 (nZCv daIF +PAN -UAO +TCO -DIT -SSBS BTYPE=--)
01-19 21:59:50.085     1     1 W pc      : pmic_arb_wait_for_done+0x140/0x1a4 [spmi_pmic_arb]
01-19 21:59:50.085     1     1 W lr      : pmic_arb_wait_for_done+0x13c/0x1a4 [spmi_pmic_arb]
01-19 21:59:50.085     1     1 W sp      : ffffffc00807b560
01-19 21:59:50.085     1     1 W         : x29: ffffffc00807b570 x28: 00000000000000c0 x27: ffffff8037af1bf0
01-19 21:59:50.085     1     1 W         : x26: 0000000000000000 x25: 000000000000000b x24: 00000000fffffc1a
01-19 21:59:50.085     1     1 W         : x23: ffffffc00dc84f88
01-19 21:59:50.085     8     8 E cdsp-loader soc: qcom,msm-cdsp-loader: cdsp_loader_probe: rproc not found
01-19 21:59:50.085     1     1 W         : x22: 0000000000000003 x21: 000000000000000b
01-19 21:59:50.085     1     1 W         : x20: 0000000000000a04 x19: ffffff8037af1800 x18: ffffffc008059028
01-19 21:59:50.085     1     1 W         : x17: 0000000000000001 x16: ffffffffffffffff x15: 0000000000000003
01-19 21:59:50.085     1     1 W         : x14: ffffff8957f50000 x13: 0000000000000003 x12: 0000000000000003
01-19 21:59:50.085     1     1 W         : x11: 00000000ffffdfff x10: ffffffc00aa750c0 x9 : d472d36b8f756600
01-19 21:59:50.085     1     1 W         : x8 : d472d36b8f756600 x7 : 205b5d3832353839 x6 : 302e31202020205b
01-19 21:59:50.085     1     1 W         : x5 : ffffffc00abea2e8 x4 : ffffffc00807b287 x3 : 0000000000000000
01-19 21:59:50.085     1     1 W         : x2 : 0000000000000000 x1 : ffffffc009d1359c x0 : 00000000fffffffb
01-19 21:59:50.085     1     1 W Call trace:  
01-19 21:59:50.085     1     1 W         : pmic_arb_wait_for_done+0x140/0x1a4 [spmi_pmic_arb]
01-19 21:59:50.085     1     1 W         : pmic_arb_read_cmd+0x150/0x288 [spmi_pmic_arb]
01-19 21:59:50.085     1     1 W         : spmi_read_cmd+0x84/0x24c
01-19 21:59:50.085     1     1 W         : spmi_ext_register_readl+0x44/0x50
01-19 21:59:50.085     1     1 W         : regmap_spmi_ext_read+0xa8/0xe0 [regmap_spmi]
01-19 21:59:50.085     1     1 W         : _regmap_raw_read+0x1a8/0x370
01-19 21:59:50.085     1     1 W         : _regmap_bus_read+0x44/0x7c
01-19 21:59:50.085     1     1 W         : _regmap_read+0x190/0x26c
01-19 21:59:50.085     1     1 W         : regmap_read+0x5c/0x84
01-19 21:59:50.085     1     1 W         : qpnp_tm_probe+0x124/0x788 [qcom_spmi_temp_alarm]
01-19 21:59:50.085     1     1 W         : platform_probe+0x58/0x10c
01-19 21:59:50.085     1     1 W         : really_probe+0xbc/0x330
01-19 21:59:50.085     1     1 W         : __driver_probe_device+0x98/0xd0
01-19 21:59:50.085     1     1 W         : driver_probe_device+0x44/0x1e0
01-19 21:59:50.085     1     1 W         : driver_attach+0x1c0/0x300
01-19 21:59:50.085     1     1 W         : bus_add_driver+0x130/0x374
01-19 21:59:50.085     1     1 W         : driver_register+0x80/0x174
01-19 21:59:50.085     1     1 W         : __platform_driver_register+0x20/0x2c
01-19 21:59:50.085     1     1 W         : init_module+0x24/0xfe8 [qcom_spmi_temp_alarm]
01-19 21:59:50.085     1     1 W         : do_one_initcall+0xd4/0x30c
01-19 21:59:50.085     1     1 W         : do_init_module+0x54/0x5a0
01-19 21:59:50.085     1     1 W         : load_module+0x1814/0x1d14
01-19 21:59:50.085     1     1 W         : __arm64_sys_finit_module+0x130/0x144
01-19 21:59:50.085     1     1 W         : invoke_syscall+0x40/0x100
01-19 21:59:50.085     1     1 W         : el0_svc_common+0xb0/0xe8
01-19 21:59:50.085     1     1 W         : do_el0_svc+0x24/0x90
01-19 21:59:50.085     1     1 W         : el0_svc+0x20/0x54
01-19 21:59:50.085     1     1 W         : el0t_64_sync_handler+0xcc/0xe4
01-19 21:59:50.085     1     1 W         : el0t_64_sync+0x1b8/0x1bc
01-19 21:59:50.085     1     1 W         : ---[ end trace a65e012a0fa534ec ]---
01-19 21:59:50.085     1     1 E spmi-temp-alarm c42d000.qcom,spmi: qcom,pmr735d@b:pmr735d-l-temp-alarm@a00: could not read type
01-19 21:59:50.085     1     1 W spmi-temp-alarm: probe of c42d000.qcom,spmi:qcom,pmr735d@b:pmr735d-l-temp-alarm@a00 failed with error -5
01-19 21:59:50.085     1     1 E spmi-0  : pmic_arb_wait_for_done: 0xc 0x2404: transaction failed (0x3)
01-19 21:59:50.085     1     1 W         : ------------[ cut here ]------------
01-19 21:59:50.085     1     1 W         : WARNING: CPU: 7 PID: 1 at drivers/spmi/spmi-pmic-arb.c:310 pmic_arb_wait_for_done+0x140/0x1a4 [spmi_pmic_arb]
01-19 21:59:50.085     1     1 W         : Modules linked in: qcom_spmi_temp_alarm(+) qcom_pon reboot_mode synx_driver qcom_ipc_lite i3c_master_msm_geni i2c_msm_geni i2c_gpio sec_pon_alarm qcom_hv_haptics qti_battery_charger usb_notifier_qcom nb7vpq904m repeater_i2c_eusb2 repeater_qti_pmic_eusb2 usbmon usb_f_ss_acm usb_f_conn_gadget usb_f_diag usb_f_gsi ipa_fmwk usb_f_ccid usb_f_cdev f_fs_ipc_log lvstest ehset phy_msm_m31_eusb2 phy_msm_snps_eusb2 repeater phy_qcom_emu msm_sharedmem smsc95xx smsc75xx smsc spi_msm_geni sg nfc_sec sec_ap_pmic pm8941_pwrkey qseecom_proxy lt9611uxc qcom_iommu_debug rdbg frpc_adsprpc msm_geni_serial hvc_gunyah qti_ocp_notifier qti_fixed_regulator hung_task_enh qcom_va_minidump msm_performance spcom spss_utils qcom_spss qcom_sysmon gh_tlmm_vm_mem_access gh_mem_notifier msm_show_epoch fsa4480_i2c ucsi_glink qdss_bridge usb_f_qdss dwc3_msm phy_msm_ssusb_qmp phy_generic usb_f_ss_mon_gadget redriver if_cb_manager usb_typec_manager common_muic vbus_notifier pdic_notifier_module
01-19 21:59:50.085     1     1 W         : switch_class usb_notify_layer sys_pm_vx dmesg_dumper panel_event_notifier rimps_log memlat_scmi memlat_vendor memlat usb_bam sps_drv core_hang_detect boot_stats pmic_pon_log llcc_perfmon microdump_collector eud adsp_sleepmon subsystem_sleep_stats sysmon_subsystem_stats cdsprm soc_sleep_stats cdsp_loader qcom_ramdump altmode_glink charger_ulog_glink qti_battery_debug glink_pkt glink_probe qcom_glink_spss qsee_ipc_irq_bridge smp2p_sleepstate smp2p msm_memshare heap_mem_ext_v01 qcom_cpuss_sleep_stats msm_gpi bam_dma gpucc_kalama debugcc_kalama lcd pwm_qti_lpg pinctrl_spmi_mpp pinctrl_spmi_gpio phy_qcom_ufs_qmp_v4_khaje phy_qcom_ufs_qmp_v4 phy_qcom_ufs_qmp_v4_waipio mhi_dev_satellite mhi_dev_uci mhi pci_msm_drv sec_qc_user_reset msm_show_resume_irq ssg blk_sec_stats msm_sysstats spmi_glink_debug pmic_glink pdr_interface qmi_helpers rproc_qcom_common qcom_smd qcom_glink_smem qcom_glink spmi_pmic_arb_debug sec_qc_param sec_qc_summary sec_qc_debug
01-19 21:59:50.085     1     1 W         : sec_qc_dbg_partition bcl_pmic5 c1dcvs_scmi c1dcvs_vendor qcom_rimps sdhci_msm ufs_qcom ufshcd_crypto_qti msm_qmp qcom_aoss stub_regulator softdog socinfo sec_qc_upload_cause sec_upload_cause sec_pmsg sec_param sec_crashkey_long sec_crashkey sec_key_notifier rtc_pm8xxx qrtr qcom_reboot_reason spmi_pmic_arb qcom_spmi_pmic regmap_spmi qti_regmap_debugfs pmu_scmi pmu_vendor qcom_pmu_lib qcom_llcc_pmu qcom_dload_mode arm_smmu qcom_iommu_util phy_qcom_ufs_qrbtc_sdm845 phy_qcom_ufs_qmp_v4_kalama phy_qcom_ufs nvmem_qcom_spmi_sdam ns qnoc_kalama qnoc_qos pinctrl_kalama pinctrl_msm memory_dump_v2 mem_buf qcom_dma_heaps msm_dma_iommu_mapping mem_buf_msgq mem_buf_dev mem_hooks llcc_qcom iommu_logger gunyah mdt_loader secure_buffer gh_ctrl videocc_kalama tcsrcc_kalama dispcc_kalama dcc_v2 crypto_qti_common crypto_qti_hwkm hwkm tmecom_intf cqhci clk_dummy cpu_hotplug thermal_pause sched_walt qcom_cpufreq_hw sec_pm_log bwmon qcom_dcvs dcvs_fp rpmh_regulator qcom_tsens
01-19 21:59:50.086     1     1 W         : qcom_pdc qcom_ipcc camcc_kalama icc_rpmh icc_debug icc_bcm_voter gcc_kalama clk_qcom gdsc_regulator proxy_consumer debug_regulator clk_rpmh qcom_rpmh cmd_db qcom_ipc_logging sec_debug qcom_cpu_vendor_hooks gh_virt_wdt qcom_wdt_core qcom_scm minidump gh_rm_drv gh_dbl gh_msgq gh_arm_drv smem qcom_hwspinlock abc sec_qc_logger sec_arm64_ap_context sec_debug_region sec_log_buf sec_boot_stat sec_class
01-19 21:59:50.086     1     1 W         : CPU: 7 PID: 1 Comm: init Tainted: G S      W         5.15.184-g7100b59a #1
01-19 21:59:50.086     1     1 W Hardware name: Samsung DM2Q PROJECT (board-id,13) (DT)
01-19 21:59:50.086     1     1 W pstate  : 624000c5 (nZCv daIF +PAN -UAO +TCO -DIT -SSBS BTYPE=--)
01-19 21:59:50.086     1     1 W pc      : pmic_arb_wait_for_done+0x140/0x1a4 [spmi_pmic_arb]
01-19 21:59:50.086     1     1 W lr      : pmic_arb_wait_for_done+0x13c/0x1a4 [spmi_pmic_arb]
01-19 21:59:50.086     1     1 W sp      : ffffffc00807b560
01-19 21:59:50.086     1     1 W         : x29: ffffffc00807b570 x28: 00000000000000c0 x27: ffffff8037af1bf0
01-19 21:59:50.086     1     1 W         : x26: 0000000000000000 x25: 000000000000000c x24: 00000000fffffc1a
01-19 21:59:50.086     1     1 W         : x23: ffffffc00dc84fc8 x22: 0000000000000003 x21: 000000000000000c
01-19 21:59:50.086     1     1 W         : x20: 0000000000002404 x19: ffffff8037af1800 x18: ffffffc008059028
01-19 21:59:50.086     1     1 W         : x17: 0000000000000001 x16: ffffffffffffffff x15: 0000000000000003
01-19 21:59:50.086     1     1 W         : x14: ffffff8957f50000 x13: 0000000000000003 x12: 0000000000000003
01-19 21:59:50.086     1     1 W         : x11: 00000000ffffdfff x10: ffffffc00aa750c0 x9 : d472d36b8f756600
01-19 21:59:50.086     1     1 W         : x8 : d472d36b8f756600 x7 : 205b5d3134373839 x6 : 302e31202020205b
01-19 21:59:50.086     1     1 W         : x5 : ffffffc00abea2e8 x4 : ffffffc00807b287 x3 : 0000000000000000
01-19 21:59:50.086     1     1 W         : x2 : 0000000000000000 x1 : ffffffc009d1359c x0 : 00000000fffffffb
01-19 21:59:50.086     1     1 W Call trace:  
01-19 21:59:50.086     1     1 W         : pmic_arb_wait_for_done+0x140/0x1a4 [spmi_pmic_arb]
01-19 21:59:50.086     1     1 W         : pmic_arb_read_cmd+0x150/0x288 [spmi_pmic_arb]
01-19 21:59:50.086     1     1 W         : spmi_read_cmd+0x84/0x24c
01-19 21:59:50.086     1     1 W         : spmi_ext_register_readl+0x44/0x50
01-19 21:59:50.086     1     1 W         : regmap_spmi_ext_read+0xa8/0xe0 [regmap_spmi]
01-19 21:59:50.086     1     1 W         : _regmap_raw_read+0x1a8/0x370
01-19 21:59:50.086     1     1 W         : _regmap_bus_read+0x44/0x7c
01-19 21:59:50.086     1     1 W         : _regmap_read+0x190/0x26c
01-19 21:59:50.086     1     1 W         : regmap_read+0x5c/0x84
01-19 21:59:50.086     1     1 W         : qpnp_tm_probe+0x124/0x788 [qcom_spmi_temp_alarm]
01-19 21:59:50.086     1     1 W         : platform_probe+0x58/0x10c
01-19 21:59:50.086     1     1 W         : really_probe+0xbc/0x330
01-19 21:59:50.086     1     1 W         : __driver_probe_device+0x98/0xd0
01-19 21:59:50.086     1     1 W         : driver_probe_device+0x44/0x1e0
01-19 21:59:50.086     1     1 W         : driver_attach+0x1c0/0x300
01-19 21:59:50.086     1     1 W         : bus_add_driver+0x130/0x374
01-19 21:59:50.086     1     1 W         : driver_register+0x80/0x174
01-19 21:59:50.086     1     1 W         : __platform_driver_register+0x20/0x2c
01-19 21:59:50.086     1     1 W         : init_module+0x24/0xfe8 [qcom_spmi_temp_alarm]
01-19 21:59:50.086     1     1 W         : do_one_initcall+0xd4/0x30c
01-19 21:59:50.086     1     1 W         : do_init_module+0x54/0x5a0
01-19 21:59:50.086     1     1 W         : load_module+0x1814/0x1d14
01-19 21:59:50.086     1     1 W         : __arm64_sys_finit_module+0x130/0x144
01-19 21:59:50.086     1     1 W         : invoke_syscall+0x40/0x100
01-19 21:59:50.086     1     1 W         : el0_svc_common+0xb0/0xe8
01-19 21:59:50.086     1     1 W         : do_el0_svc+0x24/0x90
01-19 21:59:50.086     1     1 W         : el0_svc+0x20/0x54
01-19 21:59:50.086     1     1 W         : el0t_64_sync_handler+0xcc/0xe4
01-19 21:59:50.086     1     1 W         : el0t_64_sync+0x1b8/0x1bc
01-19 21:59:50.086     1     1 W         : ---[ end trace a65e012a0fa534ed ]---
01-19 21:59:50.086     1     1 E spmi-temp-alarm c42d000.qcom,spmi: qcom,pm8010@c:pm8010-m-temp-alarm@2400: could not read type
01-19 21:59:50.086     1     1 W spmi-temp-alarm: probe of c42d000.qcom,spmi:qcom,pm8010@c:pm8010-m-temp-alarm@2400 failed with error -5
01-19 21:59:50.086     1     1 E spmi-0  : pmic_arb_wait_for_done: 0xd 0x2404: transaction failed (0x3)
01-19 21:59:50.086     1     1 W         : ------------[ cut here ]------------
01-19 21:59:50.086     1     1 W         : WARNING: CPU: 7 PID: 1 at drivers/spmi/spmi-pmic-arb.c:310 pmic_arb_wait_for_done+0x140/0x1a4 [spmi_pmic_arb]
01-19 21:59:50.086     1     1 W         : Modules linked in: qcom_spmi_temp_alarm(+) qcom_pon reboot_mode synx_driver qcom_ipc_lite i3c_master_msm_geni i2c_msm_geni i2c_gpio sec_pon_alarm qcom_hv_haptics qti_battery_charger usb_notifier_qcom nb7vpq904m repeater_i2c_eusb2 repeater_qti_pmic_eusb2 usbmon usb_f_ss_acm usb_f_conn_gadget usb_f_diag usb_f_gsi ipa_fmwk usb_f_ccid usb_f_cdev f_fs_ipc_log lvstest ehset phy_msm_m31_eusb2 phy_msm_snps_eusb2 repeater phy_qcom_emu msm_sharedmem smsc95xx smsc75xx smsc spi_msm_geni sg nfc_sec sec_ap_pmic pm8941_pwrkey qseecom_proxy lt9611uxc qcom_iommu_debug rdbg frpc_adsprpc msm_geni_serial hvc_gunyah qti_ocp_notifier qti_fixed_regulator hung_task_enh qcom_va_minidump msm_performance spcom spss_utils qcom_spss qcom_sysmon gh_tlmm_vm_mem_access gh_mem_notifier msm_show_epoch fsa4480_i2c ucsi_glink qdss_bridge usb_f_qdss dwc3_msm phy_msm_ssusb_qmp phy_generic usb_f_ss_mon_gadget redriver if_cb_manager usb_typec_manager common_muic vbus_notifier pdic_notifier_module
01-19 21:59:50.086     1     1 W         : switch_class usb_notify_layer sys_pm_vx dmesg_dumper panel_event_notifier rimps_log memlat_scmi memlat_vendor memlat usb_bam sps_drv core_hang_detect boot_stats pmic_pon_log llcc_perfmon microdump_collector eud adsp_sleepmon subsystem_sleep_stats sysmon_subsystem_stats cdsprm soc_sleep_stats cdsp_loader qcom_ramdump altmode_glink charger_ulog_glink qti_battery_debug glink_pkt glink_probe qcom_glink_spss qsee_ipc_irq_bridge smp2p_sleepstate smp2p msm_memshare heap_mem_ext_v01 qcom_cpuss_sleep_stats msm_gpi bam_dma gpucc_kalama debugcc_kalama lcd pwm_qti_lpg pinctrl_spmi_mpp pinctrl_spmi_gpio phy_qcom_ufs_qmp_v4_khaje phy_qcom_ufs_qmp_v4 phy_qcom_ufs_qmp_v4_waipio mhi_dev_satellite mhi_dev_uci mhi pci_msm_drv sec_qc_user_reset msm_show_resume_irq ssg blk_sec_stats msm_sysstats spmi_glink_debug pmic_glink pdr_interface qmi_helpers rproc_qcom_common qcom_smd qcom_glink_smem qcom_glink spmi_pmic_arb_debug sec_qc_param sec_qc_summary sec_qc_debug
01-19 21:59:50.086     1     1 W         : sec_qc_dbg_partition bcl_pmic5 c1dcvs_scmi c1dcvs_vendor qcom_rimps sdhci_msm ufs_qcom ufshcd_crypto_qti msm_qmp qcom_aoss stub_regulator softdog socinfo sec_qc_upload_cause sec_upload_cause sec_pmsg sec_param sec_crashkey_long sec_crashkey sec_key_notifier rtc_pm8xxx qrtr qcom_reboot_reason spmi_pmic_arb qcom_spmi_pmic regmap_spmi qti_regmap_debugfs pmu_scmi pmu_vendor qcom_pmu_lib qcom_llcc_pmu qcom_dload_mode arm_smmu qcom_iommu_util phy_qcom_ufs_qrbtc_sdm845 phy_qcom_ufs_qmp_v4_kalama phy_qcom_ufs nvmem_qcom_spmi_sdam ns qnoc_kalama qnoc_qos pinctrl_kalama pinctrl_msm memory_dump_v2 mem_buf qcom_dma_heaps msm_dma_iommu_mapping mem_buf_msgq mem_buf_dev mem_hooks llcc_qcom iommu_logger gunyah mdt_loader secure_buffer gh_ctrl videocc_kalama tcsrcc_kalama dispcc_kalama dcc_v2 crypto_qti_common crypto_qti_hwkm hwkm tmecom_intf cqhci clk_dummy cpu_hotplug thermal_pause sched_walt qcom_cpufreq_hw sec_pm_log bwmon qcom_dcvs dcvs_fp rpmh_regulator qcom_tsens
01-19 21:59:50.086     1     1 W         : qcom_pdc qcom_ipcc camcc_kalama icc_rpmh icc_debug icc_bcm_voter gcc_kalama clk_qcom gdsc_regulator proxy_consumer debug_regulator clk_rpmh qcom_rpmh cmd_db qcom_ipc_logging sec_debug qcom_cpu_vendor_hooks gh_virt_wdt qcom_wdt_core qcom_scm minidump gh_rm_drv gh_dbl gh_msgq gh_arm_drv smem qcom_hwspinlock abc sec_qc_logger sec_arm64_ap_context sec_debug_region sec_log_buf sec_boot_stat sec_class
01-19 21:59:50.086     1     1 W         : CPU: 7 PID: 1 Comm: init Tainted: G S      W         5.15.184-g7100b59a #1
01-19 21:59:50.086     1     1 W Hardware name: Samsung DM2Q PROJECT (board-id,13) (DT)
01-19 21:59:50.086     1     1 W pstate  : 624000c5 (nZCv daIF +PAN -UAO +TCO -DIT -SSBS BTYPE=--)
01-19 21:59:50.086     1     1 W pc      : pmic_arb_wait_for_done+0x140/0x1a4 [spmi_pmic_arb]
01-19 21:59:50.086     1     1 W lr      : pmic_arb_wait_for_done+0x13c/0x1a4 [spmi_pmic_arb]
01-19 21:59:50.086     1     1 W sp      : ffffffc00807b560
01-19 21:59:50.086     1     1 W         : x29: ffffffc00807b570 x28: 00000000000000c0 x27: ffffff8037af1bf0
01-19 21:59:50.086     1     1 W         : x26: 0000000000000000 x25: 000000000000000d x24: 00000000fffffc1a
01-19 21:59:50.086     1     1 W         : x23: ffffffc00dc84fe8 x22: 0000000000000003 x21: 000000000000000d
01-19 21:59:50.086     1     1 W         : x20: 0000000000002404 x19: ffffff8037af1800 x18: ffffffc008059028
01-19 21:59:50.086     1     1 W         : x17: 0000000000000001 x16: ffffffffffffffff x15: 0000000000000003
01-19 21:59:50.086     1     1 W         : x14: ffffff8957f50000 x13: 0000000000000003 x12: 0000000000000003
01-19 21:59:50.086     1     1 W         : x11: 00000000ffffdfff x10: ffffffc00aa750c0 x9 : d472d36b8f756600
01-19 21:59:50.086     1     1 W         : x8 : d472d36b8f756600 x7 : 205b5d3533393839 x6 : 302e31202020205b
01-19 21:59:50.086     1     1 W         : x5 : ffffffc00abea2e8 x4 : ffffffc00807b287 x3 : 0000000000000000
01-19 21:59:50.086     1     1 W         : x2 : 0000000000000000 x1 : ffffffc009d1359c x0 : 00000000fffffffb
01-19 21:59:50.086     1     1 W Call trace:  
01-19 21:59:50.086     1     1 W         : pmic_arb_wait_for_done+0x140/0x1a4 [spmi_pmic_arb]
01-19 21:59:50.086     1     1 W         : pmic_arb_read_cmd+0x150/0x288 [spmi_pmic_arb]
01-19 21:59:50.086     1     1 W         : spmi_read_cmd+0x84/0x24c
01-19 21:59:50.086     1     1 W         : spmi_ext_register_readl+0x44/0x50
01-19 21:59:50.086     1     1 W         : regmap_spmi_ext_read+0xa8/0xe0 [regmap_spmi]
01-19 21:59:50.086     1     1 W         : _regmap_raw_read+0x1a8/0x370
01-19 21:59:50.086     1     1 W         : _regmap_bus_read+0x44/0x7c
01-19 21:59:50.086     1     1 W         : _regmap_read+0x190/0x26c
01-19 21:59:50.086     1     1 W         : regmap_read+0x5c/0x84
01-19 21:59:50.086     1     1 W         : qpnp_tm_probe+0x124/0x788 [qcom_spmi_temp_alarm]
01-19 21:59:50.086     1     1 W         : platform_probe+0x58/0x10c
01-19 21:59:50.086     1     1 W         : really_probe+0xbc/0x330
01-19 21:59:50.086     1     1 W         : __driver_probe_device+0x98/0xd0
01-19 21:59:50.086     1     1 W         : driver_probe_device+0x44/0x1e0
01-19 21:59:50.086     1     1 W         : driver_attach+0x1c0/0x300
01-19 21:59:50.086     1     1 W         : bus_add_driver+0x130/0x374
01-19 21:59:50.086     1     1 W         : driver_register+0x80/0x174
01-19 21:59:50.086     1     1 W         : __platform_driver_register+0x20/0x2c
01-19 21:59:50.086     1     1 W         : init_module+0x24/0xfe8 [qcom_spmi_temp_alarm]
01-19 21:59:50.086     1     1 W         : do_one_initcall+0xd4/0x30c
01-19 21:59:50.086     1     1 W         : do_init_module+0x54/0x5a0
01-19 21:59:50.086     1     1 W         : load_module+0x1814/0x1d14
01-19 21:59:50.086     1     1 W         : __arm64_sys_finit_module+0x130/0x144
01-19 21:59:50.086     1     1 W         : invoke_syscall+0x40/0x100
01-19 21:59:50.086     1     1 W         : el0_svc_common+0xb0/0xe8
01-19 21:59:50.086     1     1 W         : do_el0_svc+0x24/0x90
01-19 21:59:50.086     1     1 W         : el0_svc+0x20/0x54
01-19 21:59:50.086     1     1 W         : el0t_64_sync_handler+0xcc/0xe4
01-19 21:59:50.086     1     1 W         : el0t_64_sync+0x1b8/0x1bc
01-19 21:59:50.086     1     1 W         : ---[ end trace a65e012a0fa534ee ]---
01-19 21:59:50.086     1     1 E spmi-temp-alarm c42d000.qcom,spmi: qcom,pm8010@d:pm8010-n-temp-alarm@2400: could not read type
01-19 21:59:50.086     1     1 W spmi-temp-alarm: probe of c42d000.qcom,spmi:qcom,pm8010@d:pm8010-n-temp-alarm@2400 failed with error -5
01-19 21:59:50.086     1     1 I init    : Loaded kernel module /lib/modules/qcom-spmi-temp-alarm.ko
01-19 21:59:50.086     1     1 I init    : Loading module /lib/modules/bcl_soc.ko with args ''
01-19 21:59:50.087     1     1 I init    : Loaded kernel module /lib/modules/bcl_soc.ko
01-19 21:59:50.087     1     1 I init    : Loading module /lib/modules/cpu_voltage_cooling.ko with args ''
01-19 21:59:50.087     8     8 E cdsp-loader soc: qcom,msm-cdsp-loader: cdsp_loader_probe: rproc not found
01-19 21:59:50.088     1     1 I cpu_voltage_cooling: build_unified_table CPU1:7 CPU2:3
01-19 21:59:50.088     1     1 I cpu_voltage_cooling: build_unified_table freq1:3360000 freq2:2803200
01-19 21:59:50.088     1     1 I cpu_voltage_cooling: build_unified_table vbf: prime:3360000 gold:2803200
01-19 21:59:50.088     1     1 I cpu_voltage_cooling: build_unified_table freq1:2956800 freq2:2592000
01-19 21:59:50.088     1     1 I cpu_voltage_cooling: build_unified_table vbf: prime:2956800 gold:2592000
01-19 21:59:50.088     1     1 I cpu_voltage_cooling: build_unified_table freq1:2841600 freq2:2323200
01-19 21:59:50.088     1     1 I cpu_voltage_cooling: build_unified_table vbf: prime:2841600 gold:2323200
01-19 21:59:50.088     1     1 I cpu_voltage_cooling: build_unified_table freq1:2726400 freq2:2323200
01-19 21:59:50.088     1     1 I cpu_voltage_cooling: build_unified_table vbf: prime:2726400 gold:2323200
01-19 21:59:50.088     1     1 I cpu_voltage_cooling: build_unified_table freq1:2592000 freq2:2188800
01-19 21:59:50.088     1     1 I cpu_voltage_cooling: build_unified_table vbf: prime:2592000 gold:2188800
01-19 21:59:50.088     1     1 I cpu_voltage_cooling: build_unified_table freq1:2476800 freq2:2054400
01-19 21:59:50.088     1     1 I cpu_voltage_cooling: build_unified_table vbf: prime:2476800 gold:2054400
01-19 21:59:50.088     1     1 I cpu_voltage_cooling: build_unified_table freq1:2342400 freq2:1920000
01-19 21:59:50.088     1     1 I cpu_voltage_cooling: build_unified_table vbf: prime:2342400 gold:1920000
01-19 21:59:50.088     1     1 I cpu_voltage_cooling: build_unified_table freq1:2227200 freq2:1785600
01-19 21:59:50.088     1     1 I cpu_voltage_cooling: build_unified_table vbf: prime:2227200 gold:1785600
01-19 21:59:50.088     1     1 I cpu_voltage_cooling: build_unified_table freq1:2092800 freq2:1651200
01-19 21:59:50.088     1     1 I cpu_voltage_cooling: build_unified_table vbf: prime:2092800 gold:1651200
01-19 21:59:50.088     1     1 I cpu_voltage_cooling: build_unified_table freq1:1977600 freq2:1536000
01-19 21:59:50.088     1     1 I cpu_voltage_cooling: build_unified_table vbf: prime:1977600 gold:1536000
01-19 21:59:50.088     1     1 I cpu_voltage_cooling: build_unified_table freq1:1843200 freq2:1401600
01-19 21:59:50.088     1     1 I cpu_voltage_cooling: build_unified_table vbf: prime:1843200 gold:1401600
01-19 21:59:50.088     1     1 I cpu_voltage_cooling: build_unified_table freq1:1708800 freq2:1286400
01-19 21:59:50.088     1     1 I cpu_voltage_cooling: build_unified_table vbf: prime:1708800 gold:1286400
01-19 21:59:50.088     1     1 I cpu_voltage_cooling: build_unified_table freq1:1593600 freq2:1171200
01-19 21:59:50.088     1     1 I cpu_voltage_cooling: build_unified_table vbf: prime:1593600 gold:1171200
01-19 21:59:50.088     1     1 I cpu_voltage_cooling: build_unified_table freq1:1478400 freq2:1056000
01-19 21:59:50.088     1     1 I cpu_voltage_cooling: build_unified_table vbf: prime:1478400 gold:1056000
01-19 21:59:50.088     1     1 I cpu_voltage_cooling: build_unified_table freq1:1363200 freq2:940800
01-19 21:59:50.088     1     1 I cpu_voltage_cooling: build_unified_table vbf: prime:1363200 gold:940800
01-19 21:59:50.088     1     1 I cpu_voltage_cooling: build_unified_table freq1:1248000 freq2:940800
01-19 21:59:50.088     1     1 I cpu_voltage_cooling: build_unified_table vbf: prime:1248000 gold:940800
01-19 21:59:50.088     1     1 I cpu_voltage_cooling: build_unified_table freq1:1132800 freq2:729600
01-19 21:59:50.088     1     1 I cpu_voltage_cooling: build_unified_table vbf: prime:1132800 gold:729600
01-19 21:59:50.088     1     1 I cpu_voltage_cooling: build_unified_table freq1:998400 freq2:729600
01-19 21:59:50.088     1     1 I cpu_voltage_cooling: build_unified_table vbf: prime:998400 gold:729600
01-19 21:59:50.088     1     1 I cpu_voltage_cooling: build_unified_table freq1:864000 freq2:614400
01-19 21:59:50.088     1     1 I cpu_voltage_cooling: build_unified_table vbf: prime:864000 gold:614400
01-19 21:59:50.088     1     1 I cpu_voltage_cooling: build_unified_table freq1:729600 freq2:499200
01-19 21:59:50.088     1     1 I cpu_voltage_cooling: build_unified_table vbf: prime:729600 gold:499200
01-19 21:59:50.088     1     1 I cpu_voltage_cooling: build_unified_table freq1:595200 freq2:499200
01-19 21:59:50.088     1     1 I cpu_voltage_cooling: build_unified_table vbf: prime:595200 gold:499200
01-19 21:59:50.088     1     1 I init    : Loaded kernel module /lib/modules/cpu_voltage_cooling.ko
01-19 21:59:50.088     1     1 I init    : Loading module /lib/modules/ddr_cdev.ko with args ''
01-19 21:59:50.088     8     8 E cdsp-loader soc: qcom,msm-cdsp-loader: cdsp_loader_probe: rproc not found
01-19 21:59:50.089     1     1 I init    : Loaded kernel module /lib/modules/ddr_cdev.ko
01-19 21:59:50.089     1     1 I init    : Loading module /lib/modules/max31760_fan.ko with args ''
01-19 21:59:50.089     8     8 E cdsp-loader soc: qcom,msm-cdsp-loader: cdsp_loader_probe: rproc not found
01-19 21:59:50.089     1     1 I init    : Loaded kernel module /lib/modules/max31760_fan.ko
01-19 21:59:50.089     1     1 I init    : Loading module /lib/modules/msm_lmh_dcvs.ko with args ''
01-19 21:59:50.090     1     1 I init    : Loaded kernel module /lib/modules/msm_lmh_dcvs.ko
01-19 21:59:50.090     1     1 I init    : Loading module /lib/modules/policy_engine.ko with args ''
01-19 21:59:50.091     8     8 E cdsp-loader soc: qcom,msm-cdsp-loader: cdsp_loader_probe: rproc not found
01-19 21:59:50.091     1     1 I init    : Loaded kernel module /lib/modules/policy_engine.ko
01-19 21:59:50.091     1     1 I init    : Loading module /lib/modules/qti_qmi_cdev.ko with args ''
01-19 21:59:50.092     1     1 I init    : Loaded kernel module /lib/modules/qti_qmi_cdev.ko
01-19 21:59:50.092     1     1 I init    : Loading module /lib/modules/qti_qmi_sensor_v2.ko with args ''
01-19 21:59:50.092     8     8 E cdsp-loader soc: qcom,msm-cdsp-loader: cdsp_loader_probe: rproc not found
01-19 21:59:50.093     1     1 I init    : Loaded kernel module /lib/modules/qti_qmi_sensor_v2.ko
01-19 21:59:50.093     1     1 I init    : Loading module /lib/modules/qti_cpufreq_cdev.ko with args ''
01-19 21:59:50.093     8     8 E cdsp-loader soc: qcom,msm-cdsp-loader: cdsp_loader_probe: rproc not found
01-19 21:59:50.094     1     1 I init    : Loaded kernel module /lib/modules/qti_cpufreq_cdev.ko
01-19 21:59:50.094     1     1 I init    : Loading module /lib/modules/qti_devfreq_cdev.ko with args ''
01-19 21:59:50.095     1     1 I init    : Loaded kernel module /lib/modules/qti_devfreq_cdev.ko
01-19 21:59:50.095     1     1 I init    : Loading module /lib/modules/qti_userspace_cdev.ko with args ''
01-19 21:59:50.095     8     8 E cdsp-loader soc: qcom,msm-cdsp-loader: cdsp_loader_probe: rproc not found
01-19 21:59:50.096     1     1 I userspace-cdev soc: qcom,userspace-cdev: cdev:display-fps lvl:4 registered
01-19 21:59:50.096     1     1 I init    : Loaded kernel module /lib/modules/qti_userspace_cdev.ko
01-19 21:59:50.096     1     1 I init    : Loading module /lib/modules/sdpm_clk.ko with args ''
01-19 21:59:50.097     8     8 E cdsp-loader soc: qcom,msm-cdsp-loader: cdsp_loader_probe: rproc not found
01-19 21:59:50.097     1     1 I init    : Loaded kernel module /lib/modules/sdpm_clk.ko
01-19 21:59:50.097     1     1 I init    : Loading module /lib/modules/qcom_edac.ko with args ''
01-19 21:59:50.098     1     1 I EDAC DEVICE0: Giving out device to module qcom_llcc_edac controller llcc: DEV qcom_llcc_edac (INTERRUPT)
01-19 21:59:50.098     1     1 I init    : Loaded kernel module /lib/modules/qcom_edac.ko
01-19 21:59:50.098     1     1 I init    : Loading module /lib/modules/cpufreq_limit.ko with args ''
01-19 21:59:50.099     8     8 E cdsp-loader soc: qcom,msm-cdsp-loader: cdsp_loader_probe: rproc not found
01-19 21:59:50.099     1     1 I         : cflm_probe
01-19 21:59:50.099     1     1 I cflm_parse_dt: param: voltage based clock: true(offset 1)
01-19 21:59:50.099     1     1 I cflm_parse_dt: param: boost map size(1)
01-19 21:59:50.099     1     1 I cflm_parse_dt: param: limit map size(3)
01-19 21:59:50.099     1     1 I cflm_parse_dt: param: g_fmin_up(0), ltl_max_freq(950400)
01-19 21:59:50.099     1     1 I cflm_set_table: freq table is ready, update config
01-19 21:59:50.099     1     1 I cflm_set_table: updated: little(153600-950400), big(998400-3360000)
01-19 21:59:50.099     1     1 I         : cflm_probe done
01-19 21:59:50.099     1     1 I init    : Loaded kernel module /lib/modules/cpufreq_limit.ko
01-19 21:59:50.099     1     1 I init    : Loading module /lib/modules/qcom-cpufreq-hw-debug.ko with args ''
01-19 21:59:50.100     8     8 E cdsp-loader soc: qcom,msm-cdsp-loader: cdsp_loader_probe: rproc not found
01-19 21:59:50.100     1     1 I init    : Loaded kernel module /lib/modules/qcom-cpufreq-hw-debug.ko
01-19 21:59:50.100     1     1 I init    : Loading module /lib/modules/qcom_lpm.ko with args ''
01-19 21:59:50.101     1     1 I cpuidle : using governor qcom-cpu-lpm
01-19 21:59:50.101     1     1 I init    : Loaded kernel module /lib/modules/qcom_lpm.ko
01-19 21:59:50.101     1     1 I init    : Loading module /lib/modules/leds-qti-flash.ko with args ''
01-19 21:59:50.101     8     8 E cdsp-loader soc: qcom,msm-cdsp-loader: cdsp_loader_probe: rproc not found
01-19 21:59:50.103     1     1 I init    : Loaded kernel module /lib/modules/leds-qti-flash.ko
01-19 21:59:50.103     1     1 I init    : Loading module /lib/modules/leds-qti-tri-led.ko with args ''
01-19 21:59:50.103     8     8 E cdsp-loader soc: qcom,msm-cdsp-loader: cdsp_loader_probe: rproc not found
01-19 21:59:50.103     1     1 I init    : Loaded kernel module /lib/modules/leds-qti-tri-led.ko
01-19 21:59:50.104     1     1 I init    : Loading module /lib/modules/mfd_s2mpb02.ko with args ''
01-19 21:59:50.104     1     1 I s2mpb02 : s2mpb02_i2c_init
01-19 21:59:50.104     8     8 E cdsp-loader soc: qcom,msm-cdsp-loader: cdsp_loader_probe: rproc not found
01-19 21:59:50.104     1     1 I s2mpb02 : s2mpb02_i2c_probe
01-19 21:59:50.104     1     1 I         : of_s2mpb02_dt mfd-cell(0) = s2mpb02-led
01-19 21:59:50.104     1     1 I         : of_s2mpb02_dt mfd-cell(1) = s2mpb02-regulator
01-19 21:59:50.104     1     1 I s2mpb02_i2c_probe: device id 0x01 is found
01-19 21:59:50.104     1     1 W s2mpb02 : s2mpb02_irq_init No interrupt specified.
01-19 21:59:50.104     1     1 I init    : Loaded kernel module /lib/modules/mfd_s2mpb02.ko
01-19 21:59:50.104     1     1 I init    : Loading module /lib/modules/pmic_class.ko with args ''
01-19 21:59:50.105     1     1 I init    : Loaded kernel module /lib/modules/pmic_class.ko
01-19 21:59:50.105     1     1 I init    : Loading module /lib/modules/s2mpb02-regulator.ko with args ''
01-19 21:59:50.105     8     8 E cdsp-loader soc: qcom,msm-cdsp-loader: cdsp_loader_probe: rproc not found
01-19 21:59:50.105     1     1 I         : s2mpb02-regulator s2mpb02-regulator: s2mpb02_pmic_probe start
01-19 21:59:50.105     1     1 I s2mpb02-l1: Bringing 900000uV into 925000-925000uV
01-19 21:59:50.110     1     1 I s2mpb02-l3: Bringing 1000000uV into 1100000-1100000uV
01-19 21:59:50.114     1     1 I s2mpb02-l4: Bringing 1200000uV into 925000-925000uV
01-19 21:59:50.117     1     1 I s2mpb02-l5: Bringing 1200000uV into 1050000-1050000uV
01-19 21:59:50.126     1     1 I s2mpb02-l11: Bringing 2800000uV into 3200000-3200000uV
01-19 21:59:50.131     1     1 I s2mpb02-l13: Bringing 2900000uV into 3200000-3200000uV
01-19 21:59:50.137     1     1 I s2mpb02-l17: Bringing 2950000uV into 2200000-2200000uV
01-19 21:59:50.141     1     1 I s2mpb02-l18: Bringing 3300000uV into 2200000-2200000uV
01-19 21:59:50.144     1     1 I s2mpb02-b1: Bringing 1600000uV into 925000-925000uV
01-19 21:59:50.147     1     1 I s2mpb02-b2: Bringing 800000uV into 1300000-1300000uV
01-19 21:59:50.151     1     1 I s2mpb02-bb: Bringing 3500000uV into 3400000-3400000uV
01-19 21:59:50.155     1     1 I         : s2mpb02_create_sysfs()
01-19 21:59:50.155     1     1 I         : s2mpb02-regulator s2mpb02-regulator: s2mpb02_pmic_probe end
01-19 21:59:50.155     1     1 I init    : Loaded kernel module /lib/modules/s2mpb02-regulator.ko
01-19 21:59:50.155     1     1 I init    : Loading module /lib/modules/leds-s2mpb02.ko with args ''
01-19 21:59:50.155     1     1 I         : [LED] s2mpb02_led_probe 2 leds
01-19 21:59:50.155     1     1 I         : s2mpb02_led_probe led0 setup ...
01-19 21:59:50.156     8     8 E cdsp-loader soc: qcom,msm-cdsp-loader: cdsp_loader_probe: rproc not found
01-19 21:59:50.160     1     1 I         : s2mpb02_led_probe led1 setup ...
01-19 21:59:50.165     1     1 I         : <s2mpb02_led_probe> end
01-19 21:59:50.165     1     1 I init    : Loaded kernel module /lib/modules/leds-s2mpb02.ko
01-19 21:59:50.165     1     1 I init    : Loading module /lib/modules/qcom_pil_info.ko with args ''
01-19 21:59:50.165     1     1 I init    : Loaded kernel module /lib/modules/qcom_pil_info.ko
01-19 21:59:50.165     1     1 I init    : Loading module /lib/modules/sec_panel_notifier.ko with args ''
01-19 21:59:50.165     1     1 I init    : Loaded kernel module /lib/modules/sec_panel_notifier.ko
01-19 21:59:50.165     1     1 I init    : Loading module /lib/modules/sensors_core.ko with args ''
01-19 21:59:50.165     8     8 E cdsp-loader soc: qcom,msm-cdsp-loader: cdsp_loader_probe: rproc not found
01-19 21:59:50.165     1     1 I         : [SENSORS CORE] sensors_class_init
01-19 21:59:50.165     1     1 I input   : meta_event as /devices/virtual/input/input3
01-19 21:59:50.165     1     1 I init    : Loaded kernel module /lib/modules/sensors_core.ko
01-19 21:59:50.165     1     1 I init    : Loading module /lib/modules/adsp_factory_module.ko with args ''
01-19 21:59:50.166     1     1 I         : [FACTORY] factory_adsp_init
01-19 21:59:50.166     1     1 I         : [FACTORY] adsp_factory_register - type:13 ptr:00000000c7973e40
01-19 21:59:50.166     1     1 I         : [FACTORY] core_factory_init
01-19 21:59:50.166     1     1 E         : [FACTORY] androidboot.revision is missing.
01-19 21:59:50.166     1     1 I         : [FACTORY] core_factory_init
01-19 21:59:50.166     1     1 I         : [FACTORY] core_factory_init
01-19 21:59:50.166     1     1 I         : [FACTORY] adsp_factory_register - type:0 ptr:00000000a4732202
01-19 21:59:50.166     1     1 I         : [FACTORY] lsm6dso_accel_factory_init
01-19 21:59:50.166     1     1 I         : [FACTORY] adsp_factory_register - type:1 ptr:0000000049d3ac6a
01-19 21:59:50.166     1     1 I         : [FACTORY] lsm6dso_gyro_factory_init
01-19 21:59:50.166     1     1 I         : [FACTORY] adsp_factory_register - type:2 ptr:00000000c1f8e361
01-19 21:59:50.166     1     1 I         : [FACTORY] ak09918_factory_init
01-19 21:59:50.166     1     1 I         : [FACTORY] adsp_factory_register - type:3 ptr:00000000d4326334
01-19 21:59:50.166     1     1 I         : [FACTORY] lps22hh_pressure_factory_init
01-19 21:59:50.166     1     1 I         : [FACTORY] adsp_factory_register - type:4 ptr:0000000000a23963
01-19 21:59:50.166     1     1 I         : [SSC_FAC] light_factory_init
01-19 21:59:50.166     1     1 I         : [FACTORY] adsp_factory_register - type:5 ptr:0000000054f9857f
01-19 21:59:50.166     1     1 I         : [SSC_FAC] prox_factory_init
01-19 21:59:50.166     1     1 I [FACTORY] check_flip_cover_detector_availability: true
01-19 21:59:50.166     1     1 I [FACTORY] check_fcd_dual_cal_matrix_support: fcd,dual_cal_matrix not found, ret=-22
01-19 21:59:50.166     1     1 I [FACTORY] check_fcd_dual_cal_matrix_support: 0
01-19 21:59:50.166     1     1 I         : [FACTORY] adsp_factory_register - type:10 ptr:000000009567de2f
01-19 21:59:50.166     1     1 I         : [FACTORY] flip_cover_detector_factory_init
01-19 21:59:50.166     1     1 I [FACTORY] factory_adsp_init: Timer Init
01-19 21:59:50.166     1     1 I init    : Loaded kernel module /lib/modules/adsp_factory_module.ko
01-19 21:59:50.166     1     1 I init    : Loading module /lib/modules/sec_audio_sysfs.ko with args ''
01-19 21:59:50.167     1     1 E sec_audio_sysfs_init: DSP DEVICE CREATE
01-19 21:59:50.167     1     1 I sec-audio-sysfs soc: sec-audio-sysfs: sec_audio_sysfs_probe: remove earjack sysfs dev
01-19 21:59:50.167     1     1 I init    : Loaded kernel module /lib/modules/sec_audio_sysfs.ko
01-19 21:59:50.167     1     1 I init    : Loading module /lib/modules/qcom_q6v5.ko with args ''
01-19 21:59:50.167     1     1 I init    : Loaded kernel module /lib/modules/qcom_q6v5.ko
01-19 21:59:50.167     1     1 I init    : Loading module /lib/modules/hdm.ko with args 'status=NONE'
01-19 21:59:50.167     8     8 E cdsp-loader soc: qcom,msm-cdsp-loader: cdsp_loader_probe: rproc not found
01-19 21:59:50.167     1     1 I         : [sec_hdm] hdm_flag_setup hdm.status = NONE
01-19 21:59:50.167     1     1 I         : [sec_hdm] hdm_flag_setup hdm_wifi_support = 0, hdm_cp_support = 0
01-19 21:59:50.167     1     1 I         : [sec_hdm] __hdm_init_of start
01-19 21:59:50.168     1     1 I         : [sec_hdm] __hdm_init_of done
01-19 21:59:50.168     1     1 I         : [sec_hdm] hdm_test_init end
01-19 21:59:50.168     1     1 I init    : Loaded kernel module /lib/modules/hdm.ko
01-19 21:59:50.168     1     1 I init    : Loading module /lib/modules/qcom_q6v5_pas.ko with args ''
01-19 21:59:50.168     1     1 I qcom_q6v5_pas 3000000.remoteproc-adsp: found sensor_vdd, idx: 2
01-19 21:59:50.169     1     1 I remoteproc1: 3000000.remoteproc-adsp is available
01-19 21:59:50.169     8     8 E cdsp-loader soc: qcom,msm-cdsp-loader: cdsp_loader_probe: rproc not found
01-19 21:59:50.169     1     1 I remoteproc2: 32300000.remoteproc-cdsp is available
01-19 21:59:50.175     1     1 I qcom_q6v5_pas 4080000.remoteproc-mss: assigned reserved memory node linux,cma
01-19 21:59:50.175     1     1 I remoteproc3: 4080000.remoteproc-mss is available
01-19 21:59:50.176     1     1 I init    : Loaded kernel module /lib/modules/qcom_q6v5_pas.ko
01-19 21:59:50.176     1     1 I init    : Loading module /lib/modules/qcom_esoc.ko with args ''
01-19 21:59:50.176     1     1 I init    : Loaded kernel module /lib/modules/qcom_esoc.ko
01-19 21:59:50.176     1     1 I init    : Loading module /lib/modules/gh_irq_lend.ko with args ''
01-19 21:59:50.177     1     1 I init    : Loaded kernel module /lib/modules/gh_irq_lend.ko
01-19 21:59:50.177     1     1 I init    : Loading module /lib/modules/qcom-vadc-common.ko with args ''
01-19 21:59:50.177     1     1 I init    : Loaded kernel module /lib/modules/qcom-vadc-common.ko
01-19 21:59:50.177     1     1 I init    : Loading module /lib/modules/qcom-spmi-adc5-gen3.ko with args ''
01-19 21:59:50.179     1     1 I init    : Loaded kernel module /lib/modules/qcom-spmi-adc5-gen3.ko
01-19 21:59:50.179     1     1 I init    : Loading module /lib/modules/nvmem_qfprom.ko with args ''
01-19 21:59:50.179     1     1 I init    : Loaded kernel module /lib/modules/nvmem_qfprom.ko
01-19 21:59:50.180     1     1 I init    : Loading module /lib/modules/icc-test.ko with args ''
01-19 21:59:50.180     1     1 I init    : Loaded kernel module /lib/modules/icc-test.ko
01-19 21:59:50.180     1     1 I init    : Loading module /lib/modules/sec_arm64_fsimd_debug.ko with args ''
01-19 21:59:50.180     1     1 E samsung,fsimd_debug soc: samsung,fsimd_debug: failed to parse a device tree - [0] __fsimd_debug_parse_dt_check_debug_level.cfi_jt [sec_arm64_fsimd_debug] (-19)
01-19 21:59:50.180     1     1 E samsung,fsimd_debug soc: samsung,fsimd_debug: failed to construct_dev a device - [0] __fsimd_debug_parse_dt.cfi_jt [sec_arm64_fsimd_debug] (-19)
01-19 21:59:50.180     1     1 I init    : Loaded kernel module /lib/modules/sec_arm64_fsimd_debug.ko
01-19 21:59:50.180     1     1 I init    : Loading module /lib/modules/sec_arm64_debug.ko with args ''
01-19 21:59:50.180     1     1 E sec_arm64_debug: __arm64_force_err_add_handlers() failed to add a handler - [0] __qc_simulate_undef.cfi_jt [sec_arm64_debug] (-19)
01-19 21:59:50.180     1     1 W samsung,arm64-debug soc: samsung,arm64-debug: force err is disabled. ignored.
01-19 21:59:50.180     1     1 I init    : Loaded kernel module /lib/modules/sec_arm64_debug.ko
01-19 21:59:50.180     1     1 I init    : Loading module /lib/modules/sec_reboot_cmd.ko with args ''
01-19 21:59:50.181     1     1 I init    : Loaded kernel module /lib/modules/sec_reboot_cmd.ko
01-19 21:59:50.181     1     1 I init    : Loading module /lib/modules/sec_qc_rbcmd.ko with args ''
01-19 21:59:50.181     1     1 I init    : Loaded kernel module /lib/modules/sec_qc_rbcmd.ko
01-19 21:59:50.181     1     1 I init    : Loading module /lib/modules/sec_qc_qcom_reboot_reason.ko with args ''
01-19 21:59:50.182     1     1 W         : set_dload_mode <1> (sec_qc_reboot_reason_probe+0x88/0x2ec [sec_qc_qcom_reboot_reason])
01-19 21:59:50.182     1     1 E samsung,qcom-qcom_reboot_reason soc: samsung,qcom-qcom_reboot_reason: restart_reason addr : 0x00000000ef1a0080(0xac2a565c)
01-19 21:59:50.182     1     1 W sec_qc_rbcmd: sec_qc_rbcmd_register_sec_rr_writer() default reboot mode: 0x776655EE (for sec_qc_reboot_reason_write_sec_rr.cfi_jt+0x0/0x8 [sec_qc_qcom_reboot_reason])
01-19 21:59:50.182     1     1 I init    : Loaded kernel module /lib/modules/sec_qc_qcom_reboot_reason.ko
01-19 21:59:50.182     1     1 I init    : Loading module /lib/modules/sec_qc_soc_id.ko with args ''
01-19 21:59:50.182     1     1 I init    : Loaded kernel module /lib/modules/sec_qc_soc_id.ko
01-19 21:59:50.182     1     1 I init    : Loading module /lib/modules/sec_qc_qcom_wdt_core.ko with args ''
01-19 21:59:50.182     1     1 W samsung,qcom-wdt_core soc: samsung,qcom-wdt_core: DP - force err is disabled. ignored.
01-19 21:59:50.182     1     1 W samsung,qcom-wdt_core soc: samsung,qcom-wdt_core: WP - force err is disabled. ignored.
01-19 21:59:50.182     1     1 I init    : Loaded kernel module /lib/modules/sec_qc_qcom_wdt_core.ko
01-19 21:59:50.183     1     1 I init    : Loading module /lib/modules/sec_qc_smem.ko with args ''
01-19 21:59:50.183     1     1 I samsung,qcom-smem soc: samsung,qcom-smem: vendor1->apps_stat.clk = 000000004b7655d8
01-19 21:59:50.183     1     1 I init    : Loaded kernel module /lib/modules/sec_qc_smem.ko
01-19 21:59:50.183     1     1 I init    : Loading module /lib/modules/sec_qc_hw_param.ko with args 'revision=13'
01-19 21:59:50.183     1     1 W samsung,qcom-hw_param soc: samsung,qcom-hw_param: sec_hw_param node is not found
01-19 21:59:50.184     1     1 I init    : Loaded kernel module /lib/modules/sec_qc_hw_param.ko
01-19 21:59:50.184     1     1 I init    : Loading module /lib/modules/sec_qc_rst_exinfo.ko with args ''
01-19 21:59:50.184     1     1 I samsung,qcom-rst_exinfo soc: samsung,qcom-rst_exinfo: ex info phy=0x00000008801ff000, size=0x1000
01-19 21:59:50.184     1     1 I samsung,qcom-rst_exinfo soc: samsung,qcom-rst_exinfo: ex_info memory initialized size[3016]
01-19 21:59:50.184     1     1 I init    : Loaded kernel module /lib/modules/sec_qc_rst_exinfo.ko
01-19 21:59:50.184     1     1 I init    : Loading module /lib/modules/sec_qc_rdx_bootdev.ko with args ''
01-19 21:59:50.184     1     1 I samsung,qcom-rdx_bootdev soc: samsung,qcom-rdx_bootdev: sec_debug is not enabled
01-19 21:59:50.190     1     1 I sec_qc_rdx_bootdev: __free_reserved_area() Freeing rdx_bootdev memory: 177152K
01-19 21:59:50.190     1     1 I init    : Loaded kernel module /lib/modules/sec_qc_rdx_bootdev.ko
01-19 21:59:50.191     1     1 I init    : Loading module /lib/modules/switch_gpio.ko with args ''
01-19 21:59:50.191     1     1 I init    : Loaded kernel module /lib/modules/switch_gpio.ko
01-19 21:59:50.191     1     1 I init    : Loading module /lib/modules/vibrator_vib_info.ko with args ''
01-19 21:59:50.191     1     1 I vib_info samsung_mobile_device: vibrator_info: vib_info_get_pdata functions count 4
01-19 21:59:50.191     1     1 I vib_info samsung_mobile_device: vibrator_info: vib_info_get_pdata INTENSITY
01-19 21:59:50.191     1     1 I vib_info samsung_mobile_device: vibrator_info: vib_info_get_pdata HAPTIC_ENGINE
01-19 21:59:50.191     1     1 I vib_info samsung_mobile_device: vibrator_info: vib_info_get_pdata INDEX_HAPTIC_PATTERN
01-19 21:59:50.191     1     1 I vib_info samsung_mobile_device: vibrator_info: vib_info_get_pdata CAPABILITY_EXTERNAL_CONTROL
01-19 21:59:50.191     1     1 I vib_info samsung_mobile_device: vibrator_info: vib_info_get_pdata intensity size 6
01-19 21:59:50.191     1     1 I vib_info samsung_mobile_device: vibrator_info: vib_info_get_pdata i=0 0
01-19 21:59:50.191     1     1 I vib_info samsung_mobile_device: vibrator_info: vib_info_get_pdata i=1 2000
01-19 21:59:50.191     1     1 I vib_info samsung_mobile_device: vibrator_info: vib_info_get_pdata i=2 4000
01-19 21:59:50.191     1     1 I vib_info samsung_mobile_device: vibrator_info: vib_info_get_pdata i=3 6000
01-19 21:59:50.191     1     1 I vib_info samsung_mobile_device: vibrator_info: vib_info_get_pdata i=4 8000
01-19 21:59:50.191     1     1 I vib_info samsung_mobile_device: vibrator_info: vib_info_get_pdata i=5 10000
01-19 21:59:50.191     1     1 I vib_info samsung_mobile_device: vibrator_info: vib_info_get_pdata haptic_intensity size 6
01-19 21:59:50.191     1     1 I vib_info samsung_mobile_device: vibrator_info: vib_info_get_pdata i=0 0
01-19 21:59:50.191     1     1 I vib_info samsung_mobile_device: vibrator_info: vib_info_get_pdata i=1 3000
01-19 21:59:50.191     1     1 I vib_info samsung_mobile_device: vibrator_info: vib_info_get_pdata i=2 4000
01-19 21:59:50.191     1     1 I vib_info samsung_mobile_device: vibrator_info: vib_info_get_pdata i=3 6000
01-19 21:59:50.191     1     1 I vib_info samsung_mobile_device: vibrator_info: vib_info_get_pdata i=4 8000
01-19 21:59:50.191     1     1 I vib_info samsung_mobile_device: vibrator_info: vib_info_get_pdata i=5 10000
01-19 21:59:50.191     1     1 I vib_info samsung_mobile_device: vibrator_info: vib_info_probe
01-19 21:59:50.191     1     1 I init    : Loaded kernel module /lib/modules/vibrator_vib_info.ko
01-19 21:59:50.191     1     1 I init    : Loading module /lib/modules/dev_ril_bridge.ko with args ''
01-19 21:59:50.191     1     1 I drb     : dev_ril_bridge_init: +++
01-19 21:59:50.191     1     1 I drb     : dev_ril_bridge_init: ---
01-19 21:59:50.191     1     1 I init    : Loaded kernel module /lib/modules/dev_ril_bridge.ko
01-19 21:59:50.191     1     1 I init    : Loading module /lib/modules/dropdump.ko with args ''
01-19 21:59:50.192     1     1 I drd     : init_net_drop_dump:
