01-19 21:59:54.059   705   705 W mhi_cntrl_qcom: Unknown symbol mhi_get_free_desc_count (err -22)
01-19 21:59:54.059   705   705 W mhi_cntrl_qcom: disagrees about version of symbol mhi_queue_buf
01-19 21:59:54.059   705   705 W mhi_cntrl_qcom: Unknown symbol mhi_queue_buf (err -22)
01-19 21:59:54.059   705   705 W mhi_cntrl_qcom: disagrees about version of symbol mhi_driver_unregister
01-19 21:59:54.059   705   705 W mhi_cntrl_qcom: Unknown symbol mhi_driver_unregister (err -22)
01-19 21:59:54.059   705   705 W mhi_cntrl_qcom: disagrees about version of symbol mhi_controller_set_bw_scale_cb
01-19 21:59:54.059   705   705 W mhi_cntrl_qcom: Unknown symbol mhi_controller_set_bw_scale_cb (err -22)
01-19 21:59:54.059   705   705 W mhi_cntrl_qcom: disagrees about version of symbol __mhi_driver_register
01-19 21:59:54.059   705   705 W mhi_cntrl_qcom: Unknown symbol __mhi_driver_register (err -22)
01-19 21:59:54.059   705   705 W mhi_cntrl_qcom: disagrees about version of symbol mhi_prepare_for_transfer
01-19 21:59:54.059   705   705 W mhi_cntrl_qcom: Unknown symbol mhi_prepare_for_transfer (err -22)
01-19 21:59:54.059   705   705 W mhi_cntrl_qcom: disagrees about version of symbol mhi_unprepare_from_transfer
01-19 21:59:54.059   705   705 W mhi_cntrl_qcom: Unknown symbol mhi_unprepare_from_transfer (err -22)
01-19 21:59:54.059   705   705 W mhi_cntrl_qcom: disagrees about version of symbol mhi_report_error
01-19 21:59:54.059   705   705 W mhi_cntrl_qcom: Unknown symbol mhi_report_error (err -22)
12-07 07:43:30.581   705   705 I recovery: Loading module /vendor/lib/modules/memlat_scmi.ko with args ''
12-07 07:43:30.581   705   705 I recovery: Loading module /vendor/lib/modules/fsa4480-i2c.ko with args ''
12-07 07:43:30.581   705   705 I recovery: Loading module /vendor/lib/modules/mbhc_dlkm.ko with args ''
12-07 07:43:30.582   705   705 I recovery: Loaded kernel module /vendor/lib/modules/mbhc_dlkm.ko
12-07 07:43:30.582   705   705 I recovery: Loading module /vendor/lib/modules/max31760_fan.ko with args ''
12-07 07:43:30.582   705   705 I recovery: Loading module /vendor/lib/modules/q6_pdr_dlkm.ko with args ''
12-07 07:43:30.582   705   705 E recovery: Failed to insmod '/vendor/lib/modules/q6_pdr_dlkm.ko' with args '': No such file or directory
12-07 07:43:30.582   705   705 E recovery: LoadWithAliases was unable to load /vendor/lib/modules/q6_pdr_dlkm.ko
12-07 07:43:30.582   705   705 E recovery: LoadWithAliases was unable to load machine_dlkm
12-07 07:43:30.582   705   705 I recovery: Loading module /vendor/lib/modules/cfg80211.ko with args ''
12-07 07:43:30.583   705   705 I recovery: Loading module /vendor/lib/modules/mac80211.ko with args ''
01-19 21:59:54.060   705   705 W q6_pdr_dlkm: Unknown symbol pdr_add_service_lookup (err -2)
12-07 07:43:30.585   705   705 I recovery: Loading module /vendor/lib/modules/lt9611uxc.ko with args ''
12-07 07:43:30.585   705   705 I recovery: Loading module /vendor/lib/modules/q6_pdr_dlkm.ko with args ''
12-07 07:43:30.585   705   705 E recovery: Failed to insmod '/vendor/lib/modules/q6_pdr_dlkm.ko' with args '': No such file or directory
12-07 07:43:30.585   705   705 E recovery: LoadWithAliases was unable to load /vendor/lib/modules/q6_pdr_dlkm.ko
12-07 07:43:30.585   705   705 E recovery: LoadWithAliases was unable to load lpass_cdc_wsa_macro_dlkm
12-07 07:43:30.585   705   705 I recovery: Loading module /vendor/lib/modules/q6_pdr_dlkm.ko with args ''
12-07 07:43:30.585   705   705 E recovery: Failed to insmod '/vendor/lib/modules/q6_pdr_dlkm.ko' with args '': No such file or directory
12-07 07:43:30.585   705   705 E recovery: LoadWithAliases was unable to load /vendor/lib/modules/q6_pdr_dlkm.ko
12-07 07:43:30.585   705   705 E recovery: LoadWithAliases was unable to load lpass_cdc_wsa2_macro_dlkm
12-07 07:43:30.585   705   705 I recovery: Loading module /vendor/lib/modules/q6_pdr_dlkm.ko with args ''
12-07 07:43:30.586   705   705 E recovery: Failed to insmod '/vendor/lib/modules/q6_pdr_dlkm.ko' with args '': No such file or directory
12-07 07:43:30.586   705   705 E recovery: LoadWithAliases was unable to load /vendor/lib/modules/q6_pdr_dlkm.ko
12-07 07:43:30.586   705   705 E recovery: LoadWithAliases was unable to load lpass_cdc_va_macro_dlkm
12-07 07:43:30.586   705   705 I recovery: Loading module /vendor/lib/modules/q6_pdr_dlkm.ko with args ''
12-07 07:43:30.586   705   705 E recovery: Failed to insmod '/vendor/lib/modules/q6_pdr_dlkm.ko' with args '': No such file or directory
12-07 07:43:30.586   705   705 E recovery: LoadWithAliases was unable to load /vendor/lib/modules/q6_pdr_dlkm.ko
12-07 07:43:30.586   705   705 E recovery: LoadWithAliases was unable to load lpass_cdc_tx_macro_dlkm
12-07 07:43:30.586   705   705 I recovery: Loading module /vendor/lib/modules/q6_pdr_dlkm.ko with args ''
12-07 07:43:30.586   705   705 E recovery: Failed to insmod '/vendor/lib/modules/q6_pdr_dlkm.ko' with args '': No such file or directory
12-07 07:43:30.586   705   705 E recovery: LoadWithAliases was unable to load /vendor/lib/modules/q6_pdr_dlkm.ko
12-07 07:43:30.586   705   705 E recovery: LoadWithAliases was unable to load lpass_cdc_rx_macro_dlkm
12-07 07:43:30.586   705   705 I recovery: Loading module /vendor/lib/modules/q6_pdr_dlkm.ko with args ''
12-07 07:43:30.586   705   705 E recovery: Failed to insmod '/vendor/lib/modules/q6_pdr_dlkm.ko' with args '': No such file or directory
12-07 07:43:30.586   705   705 E recovery: LoadWithAliases was unable to load /vendor/lib/modules/q6_pdr_dlkm.ko
12-07 07:43:30.586   705   705 E recovery: LoadWithAliases was unable to load lpass_cdc_dlkm
12-07 07:43:30.586   705   705 I recovery: Loading module /vendor/lib/modules/llcc_perfmon.ko with args ''
12-07 07:43:30.586   705   705 I recovery: Loading module /vendor/lib/modules/leds-qti-tri-led.ko with args ''
12-07 07:43:30.586   705   705 I recovery: Loading module /vendor/lib/modules/leds-qti-flash.ko with args ''
12-07 07:43:30.586   705   705 I recovery: Loading module /vendor/lib/modules/ipam.ko with args ''
01-19 21:59:54.064   705   705 W q6_pdr_dlkm: Unknown symbol pdr_add_service_lookup (err -2)
01-19 21:59:54.064   705   705 W q6_pdr_dlkm: Unknown symbol pdr_add_service_lookup (err -2)
01-19 21:59:54.064   705   705 W q6_pdr_dlkm: Unknown symbol pdr_add_service_lookup (err -2)
01-19 21:59:54.064   705   705 W q6_pdr_dlkm: Unknown symbol pdr_add_service_lookup (err -2)
01-19 21:59:54.065   705   705 W q6_pdr_dlkm: Unknown symbol pdr_add_service_lookup (err -2)
01-19 21:59:54.065   705   705 W q6_pdr_dlkm: Unknown symbol pdr_add_service_lookup (err -2)
12-07 07:43:30.591   705   705 E recovery: Failed to insmod '/vendor/lib/modules/ipam.ko' with args '': Invalid argument
12-07 07:43:30.591   705   705 E recovery: LoadWithAliases was unable to load /vendor/lib/modules/ipam.ko
12-07 07:43:30.591   705   705 E recovery: LoadWithAliases was unable to load ipanetm
12-07 07:43:30.591   705   705 I recovery: Loading module /vendor/lib/modules/ipam.ko with args ''
01-19 21:59:54.069   705   705 W ipam    : Unknown symbol ipa_fmwk_deepsleep_exit_ipa (err -2)
01-19 21:59:54.069   705   705 W ipam    : Unknown symbol ipa_fmwk_deepsleep_entry_ipa (err -2)
01-19 21:59:54.070   705   705 W ipam    : disagrees about version of symbol ipa_eth_client_exist
01-19 21:59:54.070   705   705 W ipam    : Unknown symbol ipa_eth_client_exist (err -22)
01-19 21:59:54.070   705   705 W ipam    : disagrees about version of symbol ipa_eth_get_ipa_client_type_from_eth_type
01-19 21:59:54.070   705   705 W ipam    : Unknown symbol ipa_eth_get_ipa_client_type_from_eth_type (err -22)
01-19 21:59:54.070   705   705 W ipam    : disagrees about version of symbol mhi_start_transfer
01-19 21:59:54.070   705   705 W ipam    : Unknown symbol mhi_start_transfer (err -22)
01-19 21:59:54.070   705   705 W ipam    : disagrees about version of symbol mhi_stop_transfer
01-19 21:59:54.070   705   705 W ipam    : Unknown symbol mhi_stop_transfer (err -22)
01-19 21:59:54.070   705   705 W ipam    : disagrees about version of symbol __mhi_driver_register
01-19 21:59:54.070   705   705 W ipam    : Unknown symbol __mhi_driver_register (err -22)
01-19 21:59:54.070   705   705 W ipam    : disagrees about version of symbol mhi_get_channel_db_base
01-19 21:59:54.070   705   705 W ipam    : Unknown symbol mhi_get_channel_db_base (err -22)
01-19 21:59:54.070   705   705 W ipam    : disagrees about version of symbol mhi_get_event_ring_db_base
01-19 21:59:54.070   705   705 W ipam    : Unknown symbol mhi_get_event_ring_db_base (err -22)
01-19 21:59:54.070   705   705 W ipam    : disagrees about version of symbol mhi_prepare_for_transfer
01-19 21:59:54.070   705   705 W ipam    : Unknown symbol mhi_prepare_for_transfer (err -22)
01-19 21:59:54.070   705   705 W ipam    : disagrees about version of symbol mhi_device_configure
01-19 21:59:54.070   705   705 W ipam    : Unknown symbol mhi_device_configure (err -22)
01-19 21:59:54.070   705   705 W ipam    : disagrees about version of symbol mhi_driver_unregister
01-19 21:59:54.070   705   705 W ipam    : Unknown symbol mhi_driver_unregister (err -22)
01-19 21:59:54.074   705   705 W ipam    : Unknown symbol ipa_fmwk_deepsleep_exit_ipa (err -2)
12-07 07:43:30.596   705   705 E recovery: Failed to insmod '/vendor/lib/modules/ipam.ko' with args '': Invalid argument
12-07 07:43:30.596   705   705 E recovery: LoadWithAliases was unable to load ipam
12-07 07:43:30.597   705   705 I recovery: Loading module /vendor/lib/modules/ipam.ko with args ''
01-19 21:59:54.075   705   705 W ipam    : Unknown symbol ipa_fmwk_deepsleep_entry_ipa (err -2)
01-19 21:59:54.075   705   705 W ipam    : disagrees about version of symbol ipa_eth_client_exist
01-19 21:59:54.075   705   705 W ipam    : Unknown symbol ipa_eth_client_exist (err -22)
01-19 21:59:54.075   705   705 W ipam    : disagrees about version of symbol ipa_eth_get_ipa_client_type_from_eth_type
01-19 21:59:54.075   705   705 W ipam    : Unknown symbol ipa_eth_get_ipa_client_type_from_eth_type (err -22)
01-19 21:59:54.075   705   705 W ipam    : disagrees about version of symbol mhi_start_transfer
01-19 21:59:54.075   705   705 W ipam    : Unknown symbol mhi_start_transfer (err -22)
01-19 21:59:54.075   705   705 W ipam    : disagrees about version of symbol mhi_stop_transfer
01-19 21:59:54.075   705   705 W ipam    : Unknown symbol mhi_stop_transfer (err -22)
01-19 21:59:54.075   705   705 W ipam    : disagrees about version of symbol __mhi_driver_register
01-19 21:59:54.075   705   705 W ipam    : Unknown symbol __mhi_driver_register (err -22)
01-19 21:59:54.075   705   705 W ipam    : disagrees about version of symbol mhi_get_channel_db_base
01-19 21:59:54.075   705   705 W ipam    : Unknown symbol mhi_get_channel_db_base (err -22)
01-19 21:59:54.075   705   705 W ipam    : disagrees about version of symbol mhi_get_event_ring_db_base
01-19 21:59:54.075   705   705 W ipam    : Unknown symbol mhi_get_event_ring_db_base (err -22)
01-19 21:59:54.075   705   705 W ipam    : disagrees about version of symbol mhi_prepare_for_transfer
01-19 21:59:54.075   705   705 W ipam    : Unknown symbol mhi_prepare_for_transfer (err -22)
01-19 21:59:54.075   705   705 W ipam    : disagrees about version of symbol mhi_device_configure
01-19 21:59:54.075   705   705 W ipam    : Unknown symbol mhi_device_configure (err -22)
01-19 21:59:54.075   705   705 W ipam    : disagrees about version of symbol mhi_driver_unregister
01-19 21:59:54.075   705   705 W ipam    : Unknown symbol mhi_driver_unregister (err -22)
12-07 07:43:30.601   705   705 E recovery: Failed to insmod '/vendor/lib/modules/ipam.ko' with args '': Invalid argument
12-07 07:43:30.602   705   705 E recovery: LoadWithAliases was unable to load /vendor/lib/modules/ipam.ko
12-07 07:43:30.602   705   705 E recovery: LoadWithAliases was unable to load ipa_clientsm
12-07 07:43:30.602   705   705 I recovery: Loading module /vendor/lib/modules/cl_dsp.ko with args ''
12-07 07:43:30.602   705   705 I recovery: Loading module /vendor/lib/modules/sec_vibrator_inputff_module.ko with args 'vib_le_est=2786'
12-07 07:43:30.602   705   705 I recovery: Loading module /vendor/lib/modules/input-cs40l26-i2c.ko with args ''
12-07 07:43:30.602   705   705 I recovery: Loading module /vendor/lib/modules/i3c-master-msm-geni.ko with args ''
12-07 07:43:30.602   705   705 I recovery: Loading module /vendor/lib/modules/hvc_gunyah.ko with args ''
12-07 07:43:30.602   705   705 I recovery: Loading module /vendor/lib/modules/hung_task_enh.ko with args ''
12-07 07:43:30.602   705   705 I recovery: Loading module /vendor/lib/modules/hdmi_dlkm.ko with args ''
12-07 07:43:30.602   705   705 E recovery: Failed to insmod '/vendor/lib/modules/hdmi_dlkm.ko' with args '': Invalid argument
12-07 07:43:30.602   705   705 E recovery: LoadWithAliases was unable to load hdmi_dlkm
12-07 07:43:30.602   705   705 I recovery: Loading module /vendor/lib/modules/gpucc-kalama.ko with args ''
12-07 07:43:30.603   705   705 I recovery: Loading module /vendor/lib/modules/q6_pdr_dlkm.ko with args ''
12-07 07:43:30.603   705   705 E recovery: Failed to insmod '/vendor/lib/modules/q6_pdr_dlkm.ko' with args '': No such file or directory
12-07 07:43:30.603   705   705 E recovery: LoadWithAliases was unable to load /vendor/lib/modules/q6_pdr_dlkm.ko
12-07 07:43:30.603   705   705 E recovery: LoadWithAliases was unable to load gpr_dlkm
12-07 07:43:30.603   705   705 I recovery: Loading module /vendor/lib/modules/glink_probe.ko with args ''
12-07 07:43:30.603   705   705 I recovery: Loading module /vendor/lib/modules/glink_pkt.ko with args ''
12-07 07:43:30.603   705   705 I recovery: Loading module /vendor/lib/modules/gh_tlmm_vm_mem_access.ko with args ''
12-07 07:43:30.603   705   705 I recovery: Loading module /vendor/lib/modules/ehset.ko with args ''
12-07 07:43:30.603   705   705 I recovery: Loading module /vendor/lib/modules/dmesg_dumper.ko with args ''
12-07 07:43:30.603   705   705 I recovery: Loading module /vendor/lib/modules/debugcc-kalama.ko with args ''
12-07 07:43:30.603   705   705 I recovery: Loading module /vendor/lib/modules/ddr_cdev.ko with args ''
12-07 07:43:30.603   705   705 I recovery: Loading module /vendor/lib/modules/cpu_voltage_cooling.ko with args ''
12-07 07:43:30.603   705   705 I recovery: Loading module /vendor/lib/modules/core_hang_detect.ko with args ''
12-07 07:43:30.603   705   705 I recovery: Loading module /vendor/lib/modules/cnss_utils.ko with args ''
01-19 21:59:54.079    10    10 I mfc_get_chip_id: LSI CHIP(0x4)
01-19 21:59:54.079    10    10 I mfc_get_chip_id: CHIP_L(0x4), CHIP_H(0x4)
01-19 21:59:54.079    10    10 I mfc_get_firmware_version: called by (mfc_wpc_fw_update_work [s2miw04_charger])
01-19 21:59:54.079    10    10 I mfc_get_firmware_version: rx major firmware version 0x11a3
01-19 21:59:54.079   705   705 W ipam    : Unknown symbol ipa_fmwk_deepsleep_exit_ipa (err -2)
01-19 21:59:54.080   705   705 W ipam    : Unknown symbol ipa_fmwk_deepsleep_entry_ipa (err -2)
01-19 21:59:54.080    10    10 I mfc_get_firmware_version: rx minor firmware version 0x303a
01-19 21:59:54.080    10    10 E s2miw04-charger 36-005b: mfc_wpc_fw_update_work, request_firmware
01-19 21:59:54.080    10    10 W s2miw04-charger 36-005b: Direct firmware load for mfc/mfc_fw_flash_s2miw04.bin failed with error -2
01-19 21:59:54.080    10    10 E s2miw04-charger 36-005b: mfc_wpc_fw_update_work: failed to request firmware mfc/mfc_fw_flash_s2miw04.bin (-2)
01-19 21:59:54.080    10    10 I max77705_otg_set_property: WCIN-UNO 0
01-19 21:59:54.080   705   705 W ipam    : disagrees about version of symbol ipa_eth_client_exist
01-19 21:59:54.080   705   705 W ipam    : Unknown symbol ipa_eth_client_exist (err -22)
01-19 21:59:54.080   705   705 W ipam    : disagrees about version of symbol ipa_eth_get_ipa_client_type_from_eth_type
01-19 21:59:54.080   705   705 W ipam    : Unknown symbol ipa_eth_get_ipa_client_type_from_eth_type (err -22)
01-19 21:59:54.080   705   705 W ipam    : disagrees about version of symbol mhi_start_transfer
01-19 21:59:54.080   705   705 W ipam    : Unknown symbol mhi_start_transfer (err -22)
01-19 21:59:54.080   705   705 W ipam    : disagrees about version of symbol mhi_stop_transfer
01-19 21:59:54.080   705   705 W ipam    : Unknown symbol mhi_stop_transfer (err -22)
01-19 21:59:54.080   705   705 W ipam    : disagrees about version of symbol __mhi_driver_register
01-19 21:59:54.080   705   705 W ipam    : Unknown symbol __mhi_driver_register (err -22)
01-19 21:59:54.080   705   705 W ipam    : disagrees about version of symbol mhi_get_channel_db_base
01-19 21:59:54.080   705   705 W ipam    : Unknown symbol mhi_get_channel_db_base (err -22)
01-19 21:59:54.080   705   705 W ipam    : disagrees about version of symbol mhi_get_event_ring_db_base
01-19 21:59:54.080   705   705 W ipam    : Unknown symbol mhi_get_event_ring_db_base (err -22)
01-19 21:59:54.080   705   705 W ipam    : disagrees about version of symbol mhi_prepare_for_transfer
01-19 21:59:54.080   705   705 W ipam    : Unknown symbol mhi_prepare_for_transfer (err -22)
01-19 21:59:54.080   705   705 W ipam    : disagrees about version of symbol mhi_device_configure
01-19 21:59:54.080   705   705 W ipam    : Unknown symbol mhi_device_configure (err -22)
01-19 21:59:54.080   705   705 W ipam    : disagrees about version of symbol mhi_driver_unregister
01-19 21:59:54.080   705   705 W ipam    : Unknown symbol mhi_driver_unregister (err -22)
01-19 21:59:54.080    10    10 I max77705_chg_set_mode_state: current_mode(0x8), state(7)
01-19 21:59:54.080    10    10 I max77705_chg_set_mode_state: current_mode(0x0)
01-19 21:59:54.080    10    10 I max77705_chg_set_mode_state: CNFG_00 (0x10)
01-19 21:59:54.081   705   705 W hdmi_dlkm: disagrees about version of symbol msm_ext_disp_register_audio_codec
01-19 21:59:54.081   705   705 W hdmi_dlkm: Unknown symbol msm_ext_disp_register_audio_codec (err -22)
01-19 21:59:54.081   705   705 W q6_pdr_dlkm: Unknown symbol pdr_add_service_lookup (err -2)
12-07 07:43:30.604   705   705 I recovery: Loaded kernel module /vendor/lib/modules/cnss_utils.ko
12-07 07:43:30.604   705   705 I recovery: Loading module /vendor/lib/modules/cnss_prealloc.ko with args ''
12-07 07:43:30.605   705   705 I recovery: Loaded kernel module /vendor/lib/modules/cnss_prealloc.ko
12-07 07:43:30.605   705   705 I recovery: Loading module /vendor/lib/modules/cnss_plat_ipc_qmi_svc.ko with args ''
12-07 07:43:30.606   705   705 I recovery: Loaded kernel module /vendor/lib/modules/cnss_plat_ipc_qmi_svc.ko
12-07 07:43:30.606   705   705 I recovery: Loading module /vendor/lib/modules/cnss_nl.ko with args ''
12-07 07:43:30.607   705   705 I recovery: Loaded kernel module /vendor/lib/modules/cnss_nl.ko
12-07 07:43:30.607   705   705 I recovery: Loading module /vendor/lib/modules/cnss2.ko with args ''
01-19 21:59:54.083   705   705 I cnss_prealloc: created mempool cnss-pool-8k of min size 16 * 8192
01-19 21:59:54.083   705   705 I cnss_prealloc: created mempool cnss-pool-16k of min size 16 * 16384
01-19 21:59:54.083   705   705 I cnss_prealloc: created mempool cnss-pool-32k of min size 22 * 32768
01-19 21:59:54.084   705   705 I cnss_prealloc: created mempool cnss-pool-64k of min size 38 * 65536
01-19 21:59:54.084   705   705 I cnss_prealloc: created mempool cnss-pool-128k of min size 10 * 131072
01-19 21:59:54.085   645   645 I cnss_plat: CNSS Platform IPC QMI Service is started
01-19 21:59:54.085   705   705 I CLD80211: Initializing
01-19 21:59:54.086   705   705 W cnss2   : disagrees about version of symbol mhi_controller_set_base
01-19 21:59:54.086   705   705 W cnss2   : Unknown symbol mhi_controller_set_base (err -22)
01-19 21:59:54.086   705   705 W cnss2   : disagrees about version of symbol mhi_report_error
01-19 21:59:54.086   705   705 W cnss2   : Unknown symbol mhi_report_error (err -22)
01-19 21:59:54.087   705   705 W cnss2   : disagrees about version of symbol mhi_device_get_sync
01-19 21:59:54.087   705   705 W cnss2   : Unknown symbol mhi_device_get_sync (err -22)
01-19 21:59:54.087   705   705 W cnss2   : disagrees about version of symbol mhi_device_get
01-19 21:59:54.087   705   705 W cnss2   : Unknown symbol mhi_device_get (err -22)
01-19 21:59:54.087   705   705 W cnss2   : disagrees about version of symbol mhi_device_put
01-19 21:59:54.087   705   705 W cnss2   : Unknown symbol mhi_device_put (err -22)
01-19 21:59:54.087   705   705 W cnss2   : disagrees about version of symbol mhi_download_rddm_image
01-19 21:59:54.087   705   705 W cnss2   : Unknown symbol mhi_download_rddm_image (err -22)
01-19 21:59:54.087   705   705 W cnss2   : disagrees about version of symbol mhi_debug_reg_dump
01-19 21:59:54.087   705   705 W cnss2   : Unknown symbol mhi_debug_reg_dump (err -22)
01-19 21:59:54.087   705   705 W cnss2   : disagrees about version of symbol mhi_set_m2_timeout_ms
01-19 21:59:54.087   705   705 W cnss2   : Unknown symbol mhi_set_m2_timeout_ms (err -22)
01-19 21:59:54.087   705   705 W cnss2   : disagrees about version of symbol mhi_prepare_for_power_up
01-19 21:59:54.087   705   705 W cnss2   : Unknown symbol mhi_prepare_for_power_up (err -22)
01-19 21:59:54.087   705   705 W cnss2   : disagrees about version of symbol mhi_unprepare_after_power_down
01-19 21:59:54.087   705   705 W cnss2   : Unknown symbol mhi_unprepare_after_power_down (err -22)
01-19 21:59:54.087   705   705 W cnss2   : disagrees about version of symbol mhi_sync_power_up
01-19 21:59:54.087   705   705 W cnss2   : Unknown symbol mhi_sync_power_up (err -22)
01-19 21:59:54.087   705   705 W cnss2   : disagrees about version of symbol mhi_power_down
01-19 21:59:54.087   705   705 W cnss2   : Unknown symbol mhi_power_down (err -22)
01-19 21:59:54.087   705   705 W cnss2   : disagrees about version of symbol mhi_pm_suspend
01-19 21:59:54.087   705   705 W cnss2   : Unknown symbol mhi_pm_suspend (err -22)
01-19 21:59:54.087   705   705 W cnss2   : disagrees about version of symbol mhi_pm_resume
01-19 21:59:54.087   705   705 W cnss2   : Unknown symbol mhi_pm_resume (err -22)
01-19 21:59:54.087   705   705 W cnss2   : disagrees about version of symbol mhi_force_rddm_mode
01-19 21:59:54.087   705   705 W cnss2   : Unknown symbol mhi_force_rddm_mode (err -22)
01-19 21:59:54.087   705   705 W cnss2   : disagrees about version of symbol mhi_pm_fast_suspend
01-19 21:59:54.087   705   705 W cnss2   : Unknown symbol mhi_pm_fast_suspend (err -22)
01-19 21:59:54.087   705   705 W cnss2   : disagrees about version of symbol mhi_pm_fast_resume
01-19 21:59:54.087   705   705 W cnss2   : Unknown symbol mhi_pm_fast_resume (err -22)
01-19 21:59:54.087   705   705 W cnss2   : disagrees about version of symbol mhi_pm_resume_force
01-19 21:59:54.087   705   705 W cnss2   : Unknown symbol mhi_pm_resume_force (err -22)
01-19 21:59:54.087   705   705 W cnss2   : disagrees about version of symbol mhi_force_reset
01-19 21:59:54.087   705   705 W cnss2   : Unknown symbol mhi_force_reset (err -22)
01-19 21:59:54.087   705   705 W cnss2   : disagrees about version of symbol mhi_scan_rddm_cookie
01-19 21:59:54.087   705   705 W cnss2   : Unknown symbol mhi_scan_rddm_cookie (err -22)
01-19 21:59:54.087   705   705 W cnss2   : disagrees about version of symbol mhi_device_get_sync_atomic
01-19 21:59:54.087   705   705 W cnss2   : Unknown symbol mhi_device_get_sync_atomic (err -22)
01-19 21:59:54.087   705   705 W cnss2   : disagrees about version of symbol mhi_dump_sfr
01-19 21:59:54.087   705   705 W cnss2   : Unknown symbol mhi_dump_sfr (err -22)
01-19 21:59:54.087   705   705 W cnss2   : disagrees about version of symbol mhi_alloc_controller
12-07 07:43:30.608   705   705 E recovery: Failed to insmod '/vendor/lib/modules/cnss2.ko' with args '': Invalid argument
01-19 21:59:54.087   705   705 W cnss2   : Unknown symbol mhi_alloc_controller (err -22)
12-07 07:43:30.608   705   705 E recovery: LoadWithAliases was unable to load cnss2
12-07 07:43:30.608   705   705 I recovery: Loading module /vendor/lib/modules/cdsprm.ko with args ''
12-07 07:43:30.608   705   705 I recovery: Loading module /vendor/lib/modules/btpower.ko with args ''
01-19 21:59:54.087   705   705 W cnss2   : disagrees about version of symbol mhi_register_controller
01-19 21:59:54.087   705   705 W cnss2   : Unknown symbol mhi_register_controller (err -22)
01-19 21:59:54.087   705   705 W cnss2   : disagrees about version of symbol mhi_unregister_controller
01-19 21:59:54.087   705   705 W cnss2   : Unknown symbol mhi_unregister_controller (err -22)
01-19 21:59:54.087   705   705 W cnss2   : disagrees about version of symbol mhi_free_controller
01-19 21:59:54.087   705   705 W cnss2   : Unknown symbol mhi_free_controller (err -22)
01-19 21:59:54.087   705   705 W cnss2   : disagrees about version of symbol mhi_get_soc_info
01-19 21:59:54.087   705   705 W cnss2   : Unknown symbol mhi_get_soc_info (err -22)
01-19 21:59:54.087   705   705 W cnss2   : disagrees about version of symbol mhi_controller_set_bw_scale_cb
01-19 21:59:54.087   705   705 W cnss2   : Unknown symbol mhi_controller_set_bw_scale_cb (err -22)
01-19 21:59:54.087   705   705 W cnss2   : disagrees about version of symbol mhi_get_exec_env
01-19 21:59:54.087   705   705 W cnss2   : Unknown symbol mhi_get_exec_env (err -22)
01-19 21:59:54.087   705   705 W btpower : no symbol version for get_client_env_object
01-19 21:59:54.088   705   705 I tzobject_delete: me->fd = 8, me->refs = 0, files = 00000000eff7c52e
01-19 21:59:54.088   705   705 I tzobject_delete: me->fd = 8, me->refs = 0, files = 00000000eff7c52e
01-19 21:59:54.088   705   705 I tzobject_delete: me->fd = 9, me->refs = 0, files = 00000000eff7c52e
01-19 21:59:54.089   705   705 I bt_dt_parse_vreg_info: qcom,bt-vdd-rfacmn is not provided in device tree
01-19 21:59:54.089   705   705 I bt_dt_parse_vreg_info: qcom,bt-vdd-pmuCx is not provided in device tree
01-19 21:59:54.089   705   705 I bt_dt_parse_vreg_info: qcom,bt-vdd-asd is not provided in device tree
01-19 21:59:54.089   705   705 I bt_dt_parse_vreg_info: qcom,bt-vdd-ipa-2p2 is not provided in device tree
01-19 21:59:54.089   705   705 W         : bt-debug-gpio not provided in devicetree
01-19 21:59:54.089   705   705 E bt_dt_parse_clk_info: clocks is not provided in device tree
01-19 21:59:54.089   705   705 W bt_power_populate_dt_pinfo: clock not provided in device tree
01-19 21:59:54.089   705   705 I         : PDC Init table configured
01-19 21:59:54.089   705   705 I btpower_aop_mbox_init: vreg for iPA not configured
12-07 07:43:30.616   705   705 I recovery: Loaded kernel module /vendor/lib/modules/btpower.ko
12-07 07:43:30.616   705   705 I recovery: Loading module /vendor/lib/modules/bt_fm_slim.ko with args ''
01-19 21:59:54.095   705   705 W bt_fm_slim: disagrees about version of symbol slim_writeb
01-19 21:59:54.095   705   705 W bt_fm_slim: Unknown symbol slim_writeb (err -22)
01-19 21:59:54.095   705   705 W bt_fm_slim: disagrees about version of symbol slim_readb
01-19 21:59:54.095   705   705 W bt_fm_slim: Unknown symbol slim_readb (err -22)
01-19 21:59:54.095   705   705 W bt_fm_slim: disagrees about version of symbol slim_stream_allocate
01-19 21:59:54.095   705   705 W bt_fm_slim: Unknown symbol slim_stream_allocate (err -22)
01-19 21:59:54.095   705   705 W bt_fm_slim: disagrees about version of symbol slim_stream_prepare
01-19 21:59:54.095   705   705 W bt_fm_slim: Unknown symbol slim_stream_prepare (err -22)
01-19 21:59:54.095   705   705 W bt_fm_slim: disagrees about version of symbol slim_stream_enable
01-19 21:59:54.095   705   705 W bt_fm_slim: Unknown symbol slim_stream_enable (err -22)
01-19 21:59:54.095   705   705 W bt_fm_slim: disagrees about version of symbol slim_stream_unprepare_disconnect_port
01-19 21:59:54.095   705   705 W bt_fm_slim: Unknown symbol slim_stream_unprepare_disconnect_port (err -22)
01-19 21:59:54.095   705   705 W bt_fm_slim: disagrees about version of symbol slim_stream_disable
12-07 07:43:30.616   705   705 E recovery: Failed to insmod '/vendor/lib/modules/bt_fm_slim.ko' with args '': Invalid argument
01-19 21:59:54.095   705   705 W bt_fm_slim: Unknown symbol slim_stream_disable (err -22)
01-19 21:59:54.095   705   705 W bt_fm_slim: disagrees about version of symbol slim_get_logical_addr
12-07 07:43:30.616   705   705 E recovery: LoadWithAliases was unable to load bt_fm_slim
01-19 21:59:54.095   705   705 W bt_fm_slim: Unknown symbol slim_get_logical_addr (err -22)
01-19 21:59:54.095   705   705 W bt_fm_slim: disagrees about version of symbol __slim_driver_register
01-19 21:59:54.095   705   705 W bt_fm_slim: Unknown symbol __slim_driver_register (err -22)
01-19 21:59:54.095   705   705 W bt_fm_slim: disagrees about version of symbol slim_driver_unregister
01-19 21:59:54.095   705   705 W bt_fm_slim: Unknown symbol slim_driver_unregister (err -22)
12-07 07:43:30.616   705   705 I recovery: Loading module /vendor/lib/modules/boot_stats.ko with args ''
12-07 07:43:30.616   705   705 I recovery: Loading module /vendor/lib/modules/bcl_soc.ko with args ''
12-07 07:43:30.616   705   705 I recovery: Loading module /vendor/lib/modules/bam_dma.ko with args ''
12-07 07:43:30.616   705   705 I recovery: Loading module /vendor/lib/modules/audpkt_ion_dlkm.ko with args ''
12-07 07:43:30.617   705   705 I recovery: Loaded kernel module /vendor/lib/modules/audpkt_ion_dlkm.ko
12-07 07:43:30.617   705   705 I recovery: Loading module /vendor/lib/modules/q6_pdr_dlkm.ko with args ''
12-07 07:43:30.617   705   705 E recovery: Failed to insmod '/vendor/lib/modules/q6_pdr_dlkm.ko' with args '': No such file or directory
12-07 07:43:30.617   705   705 E recovery: LoadWithAliases was unable to load /vendor/lib/modules/q6_pdr_dlkm.ko
12-07 07:43:30.617   705   705 E recovery: LoadWithAliases was unable to load audio_prm_dlkm
12-07 07:43:30.617   705   705 I recovery: Loading module /vendor/lib/modules/q6_pdr_dlkm.ko with args ''
12-07 07:43:30.618   705   705 E recovery: Failed to insmod '/vendor/lib/modules/q6_pdr_dlkm.ko' with args '': No such file or directory
12-07 07:43:30.618   705   705 E recovery: LoadWithAliases was unable to load /vendor/lib/modules/q6_pdr_dlkm.ko
12-07 07:43:30.618   705   705 E recovery: LoadWithAliases was unable to load audio_pkt_dlkm
12-07 07:43:30.618   705   705 I recovery: Loading module /vendor/lib/modules/altmode-glink.ko with args ''
12-07 07:43:30.618   705   705 I recovery: Loading module /vendor/lib/modules/q6_pdr_dlkm.ko with args ''
12-07 07:43:30.618   705   705 E recovery: Failed to insmod '/vendor/lib/modules/q6_pdr_dlkm.ko' with args '': No such file or directory
12-07 07:43:30.618   705   705 E recovery: LoadWithAliases was unable to load /vendor/lib/modules/q6_pdr_dlkm.ko
12-07 07:43:30.618   705   705 E recovery: LoadWithAliases was unable to load adsp_loader_dlkm
12-07 07:43:30.618   705   705 I recovery: Loading module /vendor/lib/modules/q6_pdr_dlkm.ko with args ''
12-07 07:43:30.618   705   705 E recovery: Failed to insmod '/vendor/lib/modules/q6_pdr_dlkm.ko' with args '': No such file or directory
12-07 07:43:30.618   705   705 E recovery: LoadWithAliases was unable to load /vendor/lib/modules/q6_pdr_dlkm.ko
12-07 07:43:30.618   705   705 E recovery: LoadWithAliases was unable to load adsp_loader_dlkm
01-19 21:59:54.096   705   705 W q6_pdr_dlkm: Unknown symbol pdr_add_service_lookup (err -2)
01-19 21:59:54.096   705   705 W q6_pdr_dlkm: Unknown symbol pdr_add_service_lookup (err -2)
01-19 21:59:54.096   705   705 W q6_pdr_dlkm: Unknown symbol pdr_add_service_lookup (err -2)
01-19 21:59:54.097   705   705 W q6_pdr_dlkm: Unknown symbol pdr_add_service_lookup (err -2)
01-19 21:59:54.111   212   212 I stm_ts_spi spi1.0: [sec_input] stm_ts_systemreset
01-19 21:59:54.121   212   212 I stm_ts_spi spi1.0: [sec_input] stm_ts_wait_for_ready: 49, 00, 10, 00, 00, 00, 00, 00
01-19 21:59:54.139    10    10 I max77705_set_uno: UNO(0), INT_MASK(0x7a), CHG_CNFG_00(0x10)
01-19 21:59:54.139    10    10 I mfc_uno_on: UNO OFF
01-19 21:59:54.139    10    10 I @DIS_MFC mfc_set_wpc_en: before(0x67), after(0x47), en(1), val(0->0)
01-19 21:59:54.139    10    10 I sec_bat_set_property: fw update done: (5V -> 9V).
01-19 21:59:54.139    10    10 I _sec_vote(sec_bat_set_property: 5795): CHGEN (VOTER_FW, 0) -> (None, 1)
01-19 21:59:54.139    10    10 I         : sec_bat_set_charge set Charging-Off mode
01-19 21:59:54.139    10    10 I sec_direct_chg_set_property: batt status(2)
01-19 21:59:54.139    10    10 I         : sec_bat_reset_step_charging
01-19 21:59:54.139    10    10 I sec_direct_chg_check_charging_source: dc_retry_cnt(0)
01-19 21:59:54.139    10    10 I sec_direct_chg_check_charging_source: S/C was selected! charger_mode(1)
01-19 21:59:54.139    10    10 I sec_direct_chg_set_direct_charge: charger_mode is same(Charging-Off)
01-19 21:59:54.139    10    10 I sec_direct_chg_set_switching_charge: charger_mode(Buck-Off->Charging-Off)
01-19 21:59:54.139    10    10 I max77705_chg_set_mode_state: current_mode(0x0), state(1)
01-19 21:59:54.139    10    10 I max77705_chg_set_mode_state: current_mode(0x4)
01-19 21:59:54.140    10    10 I max77705_chg_set_mode_state: CNFG_00 (0x14)
01-19 21:59:54.140    10    10 I _sec_vote(sec_bat_set_property: 5796): IV (VOTER_FW, 5000) -> (VOTER_DC_MODE, 9000)
01-19 21:59:54.155   182   182 I stm_ts_spi spi1.0: [sec_input] stm_ts_get_touch_function: touch_functions:61 ic_status:0
01-19 21:59:54.155   212   212 I stm_ts_spi spi1.0: [sec_input] stm_ts_wait_for_echo_event: event 43, 01, 30, 61, 00, 00, 00, 02, 00, 00, 00, 00, 00, 00, 00, 00
01-19 21:59:54.179   212   212 I stm_ts_spi spi1.0: [sec_input] stm_ts_wait_for_echo_event: event 43, 05, 01, 00, 00, 00, 00, 01, 00, 00, 00, 00, 00, 00, 00, 00
01-19 21:59:54.207   212   212 I stm_ts_spi spi1.0: [sec_input] stm_ts_wait_for_echo_event: event 43, 01, A0, 00, 01, 00, 00, 00, 00, 00, 00, 00, 00, 00, 00, 00
01-19 21:59:54.207   212   212 I stm_ts_spi spi1.0: [sec_input] stm_ts_set_scanmode: 0x01
01-19 21:59:54.207   212   212 I stm_ts_spi spi1.0: [sec_input] stm_ts_panel_ito_test: mode:4 [PASS] 00 00 00 00
01-19 21:59:54.207   212   212 I stm_ts_spi spi1.0: [sec_input] stm_ts_systemreset
01-19 21:59:54.217   212   212 I stm_ts_spi spi1.0: [sec_input] stm_ts_wait_for_ready: 49, 00, 10, 00, 00, 00, 00, 00
01-19 21:59:54.217   212   212 I stm_ts_spi spi1.0: [sec_input] stm_ts_fix_active_mode: 1 STM_TS_ACTIVE_TRUE
01-19 21:59:54.232   212   212 I stm_ts_spi spi1.0: [sec_input] stm_ts_get_jitter_result: event 43, 05, 01, 00, 00, 00, 00, 01
01-19 21:59:54.259   212   212 I stm_ts_spi spi1.0: [sec_input] stm_ts_get_jitter_result: event 43, 01, A0, 03, 00, 00, 00, 00
01-19 21:59:54.355   141   141 I thermal_sys: thermal: cdev[panel0-backlight:306]
01-19 21:59:54.355   141   141 I PM      : Active wake lock:
01-19 21:59:54.355   141   141 I PM      : sec-battery-vbus: active_count(1), active_time(3509), total_time(3509)
01-19 21:59:54.363   212   212 I stm_ts_spi spi1.0: [sec_input] stm_ts_get_jitter_result: event 43, 11, 01, 00, 00, 00, 00, 00
12-07 07:43:30.965   705   705 I recovery: module wsa884x_dlkm does not exist
12-07 07:43:30.965   705   705 E recovery: LoadWithAliases was unable to load wsa884x_dlkm
12-07 07:43:30.965   705   705 I recovery: module wsa883x_dlkm does not exist
12-07 07:43:30.965   705   705 E recovery: LoadWithAliases was unable to load wsa883x_dlkm
12-07 07:43:30.965   705   705 I recovery: module wlan_firmware_service does not exist
12-07 07:43:30.965   705   705 E recovery: LoadWithAliases was unable to load wlan_firmware_service
12-07 07:43:30.965   705   705 I recovery: module wcd_core_dlkm does not exist
12-07 07:43:30.965   705   705 E recovery: LoadWithAliases was unable to load wcd_core_dlkm
12-07 07:43:30.965   705   705 I recovery: module wcd9xxx_dlkm does not exist
12-07 07:43:30.965   705   705 E recovery: LoadWithAliases was unable to load wcd9xxx_dlkm
12-07 07:43:30.965   705   705 I recovery: module wcd938x_slave_dlkm does not exist
12-07 07:43:30.965   705   705 E recovery: LoadWithAliases was unable to load wcd938x_slave_dlkm
12-07 07:43:30.965   705   705 I recovery: module wcd938x_dlkm does not exist
12-07 07:43:30.965   705   705 E recovery: LoadWithAliases was unable to load wcd938x_dlkm
12-07 07:43:30.965   705   705 I recovery: module usbmon does not exist
12-07 07:43:30.965   705   705 E recovery: LoadWithAliases was unable to load usbmon
12-07 07:43:30.965   705   705 I recovery: module usb_f_qdss does not exist
12-07 07:43:30.965   705   705 E recovery: LoadWithAliases was unable to load usb_f_qdss
12-07 07:43:30.965   705   705 I recovery: module usb_f_gsi does not exist
12-07 07:43:30.965   705   705 E recovery: LoadWithAliases was unable to load usb_f_gsi
12-07 07:43:30.965   705   705 I recovery: module usb_f_diag does not exist
12-07 07:43:30.965   705   705 E recovery: LoadWithAliases was unable to load usb_f_diag
12-07 07:43:30.965   705   705 I recovery: module usb_f_cdev does not exist
12-07 07:43:30.965   705   705 E recovery: LoadWithAliases was unable to load usb_f_cdev
12-07 07:43:30.965   705   705 I recovery: module usb_f_ccid does not exist
12-07 07:43:30.965   705   705 E recovery: LoadWithAliases was unable to load usb_f_ccid
12-07 07:43:30.965   705   705 I recovery: module usb_bam does not exist
12-07 07:43:30.965   705   705 E recovery: LoadWithAliases was unable to load usb_bam
12-07 07:43:30.965   705   705 I recovery: module ucsi_glink does not exist
12-07 07:43:30.965   705   705 E recovery: LoadWithAliases was unable to load ucsi_glink
12-07 07:43:30.965   705   705 I recovery: module tz_log_dlkm does not exist
12-07 07:43:30.965   705   705 E recovery: LoadWithAliases was unable to load tz_log_dlkm
12-07 07:43:30.965   705   705 I recovery: module sysmon_subsystem_stats does not exist
12-07 07:43:30.966   705   705 E recovery: LoadWithAliases was unable to load sysmon_subsystem_stats
12-07 07:43:30.966   705   705 I recovery: module sys_pm_vx does not exist
12-07 07:43:30.966   705   705 E recovery: LoadWithAliases was unable to load sys_pm_vx
12-07 07:43:30.966   705   705 I recovery: module synx_driver does not exist
12-07 07:43:30.966   705   705 E recovery: LoadWithAliases was unable to load synx_driver
12-07 07:43:30.966   705   705 I recovery: module sync_fence does not exist
12-07 07:43:30.966   705   705 E recovery: LoadWithAliases was unable to load sync_fence
12-07 07:43:30.966   705   705 I recovery: module swr_haptics_dlkm does not exist
12-07 07:43:30.966   705   705 E recovery: LoadWithAliases was unable to load swr_haptics_dlkm
12-07 07:43:30.966   705   705 I recovery: module swr_dmic_dlkm does not exist
12-07 07:43:30.966   705   705 E recovery: LoadWithAliases was unable to load swr_dmic_dlkm
12-07 07:43:30.966   705   705 I recovery: module swr_dlkm does not exist
12-07 07:43:30.966   705   705 E recovery: LoadWithAliases was unable to load swr_dlkm
12-07 07:43:30.966   705   705 I recovery: module swr_ctrl_dlkm does not exist
12-07 07:43:30.966   705   705 E recovery: LoadWithAliases was unable to load swr_ctrl_dlkm
12-07 07:43:30.966   705   705 I recovery: module subsystem_sleep_stats does not exist
12-07 07:43:30.966   705   705 E recovery: LoadWithAliases was unable to load subsystem_sleep_stats
12-07 07:43:30.966   705   705 I recovery: module stub_dlkm does not exist
12-07 07:43:30.966   705   705 E recovery: LoadWithAliases was unable to load stub_dlkm
12-07 07:43:30.966   705   705 I recovery: module stm_p_ost does not exist
12-07 07:43:30.966   705   705 E recovery: LoadWithAliases was unable to load stm_p_ost
12-07 07:43:30.966   705   705 I recovery: module stm_p_basic does not exist
12-07 07:43:30.966   705   705 E recovery: LoadWithAliases was unable to load stm_p_basic
12-07 07:43:30.966   705   705 I recovery: module stm_ftrace does not exist
12-07 07:43:30.966   705   705 E recovery: LoadWithAliases was unable to load stm_ftrace
12-07 07:43:30.966   705   705 I recovery: module stm_core does not exist
12-07 07:43:30.966   705   705 E recovery: LoadWithAliases was unable to load stm_core
12-07 07:43:30.966   705   705 I recovery: module stm_console does not exist
12-07 07:43:30.966   705   705 E recovery: LoadWithAliases was unable to load stm_console
12-07 07:43:30.966   705   705 I recovery: module spss_utils does not exist
12-07 07:43:30.966   705   705 E recovery: LoadWithAliases was unable to load spss_utils
12-07 07:43:30.966   705   705 I recovery: module sps_drv does not exist
12-07 07:43:30.966   705   705 E recovery: LoadWithAliases was unable to load sps_drv
12-07 07:43:30.966   705   705 I recovery: module spi_msm_geni does not exist
12-07 07:43:30.966   705   705 E recovery: LoadWithAliases was unable to load spi_msm_geni
12-07 07:43:30.966   705   705 I recovery: module spf_core_dlkm does not exist
12-07 07:43:30.966   705   705 E recovery: LoadWithAliases was unable to load spf_core_dlkm
12-07 07:43:30.966   705   705 I recovery: module spcom does not exist
12-07 07:43:30.966   705   705 E recovery: LoadWithAliases was unable to load spcom
12-07 07:43:30.967   705   705 I recovery: module soc_sleep_stats does not exist
12-07 07:43:30.967   705   705 E recovery: LoadWithAliases was unable to load soc_sleep_stats
12-07 07:43:30.967   705   705 I recovery: module snd_event_dlkm does not exist
12-07 07:43:30.967   705   705 E recovery: LoadWithAliases was unable to load snd_event_dlkm
12-07 07:43:30.967   705   705 I recovery: module snd_usb_audio_qmi does not exist
12-07 07:43:30.967   705   705 E recovery: LoadWithAliases was unable to load snd_usb_audio_qmi
12-07 07:43:30.967   705   705 I recovery: module snd_soc_hdmi_codec does not exist
12-07 07:43:30.967   705   705 E recovery: LoadWithAliases was unable to load snd_soc_hdmi_codec
12-07 07:43:30.967   705   705 I recovery: module smsc95xx does not exist
12-07 07:43:30.967   705   705 E recovery: LoadWithAliases was unable to load smsc95xx
12-07 07:43:30.967   705   705 I recovery: module smsc75xx does not exist
12-07 07:43:30.967   705   705 E recovery: LoadWithAliases was unable to load smsc75xx
12-07 07:43:30.967   705   705 I recovery: module smsc does not exist
12-07 07:43:30.967   705   705 E recovery: LoadWithAliases was unable to load smsc
12-07 07:43:30.967   705   705 I recovery: module smp2p_sleepstate does not exist
12-07 07:43:30.967   705   705 E recovery: LoadWithAliases was unable to load smp2p_sleepstate
12-07 07:43:30.967   705   705 I recovery: module smp2p does not exist
12-07 07:43:30.967   705   705 E recovery: LoadWithAliases was unable to load smp2p
12-07 07:43:30.967   705   705 I recovery: module smcinvoke_dlkm does not exist
12-07 07:43:30.967   705   705 E recovery: LoadWithAliases was unable to load smcinvoke_dlkm
12-07 07:43:30.967   705   705 I recovery: module slimbus does not exist
12-07 07:43:30.967   705   705 E recovery: LoadWithAliases was unable to load slimbus
12-07 07:43:30.967   705   705 I recovery: module slim_qcom_ngd_ctrl does not exist
12-07 07:43:30.967   705   705 E recovery: LoadWithAliases was unable to load slim_qcom_ngd_ctrl
12-07 07:43:30.967   705   705 I recovery: module sg does not exist
12-07 07:43:30.967   705   705 E recovery: LoadWithAliases was unable to load sg
12-07 07:43:30.967   705   705 I recovery: module sdpm_clk does not exist
12-07 07:43:30.967   705   705 E recovery: LoadWithAliases was unable to load sdpm_clk
12-07 07:43:30.967   705   705 I recovery: module rproc_qcom_common does not exist
12-07 07:43:30.967   705   705 E recovery: LoadWithAliases was unable to load rproc_qcom_common
12-07 07:43:30.967   705   705 I recovery: module rproc_qcom_common does not exist
12-07 07:43:30.967   705   705 E recovery: LoadWithAliases was unable to load rproc_qcom_common
12-07 07:43:30.967   705   705 I recovery: module rndisipam does not exist
12-07 07:43:30.967   705   705 E recovery: LoadWithAliases was unable to load rndisipam
12-07 07:43:30.967   705   705 I recovery: module rmnet_wlan does not exist
12-07 07:43:30.967   705   705 E recovery: LoadWithAliases was unable to load rmnet_wlan
12-07 07:43:30.967   705   705 I recovery: module rmnet_shs does not exist
12-07 07:43:30.967   705   705 E recovery: LoadWithAliases was unable to load rmnet_shs
12-07 07:43:30.967   705   705 I recovery: module rmnet_sch does not exist
12-07 07:43:30.967   705   705 E recovery: LoadWithAliases was unable to load rmnet_sch
12-07 07:43:30.968   705   705 I recovery: module rmnet_perf_tether does not exist
12-07 07:43:30.968   705   705 E recovery: LoadWithAliases was unable to load rmnet_perf_tether
12-07 07:43:30.968   705   705 I recovery: module rmnet_perf does not exist
12-07 07:43:30.968   705   705 E recovery: LoadWithAliases was unable to load rmnet_perf
12-07 07:43:30.968   705   705 I recovery: module rmnet_offload does not exist
12-07 07:43:30.968   705   705 E recovery: LoadWithAliases was unable to load rmnet_offload
12-07 07:43:30.968   705   705 I recovery: module rmnet_ctl does not exist
12-07 07:43:30.968   705   705 E recovery: LoadWithAliases was unable to load rmnet_ctl
12-07 07:43:30.968   705   705 I recovery: module rmnet_core does not exist
12-07 07:43:30.968   705   705 E recovery: LoadWithAliases was unable to load rmnet_core
12-07 07:43:30.968   705   705 I recovery: module rmnet_aps does not exist
12-07 07:43:30.968   705   705 E recovery: LoadWithAliases was unable to load rmnet_aps
12-07 07:43:30.968   705   705 I recovery: module repeater does not exist
12-07 07:43:30.968   705   705 E recovery: LoadWithAliases was unable to load repeater
12-07 07:43:30.968   705   705 I recovery: module repeater_qti_pmic_eusb2 does not exist
12-07 07:43:30.968   705   705 E recovery: LoadWithAliases was unable to load repeater_qti_pmic_eusb2
12-07 07:43:30.968   705   705 I recovery: module repeater_i2c_eusb2 does not exist
12-07 07:43:30.968   705   705 E recovery: LoadWithAliases was unable to load repeater_i2c_eusb2
12-07 07:43:30.968   705   705 I recovery: module redriver does not exist
12-07 07:43:30.968   705   705 E recovery: LoadWithAliases was unable to load redriver
12-07 07:43:30.968   705   705 I recovery: module reboot_mode does not exist
12-07 07:43:30.968   705   705 E recovery: LoadWithAliases was unable to load reboot_mode
12-07 07:43:30.968   705   705 I recovery: module rdbg does not exist
12-07 07:43:30.968   705   705 E recovery: LoadWithAliases was unable to load rdbg
12-07 07:43:30.968   705   705 I recovery: module radio_i2c_rtc6226_qca does not exist
12-07 07:43:30.968   705   705 E recovery: LoadWithAliases was unable to load radio_i2c_rtc6226_qca
12-07 07:43:30.968   705   705 I recovery: module qti_userspace_cdev does not exist
12-07 07:43:30.968   705   705 E recovery: LoadWithAliases was unable to load qti_userspace_cdev
12-07 07:43:30.968   705   705 I recovery: module qti_qmi_sensor_v2 does not exist
12-07 07:43:30.968   705   705 E recovery: LoadWithAliases was unable to load qti_qmi_sensor_v2
12-07 07:43:30.968   705   705 I recovery: module qti_qmi_cdev does not exist
12-07 07:43:30.968   705   705 E recovery: LoadWithAliases was unable to load qti_qmi_cdev
12-07 07:43:30.968   705   705 I recovery: module qti_devfreq_cdev does not exist
12-07 07:43:30.968   705   705 E recovery: LoadWithAliases was unable to load qti_devfreq_cdev
12-07 07:43:30.968   705   705 I recovery: module qti_cpufreq_cdev does not exist
12-07 07:43:30.968   705   705 E recovery: LoadWithAliases was unable to load qti_cpufreq_cdev
12-07 07:43:30.968   705   705 I recovery: module qti_battery_charger does not exist
12-07 07:43:30.969   705   705 E recovery: LoadWithAliases was unable to load qti_battery_charger
12-07 07:43:30.969   705   705 I recovery: module qti_ocp_notifier does not exist
12-07 07:43:30.969   705   705 E recovery: LoadWithAliases was unable to load qti_ocp_notifier
12-07 07:43:30.969   705   705 I recovery: module qti_fixed_regulator does not exist
12-07 07:43:30.969   705   705 E recovery: LoadWithAliases was unable to load qti_fixed_regulator
12-07 07:43:30.969   705   705 I recovery: module qseecom_proxy does not exist
12-07 07:43:30.969   705   705 E recovery: LoadWithAliases was unable to load qseecom_proxy
12-07 07:43:30.969   705   705 I recovery: module qsee_ipc_irq_bridge does not exist
12-07 07:43:30.969   705   705 E recovery: LoadWithAliases was unable to load qsee_ipc_irq_bridge
12-07 07:43:30.969   705   705 I recovery: module qrtr_smd does not exist
12-07 07:43:30.969   705   705 E recovery: LoadWithAliases was unable to load qrtr_smd
12-07 07:43:30.969   705   705 I recovery: module qrtr_mhi does not exist
12-07 07:43:30.969   705   705 E recovery: LoadWithAliases was unable to load qrtr_mhi
12-07 07:43:30.969   705   705 I recovery: module qrtr_gunyah does not exist
12-07 07:43:30.969   705   705 E recovery: LoadWithAliases was unable to load qrtr_gunyah
12-07 07:43:30.969   705   705 I recovery: module qrng_dlkm does not exist
12-07 07:43:30.969   705   705 E recovery: LoadWithAliases was unable to load qrng_dlkm
12-07 07:43:30.969   705   705 I recovery: module qmi_helpers does not exist
12-07 07:43:30.969   705   705 E recovery: LoadWithAliases was unable to load qmi_helpers
12-07 07:43:30.969   705   705 I recovery: module qdss_bridge does not exist
12-07 07:43:30.969   705   705 E recovery: LoadWithAliases was unable to load qdss_bridge
12-07 07:43:30.969   705   705 I recovery: module qcrypto_msm_dlkm does not exist
12-07 07:43:30.969   705   705 E recovery: LoadWithAliases was unable to load qcrypto_msm_dlkm
12-07 07:43:30.969   705   705 I recovery: module qcom_va_minidump does not exist
12-07 07:43:30.969   705   705 E recovery: LoadWithAliases was unable to load qcom_va_minidump
12-07 07:43:30.969   705   705 I recovery: module qcom_sysmon does not exist
12-07 07:43:30.969   705   705 E recovery: LoadWithAliases was unable to load qcom_sysmon
